Archive member included because of file (symbol)

/mnt/n7fs/nxt/gcc-arm-none-eabi-4_9-2015q3//lib/gcc/arm-none-eabi/4.9.3//libgcc.a(_udivsi3.o)
                              build/obj/ecrobot_interface.c.o (__aeabi_uidiv)
/mnt/n7fs/nxt/gcc-arm-none-eabi-4_9-2015q3//lib/gcc/arm-none-eabi/4.9.3//libgcc.a(_divsi3.o)
                              build/obj/nxtSegway.c.o (__aeabi_idiv)
/mnt/n7fs/nxt/gcc-arm-none-eabi-4_9-2015q3//lib/gcc/arm-none-eabi/4.9.3//libgcc.a(_dvmd_tls.o)
                              /mnt/n7fs/nxt/gcc-arm-none-eabi-4_9-2015q3//lib/gcc/arm-none-eabi/4.9.3//libgcc.a(_udivsi3.o) (__aeabi_idiv0)
/mnt/n7fs/nxt/gcc-arm-none-eabi-4_9-2015q3//lib/gcc/arm-none-eabi/4.9.3//libgcc.a(_arm_addsubdf3.o)
                              build/obj/tools.c.o (__aeabi_dsub)
/mnt/n7fs/nxt/gcc-arm-none-eabi-4_9-2015q3//lib/gcc/arm-none-eabi/4.9.3//libgcc.a(_arm_muldivdf3.o)
                              build/obj/nxtSegway.c.o (__aeabi_dmul)
/mnt/n7fs/nxt/gcc-arm-none-eabi-4_9-2015q3//lib/gcc/arm-none-eabi/4.9.3//libgcc.a(_arm_fixdfsi.o)
                              build/obj/nxtSegway.c.o (__aeabi_d2iz)
/mnt/n7fs/nxt/gcc-arm-none-eabi-4_9-2015q3//lib/gcc/arm-none-eabi/4.9.3//libgcc.a(_arm_truncdfsf2.o)
                              build/obj/tools.c.o (__aeabi_d2f)
/mnt/n7fs/nxt/gcc-arm-none-eabi-4_9-2015q3//lib/gcc/arm-none-eabi/4.9.3//libgcc.a(_arm_addsubsf3.o)
                              build/obj/nxtSegway.c.o (__aeabi_fsub)
/mnt/n7fs/nxt/gcc-arm-none-eabi-4_9-2015q3//lib/gcc/arm-none-eabi/4.9.3//libgcc.a(_arm_muldivsf3.o)
                              build/obj/nxtSegway.c.o (__aeabi_fmul)
/mnt/n7fs/nxt/gcc-arm-none-eabi-4_9-2015q3//lib/gcc/arm-none-eabi/4.9.3//libgcc.a(_arm_cmpsf2.o)
                              build/obj/tools.c.o (__aeabi_fcmplt)
/mnt/n7fs/nxt/gcc-arm-none-eabi-4_9-2015q3//lib/gcc/arm-none-eabi/4.9.3//libgcc.a(_arm_fixsfsi.o)
                              build/obj/tools.c.o (__aeabi_f2iz)
/mnt/n7fs/nxt/gcc-arm-none-eabi-4_9-2015q3//lib/gcc/arm-none-eabi/4.9.3//libgcc.a(_aeabi_ldivmod.o)
                              build/obj/sound.c.o (__aeabi_ldivmod)
/mnt/n7fs/nxt/gcc-arm-none-eabi-4_9-2015q3//lib/gcc/arm-none-eabi/4.9.3//libgcc.a(bpabi.o)
                              /mnt/n7fs/nxt/gcc-arm-none-eabi-4_9-2015q3//lib/gcc/arm-none-eabi/4.9.3//libgcc.a(_aeabi_ldivmod.o) (__gnu_ldivmod_helper)
/mnt/n7fs/nxt/gcc-arm-none-eabi-4_9-2015q3//lib/gcc/arm-none-eabi/4.9.3//libgcc.a(_divdi3.o)
                              /mnt/n7fs/nxt/gcc-arm-none-eabi-4_9-2015q3//lib/gcc/arm-none-eabi/4.9.3//libgcc.a(bpabi.o) (__divdi3)
/mnt/n7fs/nxt/gcc-arm-none-eabi-4_9-2015q3//lib/gcc/arm-none-eabi/4.9.3//libgcc.a(_udivdi3.o)
                              /mnt/n7fs/nxt/gcc-arm-none-eabi-4_9-2015q3//lib/gcc/arm-none-eabi/4.9.3//libgcc.a(bpabi.o) (__udivdi3)
/mnt/n7fs/nxt/gcc-arm-none-eabi-4_9-2015q3//lib/gcc/arm-none-eabi/4.9.3//libgcc.a(_clzdi2.o)
                              /mnt/n7fs/nxt/gcc-arm-none-eabi-4_9-2015q3//lib/gcc/arm-none-eabi/4.9.3//libgcc.a(_divdi3.o) (__clzdi2)
/mnt/n7fs/nxt/gcc-arm-none-eabi-4_9-2015q3//lib/gcc/arm-none-eabi/4.9.3//libgcc.a(_clzsi2.o)
                              /mnt/n7fs/nxt/gcc-arm-none-eabi-4_9-2015q3//lib/gcc/arm-none-eabi/4.9.3//libgcc.a(_clzdi2.o) (__clzsi2)
/mnt/n7fs/nxt/gcc-arm-none-eabi-4_9-2015q3//arm-none-eabi/lib/libc.a(lib_a-memcpy.o)
                              build/obj/ecrobot_usb.c.o (memcpy)
/mnt/n7fs/nxt/gcc-arm-none-eabi-4_9-2015q3//arm-none-eabi/lib/libc.a(lib_a-memset.o)
                              build/obj/ecrobot_usb.c.o (memset)
/mnt/n7fs/nxt/gcc-arm-none-eabi-4_9-2015q3//arm-none-eabi/lib/libc.a(lib_a-strcmp.o)
                              build/obj/ecrobot_usb.c.o (strcmp)
/mnt/n7fs/nxt/gcc-arm-none-eabi-4_9-2015q3//arm-none-eabi/lib/libc.a(lib_a-strcpy.o)
                              build/obj/ecrobot_usb.c.o (strcpy)
/mnt/n7fs/nxt/gcc-arm-none-eabi-4_9-2015q3//arm-none-eabi/lib/libc.a(lib_a-strlen.o)
                              build/obj/ecrobot_base.c.o (strlen)
/mnt/n7fs/nxt/gcc-arm-none-eabi-4_9-2015q3//arm-none-eabi/lib/libc.a(lib_a-strncpy.o)
                              build/obj/ecrobot_bluetooth.c.o (strncpy)

Allocating common symbols
Common symbol       size              file

x                   0x10              build/obj/nxtSegway.c.o
avg_cnt             0x4               build/obj/nxtSegway.c.o
setpoint            0x4               build/obj/nxtSegway.c.o
display_x           0x4               build/obj/display.c.o
gyro_offset_sum     0x4               build/obj/nxtSegway.c.o
in_buf              0x100             build/obj/bt.c.o
gyro_offset         0x4               build/obj/nxtSegway.c.o
y                   0x8               build/obj/nxtSegway.c.o
display_y           0x4               build/obj/display.c.o
bt_frame            0x80              build/obj/bt.c.o
u                   0x4               build/obj/nxtSegway.c.o
sample              0x31c             build/obj/sound.c.o

Discarded input sections

[...]
Memory Configuration

Name             Origin             Length             Attributes
header_ram       0x001ffff0         0x00000010
vector_ram       0x00200000         0x00000040
ram              0x00200040         0x0000ffc0
*default*        0x00000000         0xffffffff

Linker script and memory map

LOAD build/obj/nxtSegway.c.o
LOAD build/obj/tools.c.o
LOAD build/obj/tpl_dispatch_table.c.o
LOAD build/obj/tpl_invoque.S.o
LOAD build/obj/tpl_os_alarm_kernel.c.o
LOAD build/obj/tpl_os_event_kernel.c.o
LOAD build/obj/tpl_os_it_kernel.c.o
LOAD build/obj/tpl_os_rez_kernel.c.o
LOAD build/obj/tpl_os_task_kernel.c.o
LOAD build/obj/tpl_os_timeobj_kernel.c.o
LOAD build/obj/tpl_os_kernel.c.o
LOAD build/obj/tpl_os_action.c.o
LOAD build/obj/tpl_os_error.c.o
LOAD build/obj/tpl_os.c.o
LOAD build/obj/tpl_machine_arm_generic.c.o
LOAD build/obj/tpl_irq.S.o
LOAD build/obj/tpl_system_call.S.o
LOAD build/obj/tpl_stacks.S.o
LOAD build/obj/tpl_vector_table.s.o
LOAD build/obj/nxt_tpl_sleep.S.o
LOAD build/obj/nxt_tpl_stubs.c.o
LOAD build/obj/nxt_irq.c.o
LOAD build/obj/nxt_exception_catch.S.o
LOAD build/obj/nxt_bootstrap_stage1.S.o
LOAD build/obj/nxt_exception_catch.c.o
LOAD build/obj/nxt_binary_header.s.o
LOAD build/obj/nxt_entry_point.s.o
LOAD build/obj/interrupts.s.o
LOAD build/obj/ecrobot_usb.c.o
LOAD build/obj/ecrobot_interface.c.o
LOAD build/obj/ecrobot_device_hook.c.o
LOAD build/obj/ecrobot_bluetooth.c.o
LOAD build/obj/ecrobot_HiTechnic.c.o
LOAD build/obj/ecrobot_base.c.o
LOAD build/obj/flash_loader.c.o
LOAD build/obj/bios_display.c.o
LOAD build/obj/byte_fifo.c.o
LOAD build/obj/aic.c.o
LOAD build/obj/nxt_avr.c.o
LOAD build/obj/i2c.c.o
LOAD build/obj/systick.c.o
LOAD build/obj/nxt_motors.c.o
LOAD build/obj/bt.c.o
LOAD build/obj/display.c.o
LOAD build/obj/sensors.c.o
LOAD build/obj/twi.c.o
LOAD build/obj/nxt_lcd.c.o
LOAD build/obj/nxt_spi.c.o
LOAD build/obj/flashprog.c.o
LOAD build/obj/sound.c.o
LOAD build/obj/buttons.c.o
LOAD build/obj/tpl_app_config.c.o
LOAD /mnt/n7fs/nxt/gcc-arm-none-eabi-4_9-2015q3//lib/gcc/arm-none-eabi/4.9.3//libgcc.a
LOAD /mnt/n7fs/nxt/gcc-arm-none-eabi-4_9-2015q3//arm-none-eabi/lib/libc.a
                0x00200000                RAM_BASE = 0x200000
                0x00010000                RAM_SIZE = 0x10000

.header         0x001ffff0       0x10
 *nxt_binary_header.s.o(*.text *.text.*)
 .text          0x001ffff0       0x10 build/obj/nxt_binary_header.s.o
                0x00200000                . = ALIGN (0x10)

.vectors        0x00200000       0x40
 *tpl_vector_table.s.o(*.vectbl *.text.*)
 .vectbl        0x00200000       0x3c build/obj/tpl_vector_table.s.o
                0x00200000                Vec_reset
                0x00200040                . = ALIGN (0x10)
 *fill*         0x0020003c        0x4 
                0x00200000                __vectors_ram_start__ = ADDR (.vectors)
                0x00200040                __vectors_ram_end__ = (ADDR (.vectors) + SIZEOF (.vectors))
                0x00200000                __vectors_load_start__ = LOADADDR (.vectors)
                0x00200040                __vectors_load_end__ = (LOADADDR (.vectors) + SIZEOF (.vectors))

.entry          0x00200040       0x40
 *nxt_entry_point.s.o(*.text *.text.*)
 .text          0x00200040       0x38 build/obj/nxt_entry_point.s.o
                0x00200040                NXT_Entry_Point
                0x00200080                . = ALIGN (0x10)
 *fill*         0x00200078        0x8 
                0x00200080                . = ALIGN (0x4)

ostext          0x00200080     0x1b48
 *(.osCode)
 .osCode        0x00200080      0x3a4 build/obj/tpl_os_alarm_kernel.c.o
                0x00200080                tpl_raise_alarm
                0x00200090                tpl_get_alarm_base_service
                0x00200108                tpl_get_alarm_service
                0x00200198                tpl_set_rel_alarm_service
                0x002002b4                tpl_set_abs_alarm_service
                0x002003b0                tpl_cancel_alarm_service
 .osCode        0x00200424      0x198 build/obj/tpl_os_event_kernel.c.o
                0x00200424                tpl_set_event_service
                0x002004a8                tpl_clear_event_service
                0x002004e4                tpl_get_event_service
                0x00200568                tpl_wait_event_service
 .osCode        0x002005bc      0x304 build/obj/tpl_os_it_kernel.c.o
                0x00200618                tpl_get_interrupt_lock_status
                0x00200650                tpl_reset_interrupt_lock_status
                0x00200674                tpl_suspend_all_interrupts_service
                0x002006a4                tpl_resume_all_interrupts_service
                0x002006e4                tpl_disable_all_interrupts_service
                0x0020071c                tpl_enable_all_interrupts_service
                0x00200744                tpl_suspend_os_interrupts_service
                0x00200774                tpl_resume_os_interrupts_service
                0x002007b4                tpl_terminate_isr2_service
                0x00200810                tpl_null_it
                0x00200814                tpl_central_interrupt_handler
                0x002008b4                tpl_central_interrupt_handler_2
 .osCode        0x002008c0      0x1c4 build/obj/tpl_os_rez_kernel.c.o
                0x002008c0                tpl_release_all_resources
                0x00200908                tpl_get_resource_service
                0x002009d0                tpl_release_resource_service
 .osCode        0x00200a84      0x280 build/obj/tpl_os_task_kernel.c.o
                0x00200a84                tpl_activate_task_service
                0x00200ae8                tpl_terminate_task_service
                0x00200b44                tpl_chain_task_service
                0x00200c00                tpl_schedule_service
                0x00200c60                tpl_get_task_id_service
                0x00200ca0                tpl_get_task_state_service
 .osCode        0x00200d04      0x258 build/obj/tpl_os_timeobj_kernel.c.o
                0x00200d04                tpl_enable_counters
                0x00200d18                tpl_insert_time_obj
                0x00200de0                tpl_remove_time_obj
                0x00200e30                tpl_counter_tick
 .osCode        0x00200f5c      0x654 build/obj/tpl_os_kernel.c.o
                0x00200ff4                tpl_put_preempted_proc
                0x00201074                tpl_put_new_proc
                0x002010fc                tpl_current_os_state
                0x00201138                tpl_get_internal_resource
                0x00201184                tpl_release_internal_resource
                0x002011c4                tpl_activate_task
                0x0020121c                tpl_set_event
                0x00201224                tpl_init_proc
                0x0020125c                tpl_schedule_from_running
                0x002012f8                tpl_schedule_from_dying
                0x00201384                tpl_schedule_from_waiting
                0x00201400                tpl_start_scheduling
                0x00201460                tpl_init_os
                0x002014e4                tpl_get_active_application_mode_service
                0x00201500                tpl_start_os_service
                0x00201530                tpl_shutdown_os_service
                0x00201540                tpl_call_terminate_task_service
                0x00201578                tpl_call_terminate_isr2_service
 .osCode        0x002015b0       0x4c build/obj/tpl_os_action.c.o
                0x002015b0                tpl_action_callback
                0x002015cc                tpl_action_activate_task
                0x002015e0                tpl_action_setevent
 .osCode        0x002015fc       0xa0 build/obj/tpl_machine_arm_generic.c.o
                0x002015fc                tpl_init_machine_generic
                0x00201610                tpl_get_task_lock
                0x00201614                tpl_release_task_lock
                0x00201618                tpl_enable_interrupts
                0x00201628                tpl_disable_interrupts
                0x00201644                tpl_init_context
                0x00201694                tpl_check_stack_footprint
 .osCode        0x0020169c       0xd4 build/obj/tpl_irq.S.o
                0x0020169c                tpl_primary_irq_handler
 .osCode        0x00201770      0x11c build/obj/tpl_system_call.S.o
                0x00201770                tpl_primary_syscall_handler
 .osCode        0x0020188c        0x4 build/obj/nxt_tpl_sleep.S.o
                0x0020188c                tpl_sleep
 .osCode        0x00201890       0x80 build/obj/nxt_tpl_stubs.c.o
                0x00201890                tpl_init_machine
                0x002018cc                tpl_shutdown
 .osCode        0x00201910       0x58 build/obj/nxt_irq.c.o
                0x00201910                tpl_arm_subarch_irq_handler
                0x00201964                tpl_arm_subarch_fiq_handler
 .osCode        0x00201968       0xf0 build/obj/nxt_exception_catch.S.o
                0x00201968                primary_undefined_instruction_handler
                0x002019a0                primary_prefetch_abort_handler
                0x002019d8                primary_data_abort_handler
                0x00201a10                primary_unused_handler
                0x00201a48                tpl_primary_fiq_handler
 .osCode        0x00201a58       0x50 build/obj/nxt_bootstrap_stage1.S.o
                0x00201a58                tpl_arm_bootstrap_entry
 .osCode        0x00201aa8      0x120 build/obj/tpl_app_config.c.o
                0x00201aa8                tpl_interrupt_source_2
                0x00201ab8                tpl_interrupt_source_5
                0x00201ac8                tpl_interrupt_source_7
                0x00201ad8                tpl_interrupt_source_9
                0x00201ae8                tpl_interrupt_source_10
                0x00201af8                tpl_interrupt_source_12
                0x00201b08                tpl_interrupt_source_15
                0x00201b1c                tpl_interrupt_source_16
                0x00201b30                tpl_interrupt_source_17
                0x00201b44                tpl_interrupt_source_18
                0x00201b58                tpl_interrupt_source_30
                0x00201b68                tpl_tick_it_timer1
                0x00201bb4                tpl_interrupt_source_1
 *(.appCommonCode)
                0x00201bc8                . = ALIGN (0x4)

osconst         0x00201bc8      0x2b0
 *(.osConst)
 .osConst       0x00201bc8       0x70 build/obj/tpl_dispatch_table.c.o
                0x00201bc8                tpl_dispatch_table
 .osConst       0x00201c38       0x1a build/obj/tpl_os_kernel.c.o
                0x00201c38                idle_task_static
                0x00201c50                INVALID_TASK
                0x00201c51                INVALID_PROC
 *fill*         0x00201c52        0x2 
 .osConst       0x00201c54      0x224 build/obj/tpl_app_config.c.o
                0x00201c54                tpl_ready_list
                0x00201c74                tpl_alarm_table
                0x00201c7c                alarm_pendule_static
                0x00201c88                alarm_pendule_action
                0x00201c90                alarm_affichage_static
                0x00201c9c                alarm_affichage_action
                0x00201ca4                tpl_isr_stat_table
                0x00201cb4                tpl_dyn_proc_table
                0x00201cd0                tpl_stat_proc_table
                0x00201cec                tpl_it_vector
                0x00201de4                isr_button_stop_isr_stat_desc
                0x00201dfc                isr_button_start_isr_stat_desc
                0x00201e14                isr_button_right_isr_stat_desc
                0x00201e2c                isr_button_left_isr_stat_desc
                0x00201e44                pendule_task_stat_desc
                0x00201e5c                affichage_task_stat_desc
                0x00201e74                tpl_resource_table
                0x00201e78                . = ALIGN (0x4)

osvars          0x00201e78     0x1fa0
 *(.osVar)
 .osVar         0x00201e78       0x14 build/obj/tpl_os_it_kernel.c.o
                0x00201e78                tpl_user_task_lock
                0x00201e7c                tpl_cpt_user_task_lock_OS
                0x00201e80                tpl_cpt_user_task_lock_All
                0x00201e84                tpl_cpt_os_task_lock
                0x00201e88                tpl_locking_depth
 .osVar         0x00201e8c        0x8 build/obj/tpl_os_rez_kernel.c.o
                0x00201e8c                res_sched_rez_desc
 .osVar         0x00201e94       0x28 build/obj/tpl_os_kernel.c.o
                0x00201e94                tpl_h_prio
                0x00201e98                tpl_kern
                0x00201eb1                INTERNAL_RES_SCHEDULER
                0x00201eb4                idle_task
 .osVar         0x00201ebc      0x110 build/obj/tpl_machine_arm_generic.c.o
                0x00201ebc                nested_kernel_entrance_counter
                0x00201ec0                idle_task_context
                0x00201f04                idle_stack
 .osVar         0x00201fcc      0x24c build/obj/tpl_app_config.c.o
                0x00201fcc                compteur_counter_desc
                0x00201fe9                tpl_fifo_rw
                0x00201ff1                tpl_priority_3_fifo
                0x00201ffd                tpl_priority_2_fifo
                0x00201fff                tpl_priority_1_fifo
                0x00202000                tpl_priority_0_fifo
                0x00202004                alarm_pendule_alarm_desc
                0x0020201c                alarm_affichage_alarm_desc
                0x00202034                isr_button_stop_isr_desc
                0x0020203c                isr_button_stop_int_context
                0x00202080                isr_button_start_isr_desc
                0x00202088                isr_button_start_int_context
                0x002020cc                isr_button_right_isr_desc
                0x002020d4                isr_button_right_int_context
                0x00202118                isr_button_left_isr_desc
                0x00202120                isr_button_left_int_context
                0x00202164                pendule_task_desc
                0x0020216c                pendule_int_context
                0x002021b0                affichage_task_desc
                0x002021b8                affichage_int_context
                0x002021fc                SystemCounter_counter_desc
 *(.stacks)
 .stacks        0x00202218     0x1c00 build/obj/tpl_stacks.S.o
                0x00202218                irq_stack_top
                0x00202618                fiq_stack_top
                0x00202618                irq_stack_bottom
                0x00202a18                fiq_stack_bottom
                0x00202a18                svc_stack_top
                0x00203218                svc_stack_bottom
                0x00203218                abt_stack_top
                0x00203618                abt_stack_bottom
                0x00203618                und_stack_top
                0x00203a18                und_stack_bottom
                0x00203a18                usr_stack_top
                0x00203e18                usr_stack_bottom

apptext         0x00203e20      0x16c
                0x00203e20                __SEG_START_APP_CODE_CONST_RGN = .
 *(.osApiConst)
 *(.osApiCode)
 .osApiCode     0x00203e20      0x150 build/obj/tpl_invoque.S.o
                0x00203e20                ActivateTask
                0x00203e2c                TerminateTask
                0x00203e38                ChainTask
                0x00203e44                Schedule
                0x00203e50                GetTaskID
                0x00203e5c                GetTaskState
                0x00203e68                EnableAllInterrupts
                0x00203e74                DisableAllInterrupts
                0x00203e80                ResumeAllInterrupts
                0x00203e8c                SuspendAllInterrupts
                0x00203e98                ResumeOSInterrupts
                0x00203ea4                SuspendOSInterrupts
                0x00203eb0                GetResource
                0x00203ebc                ReleaseResource
                0x00203ec8                SetEvent
                0x00203ed4                ClearEvent
                0x00203ee0                GetEvent
                0x00203eec                WaitEvent
                0x00203ef8                GetAlarmBase
                0x00203f04                GetAlarm
                0x00203f10                SetRelAlarm
                0x00203f1c                SetAbsAlarm
                0x00203f28                CancelAlarm
                0x00203f34                GetActiveApplicationMode
                0x00203f40                tpl_start_os
                0x00203f4c                ShutdownOS
                0x00203f58                CallTerminateTask
                0x00203f64                CallTerminateISR2
 .osApiCode     0x00203f70       0x1c build/obj/tpl_os.c.o
                0x00203f70                StartOS
 *(.Task_affichageCode)
 *(.Task_penduleCode)
 *(.ISR_isr_button_leftCode)
 *(.ISR_isr_button_rightCode)
 *(.ISR_isr_button_startCode)
 *(.ISR_isr_button_stopCode)

appconst        0x00203f90        0x0

procconst       0x00203f90        0x0
 *(.Task_affichage_SEC_CONST_32BIT)
 *(.Task_affichage_SEC_CALIB_32BIT)
 *(.Task_affichage_SEC_CARTO_32BIT)
 *(.Task_affichage_SEC_CONFIG_DATA_32BIT)
 *(.Task_affichage_SEC_CONST_16BIT)
 *(.Task_affichage_SEC_CALIB_16BIT)
 *(.Task_affichage_SEC_CARTO_16BIT)
 *(.Task_affichage_SEC_CONFIG_DATA_16BIT)
 *(.Task_affichage_SEC_CONST_8BIT)
 *(.Task_affichage_SEC_CALIB_8BIT)
 *(.Task_affichage_SEC_CARTO_8BIT)
 *(.Task_affichage_SEC_CONFIG_DATA_8BIT)
 *(.Task_affichage_SEC_CONST_BOOLEAN)
 *(.Task_affichage_SEC_CALIB_BOOLEAN)
 *(.Task_affichage_SEC_CARTO_BOOLEAN)
 *(.Task_affichage_SEC_CONFIG_DATA_BOOLEAN)
 *(.Task_affichage_SEC_CONST_UNSPECIFIED)
 *(.Task_affichage_SEC_CALIB_UNSPECIFIED)
 *(.Task_affichage_SEC_CARTO_UNSPECIFIED)
 *(.Task_affichage_SEC_CONFIG_DATA_UNSPECIFIED)
 *(.Task_pendule_SEC_CONST_32BIT)
 *(.Task_pendule_SEC_CALIB_32BIT)
 *(.Task_pendule_SEC_CARTO_32BIT)
 *(.Task_pendule_SEC_CONFIG_DATA_32BIT)
 *(.Task_pendule_SEC_CONST_16BIT)
 *(.Task_pendule_SEC_CALIB_16BIT)
 *(.Task_pendule_SEC_CARTO_16BIT)
 *(.Task_pendule_SEC_CONFIG_DATA_16BIT)
 *(.Task_pendule_SEC_CONST_8BIT)
 *(.Task_pendule_SEC_CALIB_8BIT)
 *(.Task_pendule_SEC_CARTO_8BIT)
 *(.Task_pendule_SEC_CONFIG_DATA_8BIT)
 *(.Task_pendule_SEC_CONST_BOOLEAN)
 *(.Task_pendule_SEC_CALIB_BOOLEAN)
 *(.Task_pendule_SEC_CARTO_BOOLEAN)
 *(.Task_pendule_SEC_CONFIG_DATA_BOOLEAN)
 *(.Task_pendule_SEC_CONST_UNSPECIFIED)
 *(.Task_pendule_SEC_CALIB_UNSPECIFIED)
 *(.Task_pendule_SEC_CARTO_UNSPECIFIED)
 *(.Task_pendule_SEC_CONFIG_DATA_UNSPECIFIED)
 *(.ISR_isr_button_left_SEC_CONST_32BIT)
 *(.ISR_isr_button_left_SEC_CALIB_32BIT)
 *(.ISR_isr_button_left_SEC_CARTO_32BIT)
 *(.ISR_isr_button_left_SEC_CONFIG_DATA_32BIT)
 *(.ISR_isr_button_left_SEC_CONST_16BIT)
 *(.ISR_isr_button_left_SEC_CALIB_16BIT)
 *(.ISR_isr_button_left_SEC_CARTO_16BIT)
 *(.ISR_isr_button_left_SEC_CONFIG_DATA_16BIT)
 *(.ISR_isr_button_left_SEC_CONST_8BIT)
 *(.ISR_isr_button_left_SEC_CALIB_8BIT)
 *(.ISR_isr_button_left_SEC_CARTO_8BIT)
 *(.ISR_isr_button_left_SEC_CONFIG_DATA_8BIT)
 *(.ISR_isr_button_left_SEC_CONST_BOOLEAN)
 *(.ISR_isr_button_left_SEC_CALIB_BOOLEAN)
 *(.ISR_isr_button_left_SEC_CARTO_BOOLEAN)
 *(.ISR_isr_button_left_SEC_CONFIG_DATA_BOOLEAN)
 *(.ISR_isr_button_left_SEC_CONST_UNSPECIFIED)
 *(.ISR_isr_button_left_SEC_CALIB_UNSPECIFIED)
 *(.ISR_isr_button_left_SEC_CARTO_UNSPECIFIED)
 *(.ISR_isr_button_left_SEC_CONFIG_DATA_UNSPECIFIED)
 *(.ISR_isr_button_right_SEC_CONST_32BIT)
 *(.ISR_isr_button_right_SEC_CALIB_32BIT)
 *(.ISR_isr_button_right_SEC_CARTO_32BIT)
 *(.ISR_isr_button_right_SEC_CONFIG_DATA_32BIT)
 *(.ISR_isr_button_right_SEC_CONST_16BIT)
 *(.ISR_isr_button_right_SEC_CALIB_16BIT)
 *(.ISR_isr_button_right_SEC_CARTO_16BIT)
 *(.ISR_isr_button_right_SEC_CONFIG_DATA_16BIT)
 *(.ISR_isr_button_right_SEC_CONST_8BIT)
 *(.ISR_isr_button_right_SEC_CALIB_8BIT)
 *(.ISR_isr_button_right_SEC_CARTO_8BIT)
 *(.ISR_isr_button_right_SEC_CONFIG_DATA_8BIT)
 *(.ISR_isr_button_right_SEC_CONST_BOOLEAN)
 *(.ISR_isr_button_right_SEC_CALIB_BOOLEAN)
 *(.ISR_isr_button_right_SEC_CARTO_BOOLEAN)
 *(.ISR_isr_button_right_SEC_CONFIG_DATA_BOOLEAN)
 *(.ISR_isr_button_right_SEC_CONST_UNSPECIFIED)
 *(.ISR_isr_button_right_SEC_CALIB_UNSPECIFIED)
 *(.ISR_isr_button_right_SEC_CARTO_UNSPECIFIED)
 *(.ISR_isr_button_right_SEC_CONFIG_DATA_UNSPECIFIED)
 *(.ISR_isr_button_start_SEC_CONST_32BIT)
 *(.ISR_isr_button_start_SEC_CALIB_32BIT)
 *(.ISR_isr_button_start_SEC_CARTO_32BIT)
 *(.ISR_isr_button_start_SEC_CONFIG_DATA_32BIT)
 *(.ISR_isr_button_start_SEC_CONST_16BIT)
 *(.ISR_isr_button_start_SEC_CALIB_16BIT)
 *(.ISR_isr_button_start_SEC_CARTO_16BIT)
 *(.ISR_isr_button_start_SEC_CONFIG_DATA_16BIT)
 *(.ISR_isr_button_start_SEC_CONST_8BIT)
 *(.ISR_isr_button_start_SEC_CALIB_8BIT)
 *(.ISR_isr_button_start_SEC_CARTO_8BIT)
 *(.ISR_isr_button_start_SEC_CONFIG_DATA_8BIT)
 *(.ISR_isr_button_start_SEC_CONST_BOOLEAN)
 *(.ISR_isr_button_start_SEC_CALIB_BOOLEAN)
 *(.ISR_isr_button_start_SEC_CARTO_BOOLEAN)
 *(.ISR_isr_button_start_SEC_CONFIG_DATA_BOOLEAN)
 *(.ISR_isr_button_start_SEC_CONST_UNSPECIFIED)
 *(.ISR_isr_button_start_SEC_CALIB_UNSPECIFIED)
 *(.ISR_isr_button_start_SEC_CARTO_UNSPECIFIED)
 *(.ISR_isr_button_start_SEC_CONFIG_DATA_UNSPECIFIED)
 *(.ISR_isr_button_stop_SEC_CONST_32BIT)
 *(.ISR_isr_button_stop_SEC_CALIB_32BIT)
 *(.ISR_isr_button_stop_SEC_CARTO_32BIT)
 *(.ISR_isr_button_stop_SEC_CONFIG_DATA_32BIT)
 *(.ISR_isr_button_stop_SEC_CONST_16BIT)
 *(.ISR_isr_button_stop_SEC_CALIB_16BIT)
 *(.ISR_isr_button_stop_SEC_CARTO_16BIT)
 *(.ISR_isr_button_stop_SEC_CONFIG_DATA_16BIT)
 *(.ISR_isr_button_stop_SEC_CONST_8BIT)
 *(.ISR_isr_button_stop_SEC_CALIB_8BIT)
 *(.ISR_isr_button_stop_SEC_CARTO_8BIT)
 *(.ISR_isr_button_stop_SEC_CONFIG_DATA_8BIT)
 *(.ISR_isr_button_stop_SEC_CONST_BOOLEAN)
 *(.ISR_isr_button_stop_SEC_CALIB_BOOLEAN)
 *(.ISR_isr_button_stop_SEC_CARTO_BOOLEAN)
 *(.ISR_isr_button_stop_SEC_CONFIG_DATA_BOOLEAN)
 *(.ISR_isr_button_stop_SEC_CONST_UNSPECIFIED)
 *(.ISR_isr_button_stop_SEC_CALIB_UNSPECIFIED)
 *(.ISR_isr_button_stop_SEC_CARTO_UNSPECIFIED)
 *(.ISR_isr_button_stop_SEC_CONFIG_DATA_UNSPECIFIED)
                0x00203f90                . = ALIGN (0x10)
                0x00203f8f                __SEG_STOP_APP_CODE_CONST_RGN = (. - 0x1)

procvars        0x00203f8c        0x0
                0x00203f8c                __SEG_START_Task_affichage_VAR_RGN = .
 *(.Task_affichage_SEC_VAR_NOINIT_32BIT)
 *(.Task_affichage_SEC_VAR_POWER_ON_INIT_32BIT)
 *(.Task_affichage_SEC_VAR_FAST_32BIT)
 *(.Task_affichage_SEC_VAR_32BIT)
 *(.Task_affichage_SEC_VAR_NOINIT_16BIT)
 *(.Task_affichage_SEC_VAR_POWER_ON_INIT_16BIT)
 *(.Task_affichage_SEC_VAR_FAST_16BIT)
 *(.Task_affichage_SEC_VAR_16BIT)
 *(.Task_affichage_SEC_VAR_NOINIT_8BIT)
 *(.Task_affichage_SEC_VAR_POWER_ON_INIT_8BIT)
 *(.Task_affichage_SEC_VAR_FAST_8BIT)
 *(.Task_affichage_SEC_VAR_8BIT)
 *(.Task_affichage_SEC_VAR_NOINIT_BOOLEAN)
 *(.Task_affichage_SEC_VAR_POWER_ON_INIT_BOOLEAN)
 *(.Task_affichage_SEC_VAR_FAST_BOOLEAN)
 *(.Task_affichage_SEC_VAR_BOOLEAN)
 *(.Task_affichage_SEC_VAR_NOINIT_UNSPECIFIED)
 *(.Task_affichage_SEC_VAR_POWER_ON_INIT_UNSPECIFIED)
 *(.Task_affichage_SEC_VAR_FAST_UNSPECIFIED)
 *(.Task_affichage_SEC_VAR_UNSPECIFIED)
                0x00203f8f                __SEG_END_Task_affichage_VAR_RGN = (ALIGN (0x10) - 0x1)
                0x00203f8c                __SEG_START_Task_pendule_VAR_RGN = .
 *(.Task_pendule_SEC_VAR_NOINIT_32BIT)
 *(.Task_pendule_SEC_VAR_POWER_ON_INIT_32BIT)
 *(.Task_pendule_SEC_VAR_FAST_32BIT)
 *(.Task_pendule_SEC_VAR_32BIT)
 *(.Task_pendule_SEC_VAR_NOINIT_16BIT)
 *(.Task_pendule_SEC_VAR_POWER_ON_INIT_16BIT)
 *(.Task_pendule_SEC_VAR_FAST_16BIT)
 *(.Task_pendule_SEC_VAR_16BIT)
 *(.Task_pendule_SEC_VAR_NOINIT_8BIT)
 *(.Task_pendule_SEC_VAR_POWER_ON_INIT_8BIT)
 *(.Task_pendule_SEC_VAR_FAST_8BIT)
 *(.Task_pendule_SEC_VAR_8BIT)
 *(.Task_pendule_SEC_VAR_NOINIT_BOOLEAN)
 *(.Task_pendule_SEC_VAR_POWER_ON_INIT_BOOLEAN)
 *(.Task_pendule_SEC_VAR_FAST_BOOLEAN)
 *(.Task_pendule_SEC_VAR_BOOLEAN)
 *(.Task_pendule_SEC_VAR_NOINIT_UNSPECIFIED)
 *(.Task_pendule_SEC_VAR_POWER_ON_INIT_UNSPECIFIED)
 *(.Task_pendule_SEC_VAR_FAST_UNSPECIFIED)
 *(.Task_pendule_SEC_VAR_UNSPECIFIED)
                0x00203f8f                __SEG_END_Task_pendule_VAR_RGN = (ALIGN (0x10) - 0x1)
                0x00203f8c                __SEG_START_ISR_isr_button_left_VAR_RGN = .
 *(.ISR_isr_button_left_SEC_VAR_NOINIT_32BIT)
 *(.ISR_isr_button_left_SEC_VAR_POWER_ON_INIT_32BIT)
 *(.ISR_isr_button_left_SEC_VAR_FAST_32BIT)
 *(.ISR_isr_button_left_SEC_VAR_32BIT)
 *(.ISR_isr_button_left_SEC_VAR_NOINIT_16BIT)
 *(.ISR_isr_button_left_SEC_VAR_POWER_ON_INIT_16BIT)
 *(.ISR_isr_button_left_SEC_VAR_FAST_16BIT)
 *(.ISR_isr_button_left_SEC_VAR_16BIT)
 *(.ISR_isr_button_left_SEC_VAR_NOINIT_8BIT)
 *(.ISR_isr_button_left_SEC_VAR_POWER_ON_INIT_8BIT)
 *(.ISR_isr_button_left_SEC_VAR_FAST_8BIT)
 *(.ISR_isr_button_left_SEC_VAR_8BIT)
 *(.ISR_isr_button_left_SEC_VAR_NOINIT_BOOLEAN)
 *(.ISR_isr_button_left_SEC_VAR_POWER_ON_INIT_BOOLEAN)
 *(.ISR_isr_button_left_SEC_VAR_FAST_BOOLEAN)
 *(.ISR_isr_button_left_SEC_VAR_BOOLEAN)
 *(.ISR_isr_button_left_SEC_VAR_NOINIT_UNSPECIFIED)
 *(.ISR_isr_button_left_SEC_VAR_POWER_ON_INIT_UNSPECIFIED)
 *(.ISR_isr_button_left_SEC_VAR_FAST_UNSPECIFIED)
 *(.ISR_isr_button_left_SEC_VAR_UNSPECIFIED)
                0x00203f8f                __SEG_END_ISR_isr_button_left_VAR_RGN = (ALIGN (0x10) - 0x1)
                0x00203f8c                __SEG_START_ISR_isr_button_right_VAR_RGN = .
 *(.ISR_isr_button_right_SEC_VAR_NOINIT_32BIT)
 *(.ISR_isr_button_right_SEC_VAR_POWER_ON_INIT_32BIT)
 *(.ISR_isr_button_right_SEC_VAR_FAST_32BIT)
 *(.ISR_isr_button_right_SEC_VAR_32BIT)
 *(.ISR_isr_button_right_SEC_VAR_NOINIT_16BIT)
 *(.ISR_isr_button_right_SEC_VAR_POWER_ON_INIT_16BIT)
 *(.ISR_isr_button_right_SEC_VAR_FAST_16BIT)
 *(.ISR_isr_button_right_SEC_VAR_16BIT)
 *(.ISR_isr_button_right_SEC_VAR_NOINIT_8BIT)
 *(.ISR_isr_button_right_SEC_VAR_POWER_ON_INIT_8BIT)
 *(.ISR_isr_button_right_SEC_VAR_FAST_8BIT)
 *(.ISR_isr_button_right_SEC_VAR_8BIT)
 *(.ISR_isr_button_right_SEC_VAR_NOINIT_BOOLEAN)
 *(.ISR_isr_button_right_SEC_VAR_POWER_ON_INIT_BOOLEAN)
 *(.ISR_isr_button_right_SEC_VAR_FAST_BOOLEAN)
 *(.ISR_isr_button_right_SEC_VAR_BOOLEAN)
 *(.ISR_isr_button_right_SEC_VAR_NOINIT_UNSPECIFIED)
 *(.ISR_isr_button_right_SEC_VAR_POWER_ON_INIT_UNSPECIFIED)
 *(.ISR_isr_button_right_SEC_VAR_FAST_UNSPECIFIED)
 *(.ISR_isr_button_right_SEC_VAR_UNSPECIFIED)
                0x00203f8f                __SEG_END_ISR_isr_button_right_VAR_RGN = (ALIGN (0x10) - 0x1)
                0x00203f8c                __SEG_START_ISR_isr_button_start_VAR_RGN = .
 *(.ISR_isr_button_start_SEC_VAR_NOINIT_32BIT)
 *(.ISR_isr_button_start_SEC_VAR_POWER_ON_INIT_32BIT)
 *(.ISR_isr_button_start_SEC_VAR_FAST_32BIT)
 *(.ISR_isr_button_start_SEC_VAR_32BIT)
 *(.ISR_isr_button_start_SEC_VAR_NOINIT_16BIT)
 *(.ISR_isr_button_start_SEC_VAR_POWER_ON_INIT_16BIT)
 *(.ISR_isr_button_start_SEC_VAR_FAST_16BIT)
 *(.ISR_isr_button_start_SEC_VAR_16BIT)
 *(.ISR_isr_button_start_SEC_VAR_NOINIT_8BIT)
 *(.ISR_isr_button_start_SEC_VAR_POWER_ON_INIT_8BIT)
 *(.ISR_isr_button_start_SEC_VAR_FAST_8BIT)
 *(.ISR_isr_button_start_SEC_VAR_8BIT)
 *(.ISR_isr_button_start_SEC_VAR_NOINIT_BOOLEAN)
 *(.ISR_isr_button_start_SEC_VAR_POWER_ON_INIT_BOOLEAN)
 *(.ISR_isr_button_start_SEC_VAR_FAST_BOOLEAN)
 *(.ISR_isr_button_start_SEC_VAR_BOOLEAN)
 *(.ISR_isr_button_start_SEC_VAR_NOINIT_UNSPECIFIED)
 *(.ISR_isr_button_start_SEC_VAR_POWER_ON_INIT_UNSPECIFIED)
 *(.ISR_isr_button_start_SEC_VAR_FAST_UNSPECIFIED)
 *(.ISR_isr_button_start_SEC_VAR_UNSPECIFIED)
                0x00203f8f                __SEG_END_ISR_isr_button_start_VAR_RGN = (ALIGN (0x10) - 0x1)
                0x00203f8c                __SEG_START_ISR_isr_button_stop_VAR_RGN = .
 *(.ISR_isr_button_stop_SEC_VAR_NOINIT_32BIT)
 *(.ISR_isr_button_stop_SEC_VAR_POWER_ON_INIT_32BIT)
 *(.ISR_isr_button_stop_SEC_VAR_FAST_32BIT)
 *(.ISR_isr_button_stop_SEC_VAR_32BIT)
 *(.ISR_isr_button_stop_SEC_VAR_NOINIT_16BIT)
 *(.ISR_isr_button_stop_SEC_VAR_POWER_ON_INIT_16BIT)
 *(.ISR_isr_button_stop_SEC_VAR_FAST_16BIT)
 *(.ISR_isr_button_stop_SEC_VAR_16BIT)
 *(.ISR_isr_button_stop_SEC_VAR_NOINIT_8BIT)
 *(.ISR_isr_button_stop_SEC_VAR_POWER_ON_INIT_8BIT)
 *(.ISR_isr_button_stop_SEC_VAR_FAST_8BIT)
 *(.ISR_isr_button_stop_SEC_VAR_8BIT)
 *(.ISR_isr_button_stop_SEC_VAR_NOINIT_BOOLEAN)
 *(.ISR_isr_button_stop_SEC_VAR_POWER_ON_INIT_BOOLEAN)
 *(.ISR_isr_button_stop_SEC_VAR_FAST_BOOLEAN)
 *(.ISR_isr_button_stop_SEC_VAR_BOOLEAN)
 *(.ISR_isr_button_stop_SEC_VAR_NOINIT_UNSPECIFIED)
 *(.ISR_isr_button_stop_SEC_VAR_POWER_ON_INIT_UNSPECIFIED)
 *(.ISR_isr_button_stop_SEC_VAR_FAST_UNSPECIFIED)
 *(.ISR_isr_button_stop_SEC_VAR_UNSPECIFIED)
                0x00203f8f                __SEG_END_ISR_isr_button_stop_VAR_RGN = (ALIGN (0x10) - 0x1)

procstack       0x00203f8c      0xbd0
                0x00203f8c                __SEG_START_Task_affichage_STACK_RGN = .
 *(.Task_affichageStack)
 .Task_affichageStack
                0x00203f8c      0x200 build/obj/tpl_app_config.c.o
                0x00203f8c                affichage_stack_zone
                0x0020418f                __SEG_END_Task_affichage_STACK_RGN = (ALIGN (0x10) - 0x1)
                0x0020418c                __SEG_START_Task_pendule_STACK_RGN = .
 *(.Task_penduleStack)
 .Task_penduleStack
                0x0020418c      0x200 build/obj/tpl_app_config.c.o
                0x0020418c                pendule_stack_zone
                0x0020438f                __SEG_END_Task_pendule_STACK_RGN = (ALIGN (0x10) - 0x1)
                0x0020438c                __SEG_START_ISR_isr_button_left_STACK_RGN = .
 *(.ISR_isr_button_leftStack)
 .ISR_isr_button_leftStack
                0x0020438c      0x1f4 build/obj/tpl_app_config.c.o
                0x0020438c                isr_button_left_stack_zone
                0x0020457f                __SEG_END_ISR_isr_button_left_STACK_RGN = (ALIGN (0x10) - 0x1)
                0x00204580                __SEG_START_ISR_isr_button_right_STACK_RGN = .
 *(.ISR_isr_button_rightStack)
 .ISR_isr_button_rightStack
                0x00204580      0x1f4 build/obj/tpl_app_config.c.o
                0x00204580                isr_button_right_stack_zone
                0x0020477f                __SEG_END_ISR_isr_button_right_STACK_RGN = (ALIGN (0x10) - 0x1)
                0x00204774                __SEG_START_ISR_isr_button_start_STACK_RGN = .
 *(.ISR_isr_button_startStack)
 .ISR_isr_button_startStack
                0x00204774      0x1f4 build/obj/tpl_app_config.c.o
                0x00204774                isr_button_start_stack_zone
                0x0020496f                __SEG_END_ISR_isr_button_start_STACK_RGN = (ALIGN (0x10) - 0x1)
                0x00204968                __SEG_START_ISR_isr_button_stop_STACK_RGN = .
 *(.ISR_isr_button_stopStack)
 .ISR_isr_button_stopStack
                0x00204968      0x1f4 build/obj/tpl_app_config.c.o
                0x00204968                isr_button_stop_stack_zone
                0x00204b5f                __SEG_END_ISR_isr_button_stop_STACK_RGN = (ALIGN (0x10) - 0x1)

appvars         0x00204b5c        0x0
                0x00204b5c                . = ALIGN (0x4)

text_garbage    0x00204b5c     0x4204
 *(.text*)
 .text.startup.main
                0x00204b5c       0x18 build/obj/nxtSegway.c.o
                0x00204b5c                main
 .text.estimateur
                0x00204b74       0x5c build/obj/nxtSegway.c.o
                0x00204b74                estimateur
 .text.controleur
                0x00204bd0       0x5c build/obj/nxtSegway.c.o
                0x00204bd0                controleur
 .text.pendule_function
                0x00204c2c      0x1b0 build/obj/nxtSegway.c.o
                0x00204c2c                pendule_function
 .text.affichage_function
                0x00204ddc      0x138 build/obj/nxtSegway.c.o
                0x00204ddc                affichage_function
 .text.isr_button_start_function
                0x00204f14       0x18 build/obj/nxtSegway.c.o
                0x00204f14                isr_button_start_function
 .text.isr_button_stop_function
                0x00204f2c       0x14 build/obj/nxtSegway.c.o
                0x00204f2c                isr_button_stop_function
 .text.isr_button_left_function
                0x00204f40       0x18 build/obj/nxtSegway.c.o
                0x00204f40                isr_button_left_function
 .text.isr_button_right_function
                0x00204f58       0x18 build/obj/nxtSegway.c.o
                0x00204f58                isr_button_right_function
 .text.init_time
                0x00204f70       0x10 build/obj/tools.c.o
                0x00204f70                init_time
 .text.delta_t  0x00204f80       0x38 build/obj/tools.c.o
                0x00204f80                delta_t
 .text.getGyro  0x00204fb8       0x3c build/obj/tools.c.o
                0x00204fb8                getGyro
 .text.getMotorAngle
                0x00204ff4       0x68 build/obj/tools.c.o
                0x00204ff4                getMotorAngle
 .text.calculatePWM
                0x0020505c       0x94 build/obj/tools.c.o
                0x0020505c                calculatePWM
 .text.getMotorDiff
                0x002050f0       0x60 build/obj/tools.c.o
                0x002050f0                getMotorDiff
 .text.syncMotor
                0x00205150       0xb4 build/obj/tools.c.o
                0x00205150                syncMotor
 .text.nxt_motors_set_command
                0x00205204       0xcc build/obj/tools.c.o
                0x00205204                nxt_motors_set_command
 .text.disp     0x002052d0       0x3c build/obj/tools.c.o
                0x002052d0                disp
 .text.exception_catch_display
                0x0020530c       0xe0 build/obj/nxt_exception_catch.c.o
                0x0020530c                exception_catch_display
 .text          0x002053ec       0x68 build/obj/interrupts.s.o
                0x002053ec                interrupts_get_and_disable
                0x00205410                interrupts_enable
                0x00205420                fiq_get_and_disable
                0x00205444                fiq_enable
 .text.getDistance
                0x00205454       0x28 build/obj/ecrobot_interface.c.o
 .text.ecrobot_set_motor_rev
                0x0020547c       0x10 build/obj/ecrobot_interface.c.o
                0x0020547c                ecrobot_set_motor_rev
 .text.ecrobot_get_battery_voltage
                0x0020548c       0x10 build/obj/ecrobot_interface.c.o
                0x0020548c                ecrobot_get_battery_voltage
 .text.ecrobot_get_systick_ms
                0x0020549c       0x10 build/obj/ecrobot_interface.c.o
                0x0020549c                ecrobot_get_systick_ms
 .text.ecrobot_get_button_state
                0x002054ac       0x10 build/obj/ecrobot_interface.c.o
                0x002054ac                ecrobot_get_button_state
 .text.ecrobot_poll_nxtstate
                0x002054bc       0x8c build/obj/ecrobot_interface.c.o
                0x002054bc                ecrobot_poll_nxtstate
 .text.ecrobot_status_monitor
                0x00205548      0x19c build/obj/ecrobot_interface.c.o
                0x00205548                ecrobot_status_monitor
 .text.ecrobot_sound_tone
                0x002056e4       0x14 build/obj/ecrobot_interface.c.o
                0x002056e4                ecrobot_sound_tone
 .text.send_bt_command
                0x002056f8       0x68 build/obj/ecrobot_bluetooth.c.o
 .text.ecrobot_get_bt_status
                0x00205760       0x10 build/obj/ecrobot_bluetooth.c.o
                0x00205760                ecrobot_get_bt_status
 .text.ecrobot_term_bt_connection
                0x00205770       0x68 build/obj/ecrobot_bluetooth.c.o
                0x00205770                ecrobot_term_bt_connection
 .text.ecrobot_get_gyro_sensor
                0x002057d8       0x18 build/obj/ecrobot_HiTechnic.c.o
                0x002057d8                ecrobot_get_gyro_sensor
 .text.nxt_device_init
                0x002057f0       0x38 build/obj/flash_loader.c.o
                0x002057f0                nxt_device_init
 .text.aic_initialise
                0x00205828       0x74 build/obj/aic.c.o
                0x00205828                aic_initialise
 .text.aic_set_vector
                0x0020589c       0x3c build/obj/aic.c.o
                0x0020589c                aic_set_vector
 .text.aic_mask_on
                0x002058d8       0x2c build/obj/aic.c.o
                0x002058d8                aic_mask_on
 .text.aic_mask_off
                0x00205904       0x2c build/obj/aic.c.o
                0x00205904                aic_mask_off
 .text.aic_clear
                0x00205930       0x2c build/obj/aic.c.o
                0x00205930                aic_clear
 .text.nxt_avr_power_down
                0x0020595c       0x1c build/obj/nxt_avr.c.o
                0x0020595c                nxt_avr_power_down
 .text.nxt_avr_link_init
                0x00205978       0x2c build/obj/nxt_avr.c.o
                0x00205978                nxt_avr_link_init
 .text.nxt_avr_init
                0x002059a4       0x9c build/obj/nxt_avr.c.o
                0x002059a4                nxt_avr_init
 .text.nxt_avr_1kHz_update
                0x00205a40      0x2a0 build/obj/nxt_avr.c.o
                0x00205a40                nxt_avr_1kHz_update
 .text.buttons_get
                0x00205ce0       0x10 build/obj/nxt_avr.c.o
                0x00205ce0                buttons_get
 .text.battery_voltage
                0x00205cf0       0x34 build/obj/nxt_avr.c.o
                0x00205cf0                battery_voltage
 .text.sensor_adc
                0x00205d24       0x28 build/obj/nxt_avr.c.o
                0x00205d24                sensor_adc
 .text.nxt_avr_set_motor
                0x00205d4c       0x34 build/obj/nxt_avr.c.o
                0x00205d4c                nxt_avr_set_motor
 .text.nxt_avr_set_input_power
                0x00205d80       0x4c build/obj/nxt_avr.c.o
                0x00205d80                nxt_avr_set_input_power
 .text.i2c_timer_isr_C_function
                0x00205dcc      0x3f8 build/obj/i2c.c.o
                0x00205dcc                i2c_timer_isr_C_function
 .text.i2c_disable
                0x002061c4       0x34 build/obj/i2c.c.o
                0x002061c4                i2c_disable
 .text.i2c_init
                0x002061f8       0xcc build/obj/i2c.c.o
                0x002061f8                i2c_init
 .text.systick_low_priority_C_function
                0x002062c4       0x20 build/obj/systick.c.o
                0x002062c4                systick_low_priority_C_function
 .text.systick_isr_C_function
                0x002062e4       0x28 build/obj/systick.c.o
                0x002062e4                systick_isr_C_function
 .text.systick_get_ms
                0x0020630c       0x10 build/obj/systick.c.o
                0x0020630c                systick_get_ms
 .text.systick_wait_ms
                0x0020631c       0x30 build/obj/systick.c.o
                0x0020631c                systick_wait_ms
 .text.systick_wait_ns
                0x0020634c       0x30 build/obj/systick.c.o
                0x0020634c                systick_wait_ns
 .text.systick_init
                0x0020637c       0x70 build/obj/systick.c.o
                0x0020637c                systick_init
 .text.nxt_motor_get_count
                0x002063ec       0x18 build/obj/nxt_motors.c.o
                0x002063ec                nxt_motor_get_count
 .text.nxt_motor_set_count
                0x00206404       0x14 build/obj/nxt_motors.c.o
                0x00206404                nxt_motor_set_count
 .text.nxt_motor_set_speed
                0x00206418       0x40 build/obj/nxt_motors.c.o
                0x00206418                nxt_motor_set_speed
 .text.nxt_motor_1kHz_process
                0x00206458       0x34 build/obj/nxt_motors.c.o
                0x00206458                nxt_motor_1kHz_process
 .text.nxt_motor_quad_decode
                0x0020648c       0x70 build/obj/nxt_motors.c.o
                0x0020648c                nxt_motor_quad_decode
 .text.nxt_motor_isr_C_function
                0x002064fc       0x9c build/obj/nxt_motors.c.o
                0x002064fc                nxt_motor_isr_C_function
 .text.nxt_motor_init
                0x00206598       0x74 build/obj/nxt_motors.c.o
                0x00206598                nxt_motor_init
 .text.bt_isr_C_function
                0x0020660c      0x110 build/obj/bt.c.o
                0x0020660c                bt_isr_C_function
 .text.bt_init  0x0020671c      0x150 build/obj/bt.c.o
                0x0020671c                bt_init
 .text.bt_send  0x0020686c       0x60 build/obj/bt.c.o
                0x0020686c                bt_send
 .text.bt_clear_arm7_cmd
                0x002068cc       0x10 build/obj/bt.c.o
                0x002068cc                bt_clear_arm7_cmd
 .text.display_update
                0x002068dc       0x20 build/obj/display.c.o
                0x002068dc                display_update
 .text.display_force_update
                0x002068fc       0x10 build/obj/display.c.o
                0x002068fc                display_force_update
 .text.display_clear
                0x0020690c       0x30 build/obj/display.c.o
                0x0020690c                display_clear
 .text.display_goto_xy
                0x0020693c       0x1c build/obj/display.c.o
                0x0020693c                display_goto_xy
 .text.display_char
                0x00206958       0x70 build/obj/display.c.o
                0x00206958                display_char
 .text.display_string
                0x002069c8       0x68 build/obj/display.c.o
                0x002069c8                display_string
 .text.display_unsigned_worker
                0x00206a30       0xb0 build/obj/display.c.o
 .text.display_hex
                0x00206ae0       0x70 build/obj/display.c.o
                0x00206ae0                display_hex
 .text.display_unsigned
                0x00206b50        0x8 build/obj/display.c.o
                0x00206b50                display_unsigned
 .text.display_int
                0x00206b58       0x14 build/obj/display.c.o
                0x00206b58                display_int
 .text.display_init
                0x00206b6c       0x4c build/obj/display.c.o
                0x00206b6c                display_init
 .text.unset_digi0
                0x00206bb8       0x60 build/obj/sensors.c.o
                0x00206bb8                unset_digi0
 .text.unset_digi1
                0x00206c18       0x60 build/obj/sensors.c.o
                0x00206c18                unset_digi1
 .text.init_sensors
                0x00206c78       0x6c build/obj/sensors.c.o
                0x00206c78                init_sensors
 .text.twi_status
                0x00206ce4       0x2c build/obj/twi.c.o
                0x00206ce4                twi_status
 .text.twi_isr_C_function
                0x00206d10      0x120 build/obj/twi.c.o
                0x00206d10                twi_isr_C_function
 .text.twi_reset
                0x00206e30       0xc0 build/obj/twi.c.o
                0x00206e30                twi_reset
 .text.twi_init
                0x00206ef0       0x64 build/obj/twi.c.o
                0x00206ef0                twi_init
 .text.twi_start_read
                0x00206f54       0x70 build/obj/twi.c.o
                0x00206f54                twi_start_read
 .text.twi_start_write
                0x00206fc4       0x70 build/obj/twi.c.o
                0x00206fc4                twi_start_write
 .text.nxt_lcd_command
                0x00207034       0x24 build/obj/nxt_lcd.c.o
                0x00207034                nxt_lcd_command
 .text.nxt_lcd_set_col
                0x00207058       0x24 build/obj/nxt_lcd.c.o
                0x00207058                nxt_lcd_set_col
 .text.nxt_lcd_set_page_address
                0x0020707c        0xc build/obj/nxt_lcd.c.o
                0x0020707c                nxt_lcd_set_page_address
 .text.nxt_lcd_set_pot
                0x00207088       0x1c build/obj/nxt_lcd.c.o
                0x00207088                nxt_lcd_set_pot
 .text.nxt_lcd_reset
                0x002070a4        0x8 build/obj/nxt_lcd.c.o
                0x002070a4                nxt_lcd_reset
 .text.nxt_lcd_force_update
                0x002070ac       0x50 build/obj/nxt_lcd.c.o
                0x002070ac                nxt_lcd_force_update
 .text.nxt_lcd_update
                0x002070fc       0x10 build/obj/nxt_lcd.c.o
                0x002070fc                nxt_lcd_update
 .text.nxt_lcd_power_up
                0x0020710c       0x5c build/obj/nxt_lcd.c.o
                0x0020710c                nxt_lcd_power_up
 .text.nxt_lcd_power_down
                0x00207168        0x4 build/obj/nxt_lcd.c.o
                0x00207168                nxt_lcd_power_down
 .text.nxt_lcd_init
                0x0020716c       0x1c build/obj/nxt_lcd.c.o
                0x0020716c                nxt_lcd_init
 .text.spi_set_mode
                0x00207188       0x40 build/obj/nxt_spi.c.o
 .text.spi_isr_C_function
                0x002071c8       0x94 build/obj/nxt_spi.c.o
                0x002071c8                spi_isr_C_function
 .text.nxt_spi_init
                0x0020725c      0x148 build/obj/nxt_spi.c.o
                0x0020725c                nxt_spi_init
 .text.nxt_spi_write
                0x002073a4       0x58 build/obj/nxt_spi.c.o
                0x002073a4                nxt_spi_write
 .text.nxt_spi_set_display
                0x002073fc       0x18 build/obj/nxt_spi.c.o
                0x002073fc                nxt_spi_set_display
 .text.nxt_spi_refresh
                0x00207414       0x30 build/obj/nxt_spi.c.o
                0x00207414                nxt_spi_refresh
 .text.set_vol  0x00207444       0xd8 build/obj/sound.c.o
 .text.sound_interrupt_enable
                0x0020751c       0x24 build/obj/sound.c.o
                0x0020751c                sound_interrupt_enable
 .text.sound_interrupt_disable
                0x00207540       0x20 build/obj/sound.c.o
                0x00207540                sound_interrupt_disable
 .text.sound_freq_vol
                0x00207560      0x1dc build/obj/sound.c.o
                0x00207560                sound_freq_vol
 .text.InitButtons
                0x0020773c       0x40 build/obj/buttons.c.o
                0x0020773c                InitButtons
 .text.check_buttons_status_function
                0x0020777c       0x70 build/obj/buttons.c.o
                0x0020777c                check_buttons_status_function
 .text          0x002077ec      0x114 /mnt/n7fs/nxt/gcc-arm-none-eabi-4_9-2015q3//lib/gcc/arm-none-eabi/4.9.3//libgcc.a(_udivsi3.o)
                0x002077ec                __udivsi3
                0x002077ec                __aeabi_uidiv
                0x002078e0                __aeabi_uidivmod
 .text          0x00207900      0x148 /mnt/n7fs/nxt/gcc-arm-none-eabi-4_9-2015q3//lib/gcc/arm-none-eabi/4.9.3//libgcc.a(_divsi3.o)
                0x00207900                __aeabi_idiv
                0x00207900                __divsi3
                0x00207a28                __aeabi_idivmod
 .text          0x00207a48        0x4 /mnt/n7fs/nxt/gcc-arm-none-eabi-4_9-2015q3//lib/gcc/arm-none-eabi/4.9.3//libgcc.a(_dvmd_tls.o)
                0x00207a48                __aeabi_ldiv0
                0x00207a48                __aeabi_idiv0
 .text          0x00207a4c      0x41c /mnt/n7fs/nxt/gcc-arm-none-eabi-4_9-2015q3//lib/gcc/arm-none-eabi/4.9.3//libgcc.a(_arm_addsubdf3.o)
                0x00207a4c                __aeabi_drsub
                0x00207a54                __aeabi_dsub
                0x00207a54                __subdf3
                0x00207a58                __adddf3
                0x00207a58                __aeabi_dadd
                0x00207d68                __aeabi_ui2d
                0x00207d68                __floatunsidf
                0x00207d8c                __floatsidf
                0x00207d8c                __aeabi_i2d
                0x00207db4                __extendsfdf2
                0x00207db4                __aeabi_f2d
                0x00207df4                __aeabi_ul2d
                0x00207df4                __floatundidf
                0x00207e08                __floatdidf
                0x00207e08                __aeabi_l2d
 .text          0x00207e68      0x49c /mnt/n7fs/nxt/gcc-arm-none-eabi-4_9-2015q3//lib/gcc/arm-none-eabi/4.9.3//libgcc.a(_arm_muldivdf3.o)
                0x00207e68                __aeabi_dmul
                0x00207e68                __muldf3
                0x002080f8                __aeabi_ddiv
                0x002080f8                __divdf3
 .text          0x00208304       0x5c /mnt/n7fs/nxt/gcc-arm-none-eabi-4_9-2015q3//lib/gcc/arm-none-eabi/4.9.3//libgcc.a(_arm_fixdfsi.o)
                0x00208304                __fixdfsi
                0x00208304                __aeabi_d2iz
 .text          0x00208360       0xa0 /mnt/n7fs/nxt/gcc-arm-none-eabi-4_9-2015q3//lib/gcc/arm-none-eabi/4.9.3//libgcc.a(_arm_truncdfsf2.o)
                0x00208360                __aeabi_d2f
                0x00208360                __truncdfsf2
 .text          0x00208400      0x2ac /mnt/n7fs/nxt/gcc-arm-none-eabi-4_9-2015q3//lib/gcc/arm-none-eabi/4.9.3//libgcc.a(_arm_addsubsf3.o)
                0x00208400                __aeabi_frsub
                0x00208408                __subsf3
                0x00208408                __aeabi_fsub
                0x0020840c                __aeabi_fadd
                0x0020840c                __addsf3
                0x002085c8                __aeabi_ui2f
                0x002085c8                __floatunsisf
                0x002085d0                __aeabi_i2f
                0x002085d0                __floatsisf
                0x002085f0                __floatundisf
                0x002085f0                __aeabi_ul2f
                0x00208600                __floatdisf
                0x00208600                __aeabi_l2f
 .text          0x002086ac      0x2f8 /mnt/n7fs/nxt/gcc-arm-none-eabi-4_9-2015q3//lib/gcc/arm-none-eabi/4.9.3//libgcc.a(_arm_muldivsf3.o)
                0x002086ac                __mulsf3
                0x002086ac                __aeabi_fmul
                0x00208844                __divsf3
                0x00208844                __aeabi_fdiv
 .text          0x002089a4      0x114 /mnt/n7fs/nxt/gcc-arm-none-eabi-4_9-2015q3//lib/gcc/arm-none-eabi/4.9.3//libgcc.a(_arm_cmpsf2.o)
                0x002089a4                __gtsf2
                0x002089a4                __gesf2
                0x002089ac                __lesf2
                0x002089ac                __ltsf2
                0x002089b4                __nesf2
                0x002089b4                __eqsf2
                0x002089b4                __cmpsf2
                0x00208a18                __aeabi_cfrcmple
                0x00208a28                __aeabi_cfcmple
                0x00208a28                __aeabi_cfcmpeq
                0x00208a40                __aeabi_fcmpeq
                0x00208a58                __aeabi_fcmplt
                0x00208a70                __aeabi_fcmple
                0x00208a88                __aeabi_fcmpge
                0x00208aa0                __aeabi_fcmpgt
 .text          0x00208ab8       0x5c /mnt/n7fs/nxt/gcc-arm-none-eabi-4_9-2015q3//lib/gcc/arm-none-eabi/4.9.3//libgcc.a(_arm_fixsfsi.o)
                0x00208ab8                __fixsfsi
                0x00208ab8                __aeabi_f2iz
 .text.memcpy   0x00208b14       0xf0 /mnt/n7fs/nxt/gcc-arm-none-eabi-4_9-2015q3//arm-none-eabi/lib/libc.a(lib_a-memcpy.o)
                0x00208b14                memcpy
 .text.memset   0x00208c04       0xf4 /mnt/n7fs/nxt/gcc-arm-none-eabi-4_9-2015q3//arm-none-eabi/lib/libc.a(lib_a-memset.o)
                0x00208c04                memset
 .text.strlen   0x00208cf8       0x60 /mnt/n7fs/nxt/gcc-arm-none-eabi-4_9-2015q3//arm-none-eabi/lib/libc.a(lib_a-strlen.o)
                0x00208cf8                strlen
                0x00208d60                . = ALIGN (0x10)
 *fill*         0x00208d58        0x8 
                0x00200080                __ramtext_ram_start__ = ADDR (ostext)
                0x00208d60                __ramtext_ram_end__ = (ADDR (text_garbage) + SIZEOF (text_garbage))
                0x00200080                __ramtext_load_start__ = LOADADDR (ostext)
                0x00208d58                __ramtext_load_end__ = ((((((((((__ramtext_load_start__ + SIZEOF (ostext)) + SIZEOF (osconst)) + SIZEOF (osvars)) + SIZEOF (apptext)) + SIZEOF (appconst)) + SIZEOF (procconst)) + SIZEOF (procvars)) + SIZEOF (procstack)) + SIZEOF (appvars)) + SIZEOF (text_garbage))

.data           0x00208d60      0x500
 *(*.data *.data.*)
 .data.K        0x00208d60       0x10 build/obj/nxtSegway.c.o
                0x00208d60                K
 .data.distance_state
                0x00208d70       0x10 build/obj/ecrobot_interface.c.o
 .data.bt_status
                0x00208d80        0x1 build/obj/ecrobot_bluetooth.c.o
 *fill*         0x00208d81        0x3 
 .data.display_auto_update
                0x00208d84        0x4 build/obj/display.c.o
                0x00208d84                display_auto_update
 .bss.data      0x00208d88        0x4 build/obj/nxt_spi.c.o
                0x00208d88                data
 .data.mode     0x00208d8c        0x1 build/obj/nxt_spi.c.o
                0x00208d8c                mode
 *fill*         0x00208d8d        0x3 
 .data.isr_button_right_isr_helper
                0x00208d90        0xc build/obj/tpl_app_config.c.o
                0x00208d90                isr_button_right_isr_helper
 .data.isr_button_start_isr_helper
                0x00208d9c        0xc build/obj/tpl_app_config.c.o
                0x00208d9c                isr_button_start_isr_helper
 .data.isr_button_left_isr_helper
                0x00208da8        0xc build/obj/tpl_app_config.c.o
                0x00208da8                isr_button_left_isr_helper
 .data.isr_button_stop_isr_helper
                0x00208db4        0xc build/obj/tpl_app_config.c.o
                0x00208db4                isr_button_stop_isr_helper
 *(.rodata)
 .rodata        0x00208dc0       0x20 build/obj/sensors.c.o
 *(.rodata*)
 .rodata.str1.1
                0x00208de0       0x68 build/obj/nxtSegway.c.o
 .rodata.str1.1
                0x00208e48       0x54 build/obj/nxt_exception_catch.c.o
 .rodata.str1.1
                0x00208e9c       0x6d build/obj/ecrobot_interface.c.o
 .rodata.avr_brainwash_string
                0x00208f09       0x30 build/obj/nxt_avr.c.o
                0x00208f09                avr_brainwash_string
 *fill*         0x00208f39        0x3 
 .rodata.i2c_pin
                0x00208f3c       0x20 build/obj/i2c.c.o
 .rodata.str1.1
                0x00208f5c       0x67 build/obj/display.c.o
 .rodata.font   0x00208fc3      0x280 build/obj/display.c.o
 .rodata.sine   0x00209243       0x10 build/obj/sound.c.o
                0x00209243                sine
 .rodata.logvol
                0x00209253        0xc build/obj/sound.c.o
                0x00209253                logvol
                0x00209260                . = ALIGN (0x10)
 *fill*         0x0020925f        0x1 

.igot.plt       0x00209260        0x0
 .igot.plt      0x00000000        0x0 build/obj/nxtSegway.c.o

.bss            0x00209260      0x915
 *(.bss)
 *(.bss*)
 .bss.ue        0x00209260        0x4 build/obj/nxtSegway.c.o
                0x00209260                ue
 .bss.xe        0x00209264       0x10 build/obj/nxtSegway.c.o
                0x00209264                xe
 .bss.nxtSegway_mode
                0x00209274        0x1 build/obj/nxtSegway.c.o
                0x00209274                nxtSegway_mode
 *fill*         0x00209275        0x3 
 .bss.previous_time
                0x00209278        0x4 build/obj/tools.c.o
                0x00209278                previous_time
 .bss.tpl_it_nesting.5301
                0x0020927c        0x4 build/obj/tpl_os_it_kernel.c.o
 .bss.tpl_counters_enabled
                0x00209280        0x1 build/obj/tpl_os_timeobj_kernel.c.o
 *fill*         0x00209281        0x3 
 .bss.saved_psr
                0x00209284        0x4 build/obj/nxt_exception_catch.c.o
                0x00209284                saved_psr
 .bss.exception_catch_id
                0x00209288        0x4 build/obj/nxt_exception_catch.c.o
                0x00209288                exception_catch_id
 .bss.exception_catch_pc
                0x0020928c        0x4 build/obj/nxt_exception_catch.c.o
                0x0020928c                exception_catch_pc
 .bss.ecrobot_inputs
                0x00209290        0x8 build/obj/ecrobot_interface.c.o
 .bss.buttons_states
                0x00209298       0x14 build/obj/ecrobot_interface.c.o
 .bss.buttons_i
                0x002092ac        0x4 build/obj/ecrobot_interface.c.o
 .bss.handle    0x002092b0        0x1 build/obj/ecrobot_bluetooth.c.o
 .bss.sendBuf   0x002092b1       0xfe build/obj/ecrobot_bluetooth.c.o
 *fill*         0x002093af        0x1 
 .bss.update_count
                0x002093b0        0x4 build/obj/nxt_avr.c.o
 .bss.debounce_state
                0x002093b4        0x2 build/obj/nxt_avr.c.o
 .bss.button_state
                0x002093b6        0x2 build/obj/nxt_avr.c.o
 .bss.from_buf  0x002093b8        0x4 build/obj/nxt_avr.c.o
 .bss.io_from_avr
                0x002093bc        0x4 build/obj/nxt_avr.c.o
 .bss.data_from_avr
                0x002093c0       0x1a build/obj/nxt_avr.c.o
 .bss.debounce_cnt
                0x002093da        0x2 build/obj/nxt_avr.c.o
 .bss.nxt_avr_stats
                0x002093dc       0x14 build/obj/nxt_avr.c.o
 .bss.link_state
                0x002093f0        0x4 build/obj/nxt_avr.c.o
 .bss.io_to_avr
                0x002093f4        0x8 build/obj/nxt_avr.c.o
 .bss.prev_buttons
                0x002093fc        0x2 build/obj/nxt_avr.c.o
 .bss.data_to_avr
                0x002093fe        0x9 build/obj/nxt_avr.c.o
 *fill*         0x00209407        0x1 
 .bss.i2c_port  0x00209408      0x170 build/obj/i2c.c.o
 .bss.i2c_int_count
                0x00209578        0x4 build/obj/i2c.c.o
 .bss.systick_ms
                0x0020957c        0x4 build/obj/systick.c.o
 .bss.motor     0x00209580       0x30 build/obj/nxt_motors.c.o
 .bss.nxt_motor_initialised
                0x002095b0        0x4 build/obj/nxt_motors.c.o
 .bss.interrupts_this_period
                0x002095b4        0x4 build/obj/nxt_motors.c.o
 .bss.bt_state  0x002095b8        0x1 build/obj/bt.c.o
                0x002095b8                bt_state
 .bss.out_buf_ptr
                0x002095b9        0x1 build/obj/bt.c.o
 .bss.out_buf   0x002095ba      0x200 build/obj/bt.c.o
 *fill*         0x002097ba        0x2 
 .bss.buf_ptr   0x002097bc        0x4 build/obj/bt.c.o
 .bss.bt_frame_received
                0x002097c0        0x1 build/obj/bt.c.o
                0x002097c0                bt_frame_received
 *fill*         0x002097c1        0x1 
 .bss.bt_length
                0x002097c2        0x2 build/obj/bt.c.o
                0x002097c2                bt_length
 .bss.in_buf_in_ptr
                0x002097c4        0x1 build/obj/bt.c.o
 *fill*         0x002097c5        0x3 
 .bss.in_buf_idx
                0x002097c8        0x4 build/obj/bt.c.o
 .bss.display_array
                0x002097cc      0x388 build/obj/display.c.o
 .bss.display_tick
                0x00209b54        0x4 build/obj/display.c.o
                0x00209b54                display_tick
 .bss.twi_state
                0x00209b58        0x1 build/obj/twi.c.o
 *fill*         0x00209b59        0x3 
 .bss.twi_ptr   0x00209b5c        0x4 build/obj/twi.c.o
 .bss.twi_pending
                0x00209b60        0x4 build/obj/twi.c.o
 .bss.twi_mask  0x00209b64        0x4 build/obj/twi.c.o
 .bss.display   0x00209b68        0x4 build/obj/nxt_lcd.c.o
 .bss.dirty     0x00209b6c        0x1 build/obj/nxt_spi.c.o
                0x00209b6c                dirty
 .bss.page      0x00209b6d        0x1 build/obj/nxt_spi.c.o
                0x00209b6d                page
 *fill*         0x00209b6e        0x2 
 .bss.display   0x00209b70        0x4 build/obj/nxt_spi.c.o
                0x00209b70                display
 .bss.sound_mode
                0x00209b74        0x1 build/obj/sound.c.o
                0x00209b74                sound_mode
                0x00209b80                . = ALIGN (0x10)

garbage         0x00209b78      0x4d0
 *(COMMON)
 COMMON         0x00209b78       0x2c build/obj/nxtSegway.c.o
                0x00209b78                x
                0x00209b88                avg_cnt
                0x00209b8c                setpoint
                0x00209b90                gyro_offset_sum
                0x00209b94                gyro_offset
                0x00209b98                y
                0x00209ba0                u
 COMMON         0x00209ba4      0x180 build/obj/bt.c.o
                0x00209ba4                in_buf
                0x00209ca4                bt_frame
 COMMON         0x00209d24        0x8 build/obj/display.c.o
                0x00209d24                display_x
                0x00209d28                display_y
 COMMON         0x00209d2c      0x31c build/obj/sound.c.o
                0x00209d2c                sample
                0x00208d60                __data_ram_start__ = ADDR (.data)
                0x0020a048                __data_ram_end__ = (ADDR (garbage) + SIZEOF (garbage))
                0x00208d60                __data_load_start__ = LOADADDR (.data)
                0x0020a045                __data_load_end__ = (((__data_load_start__ + SIZEOF (.data)) + SIZEOF (.bss)) + SIZEOF (garbage))

.comment        0x0020a048       0x70
 *(.glue_7*)
 .glue_7        0x00000000        0x0 linker stubs
 .glue_7t       0x00000000        0x0 linker stubs
 *(.comment)
 .comment       0x0020a048       0x70 build/obj/nxtSegway.c.o
                                 0x71 (size before relaxing)
 .comment       0x00000000       0x71 build/obj/tools.c.o
 .comment       0x00000000       0x71 build/obj/tpl_dispatch_table.c.o
 .comment       0x00000000       0x71 build/obj/tpl_os_alarm_kernel.c.o
 .comment       0x00000000       0x71 build/obj/tpl_os_event_kernel.c.o
 .comment       0x00000000       0x71 build/obj/tpl_os_it_kernel.c.o
 .comment       0x00000000       0x71 build/obj/tpl_os_rez_kernel.c.o
 .comment       0x00000000       0x71 build/obj/tpl_os_task_kernel.c.o
 .comment       0x00000000       0x71 build/obj/tpl_os_timeobj_kernel.c.o
 .comment       0x00000000       0x71 build/obj/tpl_os_kernel.c.o
 .comment       0x00000000       0x71 build/obj/tpl_os_action.c.o
 .comment       0x00000000       0x71 build/obj/tpl_os.c.o
 .comment       0x00000000       0x71 build/obj/tpl_machine_arm_generic.c.o
 .comment       0x00000000       0x71 build/obj/nxt_tpl_stubs.c.o
 .comment       0x00000000       0x71 build/obj/nxt_irq.c.o
 .comment       0x00000000       0x71 build/obj/nxt_exception_catch.c.o
 .comment       0x00000000       0x71 build/obj/ecrobot_interface.c.o
 .comment       0x00000000       0x71 build/obj/ecrobot_bluetooth.c.o
 .comment       0x00000000       0x71 build/obj/ecrobot_HiTechnic.c.o
 .comment       0x00000000       0x71 build/obj/flash_loader.c.o
 .comment       0x00000000       0x71 build/obj/aic.c.o
 .comment       0x00000000       0x71 build/obj/nxt_avr.c.o
 .comment       0x00000000       0x71 build/obj/i2c.c.o
 .comment       0x00000000       0x71 build/obj/systick.c.o
 .comment       0x00000000       0x71 build/obj/nxt_motors.c.o
 .comment       0x00000000       0x71 build/obj/bt.c.o
 .comment       0x00000000       0x71 build/obj/display.c.o
 .comment       0x00000000       0x71 build/obj/sensors.c.o
 .comment       0x00000000       0x71 build/obj/twi.c.o
 .comment       0x00000000       0x71 build/obj/nxt_lcd.c.o
 .comment       0x00000000       0x71 build/obj/nxt_spi.c.o
 .comment       0x00000000       0x71 build/obj/sound.c.o
 .comment       0x00000000       0x71 build/obj/buttons.c.o
 .comment       0x00000000       0x71 build/obj/tpl_app_config.c.o
OUTPUT(nxtSegway_exe elf32-littlearm)

.ARM.attributes
                0x00000000       0x2e
 .ARM.attributes
                0x00000000       0x30 build/obj/nxtSegway.c.o
 .ARM.attributes
                0x00000030       0x30 build/obj/tools.c.o
 .ARM.attributes
                0x00000060       0x30 build/obj/tpl_dispatch_table.c.o
 .ARM.attributes
                0x00000090       0x20 build/obj/tpl_invoque.S.o
 .ARM.attributes
                0x000000b0       0x30 build/obj/tpl_os_alarm_kernel.c.o
 .ARM.attributes
                0x000000e0       0x30 build/obj/tpl_os_event_kernel.c.o
 .ARM.attributes
                0x00000110       0x30 build/obj/tpl_os_it_kernel.c.o
 .ARM.attributes
                0x00000140       0x30 build/obj/tpl_os_rez_kernel.c.o
 .ARM.attributes
                0x00000170       0x30 build/obj/tpl_os_task_kernel.c.o
 .ARM.attributes
                0x000001a0       0x30 build/obj/tpl_os_timeobj_kernel.c.o
 .ARM.attributes
                0x000001d0       0x30 build/obj/tpl_os_kernel.c.o
 .ARM.attributes
                0x00000200       0x30 build/obj/tpl_os_action.c.o
 .ARM.attributes
                0x00000230       0x30 build/obj/tpl_os.c.o
 .ARM.attributes
                0x00000260       0x30 build/obj/tpl_machine_arm_generic.c.o
 .ARM.attributes
                0x00000290       0x20 build/obj/tpl_irq.S.o
 .ARM.attributes
                0x000002b0       0x20 build/obj/tpl_system_call.S.o
 .ARM.attributes
                0x000002d0       0x20 build/obj/tpl_stacks.S.o
 .ARM.attributes
                0x000002f0       0x20 build/obj/tpl_vector_table.s.o
 .ARM.attributes
                0x00000310       0x20 build/obj/nxt_tpl_sleep.S.o
 .ARM.attributes
                0x00000330       0x30 build/obj/nxt_tpl_stubs.c.o
 .ARM.attributes
                0x00000360       0x30 build/obj/nxt_irq.c.o
 .ARM.attributes
                0x00000390       0x20 build/obj/nxt_exception_catch.S.o
 .ARM.attributes
                0x000003b0       0x20 build/obj/nxt_bootstrap_stage1.S.o
 .ARM.attributes
                0x000003d0       0x30 build/obj/nxt_exception_catch.c.o
 .ARM.attributes
                0x00000400       0x20 build/obj/nxt_binary_header.s.o
 .ARM.attributes
                0x00000420       0x20 build/obj/nxt_entry_point.s.o
 .ARM.attributes
                0x00000440       0x20 build/obj/interrupts.s.o
 .ARM.attributes
                0x00000460       0x30 build/obj/ecrobot_interface.c.o
 .ARM.attributes
                0x00000490       0x30 build/obj/ecrobot_bluetooth.c.o
 .ARM.attributes
                0x000004c0       0x30 build/obj/ecrobot_HiTechnic.c.o
 .ARM.attributes
                0x000004f0       0x30 build/obj/flash_loader.c.o
 .ARM.attributes
                0x00000520       0x30 build/obj/aic.c.o
 .ARM.attributes
                0x00000550       0x30 build/obj/nxt_avr.c.o
 .ARM.attributes
                0x00000580       0x30 build/obj/i2c.c.o
 .ARM.attributes
                0x000005b0       0x30 build/obj/systick.c.o
 .ARM.attributes
                0x000005e0       0x30 build/obj/nxt_motors.c.o
 .ARM.attributes
                0x00000610       0x30 build/obj/bt.c.o
 .ARM.attributes
                0x00000640       0x30 build/obj/display.c.o
 .ARM.attributes
                0x00000670       0x30 build/obj/sensors.c.o
 .ARM.attributes
                0x000006a0       0x30 build/obj/twi.c.o
 .ARM.attributes
                0x000006d0       0x30 build/obj/nxt_lcd.c.o
 .ARM.attributes
                0x00000700       0x30 build/obj/nxt_spi.c.o
 .ARM.attributes
                0x00000730       0x30 build/obj/sound.c.o
 .ARM.attributes
                0x00000760       0x30 build/obj/buttons.c.o
 .ARM.attributes
                0x00000790       0x30 build/obj/tpl_app_config.c.o
 .ARM.attributes
                0x000007c0       0x18 /mnt/n7fs/nxt/gcc-arm-none-eabi-4_9-2015q3//lib/gcc/arm-none-eabi/4.9.3//libgcc.a(_udivsi3.o)
 .ARM.attributes
                0x000007d8       0x18 /mnt/n7fs/nxt/gcc-arm-none-eabi-4_9-2015q3//lib/gcc/arm-none-eabi/4.9.3//libgcc.a(_divsi3.o)
 .ARM.attributes
                0x000007f0       0x18 /mnt/n7fs/nxt/gcc-arm-none-eabi-4_9-2015q3//lib/gcc/arm-none-eabi/4.9.3//libgcc.a(_dvmd_tls.o)
 .ARM.attributes
                0x00000808       0x18 /mnt/n7fs/nxt/gcc-arm-none-eabi-4_9-2015q3//lib/gcc/arm-none-eabi/4.9.3//libgcc.a(_arm_addsubdf3.o)
 .ARM.attributes
                0x00000820       0x18 /mnt/n7fs/nxt/gcc-arm-none-eabi-4_9-2015q3//lib/gcc/arm-none-eabi/4.9.3//libgcc.a(_arm_muldivdf3.o)
 .ARM.attributes
                0x00000838       0x18 /mnt/n7fs/nxt/gcc-arm-none-eabi-4_9-2015q3//lib/gcc/arm-none-eabi/4.9.3//libgcc.a(_arm_fixdfsi.o)
 .ARM.attributes
                0x00000850       0x18 /mnt/n7fs/nxt/gcc-arm-none-eabi-4_9-2015q3//lib/gcc/arm-none-eabi/4.9.3//libgcc.a(_arm_truncdfsf2.o)
 .ARM.attributes
                0x00000868       0x18 /mnt/n7fs/nxt/gcc-arm-none-eabi-4_9-2015q3//lib/gcc/arm-none-eabi/4.9.3//libgcc.a(_arm_addsubsf3.o)
 .ARM.attributes
                0x00000880       0x18 /mnt/n7fs/nxt/gcc-arm-none-eabi-4_9-2015q3//lib/gcc/arm-none-eabi/4.9.3//libgcc.a(_arm_muldivsf3.o)
 .ARM.attributes
                0x00000898       0x18 /mnt/n7fs/nxt/gcc-arm-none-eabi-4_9-2015q3//lib/gcc/arm-none-eabi/4.9.3//libgcc.a(_arm_cmpsf2.o)
 .ARM.attributes
                0x000008b0       0x18 /mnt/n7fs/nxt/gcc-arm-none-eabi-4_9-2015q3//lib/gcc/arm-none-eabi/4.9.3//libgcc.a(_arm_fixsfsi.o)
 .ARM.attributes
                0x000008c8       0x30 /mnt/n7fs/nxt/gcc-arm-none-eabi-4_9-2015q3//arm-none-eabi/lib/libc.a(lib_a-memcpy.o)
 .ARM.attributes
                0x000008f8       0x30 /mnt/n7fs/nxt/gcc-arm-none-eabi-4_9-2015q3//arm-none-eabi/lib/libc.a(lib_a-memset.o)
 .ARM.attributes
                0x00000928       0x30 /mnt/n7fs/nxt/gcc-arm-none-eabi-4_9-2015q3//arm-none-eabi/lib/libc.a(lib_a-strlen.o)

.vfp11_veneer   0x0020a0b8        0x0 load address 0x00000958
 .vfp11_veneer  0x00000000        0x0 linker stubs

.v4_bx          0x0020a0b8        0x0 load address 0x00000958
 .v4_bx         0x00000000        0x0 linker stubs

.iplt           0x0020a0b8        0x0 load address 0x00000958
 .iplt          0x00000000        0x0 build/obj/nxtSegway.c.o

.rel.dyn        0x0020a0b8        0x0 load address 0x00000958
 .rel.iplt      0x00000000        0x0 build/obj/nxtSegway.c.o

.debug_info     0x00000000    0x1102c
 .debug_info    0x00000000      0x960 build/obj/nxtSegway.c.o
 .debug_info    0x00000960      0x855 build/obj/tools.c.o
 .debug_info    0x000011b5      0x2bb build/obj/tpl_dispatch_table.c.o
 .debug_info    0x00001470       0x76 build/obj/tpl_invoque.S.o
 .debug_info    0x000014e6      0x803 build/obj/tpl_os_alarm_kernel.c.o
 .debug_info    0x00001ce9      0x6f3 build/obj/tpl_os_event_kernel.c.o
 .debug_info    0x000023dc      0x992 build/obj/tpl_os_it_kernel.c.o
 .debug_info    0x00002d6e      0x72c build/obj/tpl_os_rez_kernel.c.o
 .debug_info    0x0000349a      0x7eb build/obj/tpl_os_task_kernel.c.o
 .debug_info    0x00003c85      0x639 build/obj/tpl_os_timeobj_kernel.c.o
 .debug_info    0x000042be      0xe76 build/obj/tpl_os_kernel.c.o
 .debug_info    0x00005134      0x4c4 build/obj/tpl_os_action.c.o
 .debug_info    0x000055f8      0x302 build/obj/tpl_os.c.o
 .debug_info    0x000058fa      0x68b build/obj/tpl_machine_arm_generic.c.o
 .debug_info    0x00005f85       0x93 build/obj/tpl_irq.S.o
 .debug_info    0x00006018       0x9b build/obj/tpl_system_call.S.o
 .debug_info    0x000060b3       0x9c build/obj/tpl_vector_table.s.o
 .debug_info    0x0000614f       0x9d build/obj/nxt_tpl_sleep.S.o
 .debug_info    0x000061ec      0x407 build/obj/nxt_tpl_stubs.c.o
 .debug_info    0x000065f3      0x37a build/obj/nxt_irq.c.o
 .debug_info    0x0000696d       0xa3 build/obj/nxt_exception_catch.S.o
 .debug_info    0x00006a10       0xa4 build/obj/nxt_bootstrap_stage1.S.o
 .debug_info    0x00006ab4      0x1dd build/obj/nxt_exception_catch.c.o
 .debug_info    0x00006c91       0x9f build/obj/nxt_entry_point.s.o
 .debug_info    0x00006d30       0x9a build/obj/interrupts.s.o
 .debug_info    0x00006dca     0x202a build/obj/ecrobot_interface.c.o
 .debug_info    0x00008df4      0xdfd build/obj/ecrobot_bluetooth.c.o
 .debug_info    0x00009bf1      0x988 build/obj/ecrobot_HiTechnic.c.o
 .debug_info    0x0000a579      0xa3f build/obj/flash_loader.c.o
 .debug_info    0x0000afb8      0x945 build/obj/aic.c.o
 .debug_info    0x0000b8fd      0x695 build/obj/nxt_avr.c.o
 .debug_info    0x0000bf92      0x6ca build/obj/i2c.c.o
 .debug_info    0x0000c65c      0x2ed build/obj/systick.c.o
 .debug_info    0x0000c949      0x3d0 build/obj/nxt_motors.c.o
 .debug_info    0x0000cd19      0x851 build/obj/bt.c.o
 .debug_info    0x0000d56a      0x9f3 build/obj/display.c.o
 .debug_info    0x0000df5d      0x66c build/obj/sensors.c.o
 .debug_info    0x0000e5c9      0x2f5 build/obj/twi.c.o
 .debug_info    0x0000e8be      0x807 build/obj/nxt_lcd.c.o
 .debug_info    0x0000f0c5      0x2ea build/obj/nxt_spi.c.o
 .debug_info    0x0000f3af      0x7c6 build/obj/sound.c.o
 .debug_info    0x0000fb75      0x44b build/obj/buttons.c.o
 .debug_info    0x0000ffc0     0x106c build/obj/tpl_app_config.c.o

.debug_abbrev   0x00000000     0x47dc
 .debug_abbrev  0x00000000      0x24d build/obj/nxtSegway.c.o
 .debug_abbrev  0x0000024d      0x2bf build/obj/tools.c.o
 .debug_abbrev  0x0000050c       0xe8 build/obj/tpl_dispatch_table.c.o
 .debug_abbrev  0x000005f4       0x14 build/obj/tpl_invoque.S.o
 .debug_abbrev  0x00000608      0x21e build/obj/tpl_os_alarm_kernel.c.o
 .debug_abbrev  0x00000826      0x198 build/obj/tpl_os_event_kernel.c.o
 .debug_abbrev  0x000009be      0x31f build/obj/tpl_os_it_kernel.c.o
 .debug_abbrev  0x00000cdd      0x1d0 build/obj/tpl_os_rez_kernel.c.o
 .debug_abbrev  0x00000ead      0x24b build/obj/tpl_os_task_kernel.c.o
 .debug_abbrev  0x000010f8      0x20c build/obj/tpl_os_timeobj_kernel.c.o
 .debug_abbrev  0x00001304      0x291 build/obj/tpl_os_kernel.c.o
 .debug_abbrev  0x00001595      0x15e build/obj/tpl_os_action.c.o
 .debug_abbrev  0x000016f3      0x143 build/obj/tpl_os.c.o
 .debug_abbrev  0x00001836      0x1c6 build/obj/tpl_machine_arm_generic.c.o
 .debug_abbrev  0x000019fc       0x14 build/obj/tpl_irq.S.o
 .debug_abbrev  0x00001a10       0x14 build/obj/tpl_system_call.S.o
 .debug_abbrev  0x00001a24       0x14 build/obj/tpl_vector_table.s.o
 .debug_abbrev  0x00001a38       0x14 build/obj/nxt_tpl_sleep.S.o
 .debug_abbrev  0x00001a4c      0x152 build/obj/nxt_tpl_stubs.c.o
 .debug_abbrev  0x00001b9e      0x155 build/obj/nxt_irq.c.o
 .debug_abbrev  0x00001cf3       0x14 build/obj/nxt_exception_catch.S.o
 .debug_abbrev  0x00001d07       0x14 build/obj/nxt_bootstrap_stage1.S.o
 .debug_abbrev  0x00001d1b       0xbf build/obj/nxt_exception_catch.c.o
 .debug_abbrev  0x00001dda       0x14 build/obj/nxt_entry_point.s.o
 .debug_abbrev  0x00001dee       0x14 build/obj/interrupts.s.o
 .debug_abbrev  0x00001e02      0x405 build/obj/ecrobot_interface.c.o
 .debug_abbrev  0x00002207      0x3e8 build/obj/ecrobot_bluetooth.c.o
 .debug_abbrev  0x000025ef      0x21e build/obj/ecrobot_HiTechnic.c.o
 .debug_abbrev  0x0000280d      0x268 build/obj/flash_loader.c.o
 .debug_abbrev  0x00002a75      0x11f build/obj/aic.c.o
 .debug_abbrev  0x00002b94      0x26c build/obj/nxt_avr.c.o
 .debug_abbrev  0x00002e00      0x2a7 build/obj/i2c.c.o
 .debug_abbrev  0x000030a7      0x126 build/obj/systick.c.o
 .debug_abbrev  0x000031cd      0x1b7 build/obj/nxt_motors.c.o
 .debug_abbrev  0x00003384      0x2fd build/obj/bt.c.o
 .debug_abbrev  0x00003681      0x387 build/obj/display.c.o
 .debug_abbrev  0x00003a08      0x1de build/obj/sensors.c.o
 .debug_abbrev  0x00003be6      0x159 build/obj/twi.c.o
 .debug_abbrev  0x00003d3f      0x1ba build/obj/nxt_lcd.c.o
 .debug_abbrev  0x00003ef9      0x1ab build/obj/nxt_spi.c.o
 .debug_abbrev  0x000040a4      0x359 build/obj/sound.c.o
 .debug_abbrev  0x000043fd      0x19e build/obj/buttons.c.o
 .debug_abbrev  0x0000459b      0x241 build/obj/tpl_app_config.c.o

.debug_loc      0x00000000     0x4d7c
 .debug_loc     0x00000000      0x231 build/obj/nxtSegway.c.o
 .debug_loc     0x00000231      0x54a build/obj/tools.c.o
 .debug_loc     0x0000077b      0x364 build/obj/tpl_os_alarm_kernel.c.o
 .debug_loc     0x00000adf      0x126 build/obj/tpl_os_event_kernel.c.o
 .debug_loc     0x00000c05       0x89 build/obj/tpl_os_it_kernel.c.o
 .debug_loc     0x00000c8e       0xf3 build/obj/tpl_os_rez_kernel.c.o
 .debug_loc     0x00000d81      0x119 build/obj/tpl_os_task_kernel.c.o
 .debug_loc     0x00000e9a      0x197 build/obj/tpl_os_timeobj_kernel.c.o
 .debug_loc     0x00001031      0x36d build/obj/tpl_os_kernel.c.o
 .debug_loc     0x0000139e       0xac build/obj/tpl_os_action.c.o
 .debug_loc     0x0000144a       0x21 build/obj/tpl_os.c.o
 .debug_loc     0x0000146b       0x55 build/obj/tpl_machine_arm_generic.c.o
 .debug_loc     0x000014c0       0x13 build/obj/nxt_irq.c.o
 .debug_loc     0x000014d3      0xdb9 build/obj/ecrobot_interface.c.o
 .debug_loc     0x0000228c      0x58d build/obj/ecrobot_bluetooth.c.o
 .debug_loc     0x00002819      0x303 build/obj/ecrobot_HiTechnic.c.o
 .debug_loc     0x00002b1c      0x203 build/obj/flash_loader.c.o
 .debug_loc     0x00002d1f      0x173 build/obj/aic.c.o
 .debug_loc     0x00002e92      0x237 build/obj/nxt_avr.c.o
 .debug_loc     0x000030c9      0x494 build/obj/i2c.c.o
 .debug_loc     0x0000355d       0x60 build/obj/systick.c.o
 .debug_loc     0x000035bd      0x1d3 build/obj/nxt_motors.c.o
 .debug_loc     0x00003790      0x419 build/obj/bt.c.o
 .debug_loc     0x00003ba9      0x50a build/obj/display.c.o
 .debug_loc     0x000040b3      0x168 build/obj/sensors.c.o
 .debug_loc     0x0000421b      0x16b build/obj/twi.c.o
 .debug_loc     0x00004386      0x2b2 build/obj/nxt_lcd.c.o
 .debug_loc     0x00004638       0xda build/obj/nxt_spi.c.o
 .debug_loc     0x00004712      0x5e2 build/obj/sound.c.o
 .debug_loc     0x00004cf4       0x69 build/obj/buttons.c.o
 .debug_loc     0x00004d5d       0x1f build/obj/tpl_app_config.c.o

.debug_aranges  0x00000000      0xde0
 .debug_aranges
                0x00000000       0x60 build/obj/nxtSegway.c.o
 .debug_aranges
                0x00000060       0x68 build/obj/tools.c.o
 .debug_aranges
                0x000000c8       0x18 build/obj/tpl_dispatch_table.c.o
 .debug_aranges
                0x000000e0       0x20 build/obj/tpl_invoque.S.o
 .debug_aranges
                0x00000100       0x48 build/obj/tpl_os_alarm_kernel.c.o
 .debug_aranges
                0x00000148       0x38 build/obj/tpl_os_event_kernel.c.o
 .debug_aranges
                0x00000180       0x80 build/obj/tpl_os_it_kernel.c.o
 .debug_aranges
                0x00000200       0x30 build/obj/tpl_os_rez_kernel.c.o
 .debug_aranges
                0x00000230       0x48 build/obj/tpl_os_task_kernel.c.o
 .debug_aranges
                0x00000278       0x38 build/obj/tpl_os_timeobj_kernel.c.o
 .debug_aranges
                0x000002b0       0xb0 build/obj/tpl_os_kernel.c.o
 .debug_aranges
                0x00000360       0x30 build/obj/tpl_os_action.c.o
 .debug_aranges
                0x00000390       0x20 build/obj/tpl_os.c.o
 .debug_aranges
                0x000003b0       0x50 build/obj/tpl_machine_arm_generic.c.o
 .debug_aranges
                0x00000400       0x20 build/obj/tpl_irq.S.o
 .debug_aranges
                0x00000420       0x20 build/obj/tpl_system_call.S.o
 .debug_aranges
                0x00000440       0x20 build/obj/tpl_vector_table.s.o
 .debug_aranges
                0x00000460       0x20 build/obj/nxt_tpl_sleep.S.o
 .debug_aranges
                0x00000480       0x28 build/obj/nxt_tpl_stubs.c.o
 .debug_aranges
                0x000004a8       0x28 build/obj/nxt_irq.c.o
 .debug_aranges
                0x000004d0       0x20 build/obj/nxt_exception_catch.S.o
 .debug_aranges
                0x000004f0       0x20 build/obj/nxt_bootstrap_stage1.S.o
 .debug_aranges
                0x00000510       0x20 build/obj/nxt_exception_catch.c.o
 .debug_aranges
                0x00000530       0x20 build/obj/nxt_entry_point.s.o
 .debug_aranges
                0x00000550       0x20 build/obj/interrupts.s.o
 .debug_aranges
                0x00000570      0x168 build/obj/ecrobot_interface.c.o
 .debug_aranges
                0x000006d8       0x90 build/obj/ecrobot_bluetooth.c.o
 .debug_aranges
                0x00000768       0x88 build/obj/ecrobot_HiTechnic.c.o
 .debug_aranges
                0x000007f0       0x50 build/obj/flash_loader.c.o
 .debug_aranges
                0x00000840       0x40 build/obj/aic.c.o
 .debug_aranges
                0x00000880       0x68 build/obj/nxt_avr.c.o
 .debug_aranges
                0x000008e8       0x48 build/obj/i2c.c.o
 .debug_aranges
                0x00000930       0x60 build/obj/systick.c.o
 .debug_aranges
                0x00000990       0x58 build/obj/nxt_motors.c.o
 .debug_aranges
                0x000009e8       0x88 build/obj/bt.c.o
 .debug_aranges
                0x00000a70       0x98 build/obj/display.c.o
 .debug_aranges
                0x00000b08       0x58 build/obj/sensors.c.o
 .debug_aranges
                0x00000b60       0x48 build/obj/twi.c.o
 .debug_aranges
                0x00000ba8       0xd0 build/obj/nxt_lcd.c.o
 .debug_aranges
                0x00000c78       0x48 build/obj/nxt_spi.c.o
 .debug_aranges
                0x00000cc0       0x78 build/obj/sound.c.o
 .debug_aranges
                0x00000d38       0x28 build/obj/buttons.c.o
 .debug_aranges
                0x00000d60       0x80 build/obj/tpl_app_config.c.o

.debug_ranges   0x00000000      0xd08
 .debug_ranges  0x00000000       0x68 build/obj/nxtSegway.c.o
 .debug_ranges  0x00000068       0x58 build/obj/tools.c.o
 .debug_ranges  0x000000c0       0x50 build/obj/tpl_os_alarm_kernel.c.o
 .debug_ranges  0x00000110       0x28 build/obj/tpl_os_event_kernel.c.o
 .debug_ranges  0x00000138       0x70 build/obj/tpl_os_it_kernel.c.o
 .debug_ranges  0x000001a8       0x20 build/obj/tpl_os_rez_kernel.c.o
 .debug_ranges  0x000001c8       0x38 build/obj/tpl_os_task_kernel.c.o
 .debug_ranges  0x00000200       0x28 build/obj/tpl_os_timeobj_kernel.c.o
 .debug_ranges  0x00000228       0xa0 build/obj/tpl_os_kernel.c.o
 .debug_ranges  0x000002c8       0x20 build/obj/tpl_os_action.c.o
 .debug_ranges  0x000002e8       0x10 build/obj/tpl_os.c.o
 .debug_ranges  0x000002f8       0x40 build/obj/tpl_machine_arm_generic.c.o
 .debug_ranges  0x00000338       0x18 build/obj/nxt_tpl_stubs.c.o
 .debug_ranges  0x00000350       0x18 build/obj/nxt_irq.c.o
 .debug_ranges  0x00000368       0x10 build/obj/nxt_exception_catch.c.o
 .debug_ranges  0x00000378      0x1a8 build/obj/ecrobot_interface.c.o
 .debug_ranges  0x00000520       0xb0 build/obj/ecrobot_bluetooth.c.o
 .debug_ranges  0x000005d0       0x78 build/obj/ecrobot_HiTechnic.c.o
 .debug_ranges  0x00000648       0x40 build/obj/flash_loader.c.o
 .debug_ranges  0x00000688       0x30 build/obj/aic.c.o
 .debug_ranges  0x000006b8       0x70 build/obj/nxt_avr.c.o
 .debug_ranges  0x00000728       0x38 build/obj/i2c.c.o
 .debug_ranges  0x00000760       0x50 build/obj/systick.c.o
 .debug_ranges  0x000007b0       0x48 build/obj/nxt_motors.c.o
 .debug_ranges  0x000007f8       0xc0 build/obj/bt.c.o
 .debug_ranges  0x000008b8      0x130 build/obj/display.c.o
 .debug_ranges  0x000009e8       0x48 build/obj/sensors.c.o
 .debug_ranges  0x00000a30       0x38 build/obj/twi.c.o
 .debug_ranges  0x00000a68       0xd8 build/obj/nxt_lcd.c.o
 .debug_ranges  0x00000b40       0x38 build/obj/nxt_spi.c.o
 .debug_ranges  0x00000b78      0x108 build/obj/sound.c.o
 .debug_ranges  0x00000c80       0x18 build/obj/buttons.c.o
 .debug_ranges  0x00000c98       0x70 build/obj/tpl_app_config.c.o

.debug_line     0x00000000     0x691d
 .debug_line    0x00000000      0x393 build/obj/nxtSegway.c.o
 .debug_line    0x00000393      0x2ac build/obj/tools.c.o
 .debug_line    0x0000063f      0x18c build/obj/tpl_dispatch_table.c.o
 .debug_line    0x000007cb       0x9a build/obj/tpl_invoque.S.o
 .debug_line    0x00000865      0x322 build/obj/tpl_os_alarm_kernel.c.o
 .debug_line    0x00000b87      0x2be build/obj/tpl_os_event_kernel.c.o
 .debug_line    0x00000e45      0x322 build/obj/tpl_os_it_kernel.c.o
 .debug_line    0x00001167      0x2fc build/obj/tpl_os_rez_kernel.c.o
 .debug_line    0x00001463      0x2f0 build/obj/tpl_os_task_kernel.c.o
 .debug_line    0x00001753      0x2af build/obj/tpl_os_timeobj_kernel.c.o
 .debug_line    0x00001a02      0x481 build/obj/tpl_os_kernel.c.o
 .debug_line    0x00001e83      0x24a build/obj/tpl_os_action.c.o
 .debug_line    0x000020cd      0x204 build/obj/tpl_os.c.o
 .debug_line    0x000022d1      0x2c3 build/obj/tpl_machine_arm_generic.c.o
 .debug_line    0x00002594       0xa0 build/obj/tpl_irq.S.o
 .debug_line    0x00002634       0xbc build/obj/tpl_system_call.S.o
 .debug_line    0x000026f0       0x7c build/obj/tpl_vector_table.s.o
 .debug_line    0x0000276c       0x6e build/obj/nxt_tpl_sleep.S.o
 .debug_line    0x000027da      0x2e5 build/obj/nxt_tpl_stubs.c.o
 .debug_line    0x00002abf      0x219 build/obj/nxt_irq.c.o
 .debug_line    0x00002cd8       0x80 build/obj/nxt_exception_catch.S.o
 .debug_line    0x00002d58       0x8a build/obj/nxt_bootstrap_stage1.S.o
 .debug_line    0x00002de2       0xfd build/obj/nxt_exception_catch.c.o
 .debug_line    0x00002edf       0x7d build/obj/nxt_entry_point.s.o
 .debug_line    0x00002f5c       0x84 build/obj/interrupts.s.o
 .debug_line    0x00002fe0      0x750 build/obj/ecrobot_interface.c.o
 .debug_line    0x00003730      0x4f3 build/obj/ecrobot_bluetooth.c.o
 .debug_line    0x00003c23      0x345 build/obj/ecrobot_HiTechnic.c.o
 .debug_line    0x00003f68      0x41c build/obj/flash_loader.c.o
 .debug_line    0x00004384      0x147 build/obj/aic.c.o
 .debug_line    0x000044cb      0x274 build/obj/nxt_avr.c.o
 .debug_line    0x0000473f      0x326 build/obj/i2c.c.o
 .debug_line    0x00004a65      0x1a6 build/obj/systick.c.o
 .debug_line    0x00004c0b      0x18e build/obj/nxt_motors.c.o
 .debug_line    0x00004d99      0x589 build/obj/bt.c.o
 .debug_line    0x00005322      0x4ce build/obj/display.c.o
 .debug_line    0x000057f0      0x252 build/obj/sensors.c.o
 .debug_line    0x00005a42      0x18a build/obj/twi.c.o
 .debug_line    0x00005bcc      0x274 build/obj/nxt_lcd.c.o
 .debug_line    0x00005e40      0x189 build/obj/nxt_spi.c.o
 .debug_line    0x00005fc9      0x2b4 build/obj/sound.c.o
 .debug_line    0x0000627d      0x2ae build/obj/buttons.c.o
 .debug_line    0x0000652b      0x3f2 build/obj/tpl_app_config.c.o

.debug_str      0x00000000     0x46a5
 .debug_str     0x00000000      0x511 build/obj/nxtSegway.c.o
                                0x592 (size before relaxing)
 .debug_str     0x00000511      0x126 build/obj/tools.c.o
                                0x511 (size before relaxing)
 .debug_str     0x00000637       0x42 build/obj/tpl_dispatch_table.c.o
                                0x316 (size before relaxing)
 .debug_str     0x00000679      0x2ec build/obj/tpl_os_alarm_kernel.c.o
                                0x622 (size before relaxing)
 .debug_str     0x00000965      0x27d build/obj/tpl_os_event_kernel.c.o
                                0x604 (size before relaxing)
 .debug_str     0x00000be2      0x2d5 build/obj/tpl_os_it_kernel.c.o
                                0x838 (size before relaxing)
 .debug_str     0x00000eb7       0xfc build/obj/tpl_os_rez_kernel.c.o
                                0x64b (size before relaxing)
 .debug_str     0x00000fb3      0x114 build/obj/tpl_os_task_kernel.c.o
                                0x6a7 (size before relaxing)
 .debug_str     0x000010c7       0xe5 build/obj/tpl_os_timeobj_kernel.c.o
                                0x50c (size before relaxing)
 .debug_str     0x000011ac      0x264 build/obj/tpl_os_kernel.c.o
                                0xa6f (size before relaxing)
 .debug_str     0x00001410      0x118 build/obj/tpl_os_action.c.o
                                0x493 (size before relaxing)
 .debug_str     0x00001528       0x48 build/obj/tpl_os.c.o
                                0x34a (size before relaxing)
 .debug_str     0x00001570      0x246 build/obj/tpl_machine_arm_generic.c.o
                                0x6fc (size before relaxing)
 .debug_str     0x000017b6       0xc2 build/obj/nxt_tpl_stubs.c.o
                                0x3fc (size before relaxing)
 .debug_str     0x00001878       0xe4 build/obj/nxt_irq.c.o
                                0x3c4 (size before relaxing)
 .debug_str     0x0000195c       0xae build/obj/nxt_exception_catch.c.o
                                0x218 (size before relaxing)
 .debug_str     0x00001a0a      0x798 build/obj/ecrobot_interface.c.o
                                0xb8c (size before relaxing)
 .debug_str     0x000021a2      0x27f build/obj/ecrobot_bluetooth.c.o
                                0x637 (size before relaxing)
 .debug_str     0x00002421      0x1be build/obj/ecrobot_HiTechnic.c.o
                                0x4bf (size before relaxing)
 .debug_str     0x000025df      0x21d build/obj/flash_loader.c.o
                                0x548 (size before relaxing)
 .debug_str     0x000027fc      0x70c build/obj/aic.c.o
                                0x882 (size before relaxing)
 .debug_str     0x00002f08      0x27c build/obj/nxt_avr.c.o
                                0x480 (size before relaxing)
 .debug_str     0x00003184      0x270 build/obj/i2c.c.o
                                0x4cd (size before relaxing)
 .debug_str     0x000033f4      0x100 build/obj/systick.c.o
                                0x2f0 (size before relaxing)
 .debug_str     0x000034f4      0x130 build/obj/nxt_motors.c.o
                                0x35a (size before relaxing)
 .debug_str     0x00003624      0x14e build/obj/bt.c.o
                                0x52e (size before relaxing)
 .debug_str     0x00003772      0x1a9 build/obj/display.c.o
                                0x492 (size before relaxing)
 .debug_str     0x0000391b      0x193 build/obj/sensors.c.o
                                0x4a7 (size before relaxing)
 .debug_str     0x00003aae      0x101 build/obj/twi.c.o
                                0x2ee (size before relaxing)
 .debug_str     0x00003baf      0x24f build/obj/nxt_lcd.c.o
                                0x424 (size before relaxing)
 .debug_str     0x00003dfe       0x91 build/obj/nxt_spi.c.o
                                0x298 (size before relaxing)
 .debug_str     0x00003e8f      0x1c5 build/obj/sound.c.o
                                0x3c0 (size before relaxing)
 .debug_str     0x00004054       0x5f build/obj/buttons.c.o
                                0x433 (size before relaxing)
 .debug_str     0x000040b3      0x5f2 build/obj/tpl_app_config.c.o
                                0xf07 (size before relaxing)

.debug_frame    0x00000000     0x23c0
 .debug_frame   0x00000000      0x138 build/obj/nxtSegway.c.o
 .debug_frame   0x00000138      0x164 build/obj/tools.c.o
 .debug_frame   0x0000029c       0xd4 build/obj/tpl_os_alarm_kernel.c.o
 .debug_frame   0x00000370       0x80 build/obj/tpl_os_event_kernel.c.o
 .debug_frame   0x000003f0      0x154 build/obj/tpl_os_it_kernel.c.o
 .debug_frame   0x00000544       0x64 build/obj/tpl_os_rez_kernel.c.o
 .debug_frame   0x000005a8       0xd8 build/obj/tpl_os_task_kernel.c.o
 .debug_frame   0x00000680       0x80 build/obj/tpl_os_timeobj_kernel.c.o
 .debug_frame   0x00000700      0x20c build/obj/tpl_os_kernel.c.o
 .debug_frame   0x0000090c       0x64 build/obj/tpl_os_action.c.o
 .debug_frame   0x00000970       0x2c build/obj/tpl_os.c.o
 .debug_frame   0x0000099c       0x80 build/obj/tpl_machine_arm_generic.c.o
 .debug_frame   0x00000a1c       0x44 build/obj/nxt_tpl_stubs.c.o
 .debug_frame   0x00000a60       0x3c build/obj/nxt_irq.c.o
 .debug_frame   0x00000a9c       0x28 build/obj/nxt_exception_catch.c.o
 .debug_frame   0x00000ac4      0x4ec build/obj/ecrobot_interface.c.o
 .debug_frame   0x00000fb0      0x1e4 build/obj/ecrobot_bluetooth.c.o
 .debug_frame   0x00001194      0x1dc build/obj/ecrobot_HiTechnic.c.o
 .debug_frame   0x00001370       0xe8 build/obj/flash_loader.c.o
 .debug_frame   0x00001458       0xa4 build/obj/aic.c.o
 .debug_frame   0x000014fc       0xe8 build/obj/nxt_avr.c.o
 .debug_frame   0x000015e4       0xd0 build/obj/i2c.c.o
 .debug_frame   0x000016b4       0xe8 build/obj/systick.c.o
 .debug_frame   0x0000179c       0xc4 build/obj/nxt_motors.c.o
 .debug_frame   0x00001860      0x180 build/obj/bt.c.o
 .debug_frame   0x000019e0      0x1b0 build/obj/display.c.o
 .debug_frame   0x00001b90       0xe4 build/obj/sensors.c.o
 .debug_frame   0x00001c74       0xa0 build/obj/twi.c.o
 .debug_frame   0x00001d14      0x1e0 build/obj/nxt_lcd.c.o
 .debug_frame   0x00001ef4       0xa4 build/obj/nxt_spi.c.o
 .debug_frame   0x00001f98      0x194 build/obj/sound.c.o
 .debug_frame   0x0000212c       0x50 build/obj/buttons.c.o
 .debug_frame   0x0000217c      0x17c build/obj/tpl_app_config.c.o
 .debug_frame   0x000022f8       0x20 /mnt/n7fs/nxt/gcc-arm-none-eabi-4_9-2015q3//lib/gcc/arm-none-eabi/4.9.3//libgcc.a(_udivsi3.o)
 .debug_frame   0x00002318       0x20 /mnt/n7fs/nxt/gcc-arm-none-eabi-4_9-2015q3//lib/gcc/arm-none-eabi/4.9.3//libgcc.a(_divsi3.o)
 .debug_frame   0x00002338       0x38 /mnt/n7fs/nxt/gcc-arm-none-eabi-4_9-2015q3//arm-none-eabi/lib/libc.a(lib_a-memcpy.o)
 .debug_frame   0x00002370       0x30 /mnt/n7fs/nxt/gcc-arm-none-eabi-4_9-2015q3//arm-none-eabi/lib/libc.a(lib_a-memset.o)
 .debug_frame   0x000023a0       0x20 /mnt/n7fs/nxt/gcc-arm-none-eabi-4_9-2015q3//arm-none-eabi/lib/libc.a(lib_a-strlen.o)

Cross Reference Table

Symbol                                            File
ActivateTask                                      build/obj/tpl_invoque.S.o