Archive member included because of file (symbol)

/mnt/n7fs/nxt/gcc-arm-none-eabi-4_9-2015q3//lib/gcc/arm-none-eabi/4.9.3//libgcc.a(_udivsi3.o)
                              build/obj/ecrobot_interface.c.o (__aeabi_uidiv)
/mnt/n7fs/nxt/gcc-arm-none-eabi-4_9-2015q3//lib/gcc/arm-none-eabi/4.9.3//libgcc.a(_divsi3.o)
                              build/obj/nxtSegway.c.o (__aeabi_idiv)
/mnt/n7fs/nxt/gcc-arm-none-eabi-4_9-2015q3//lib/gcc/arm-none-eabi/4.9.3//libgcc.a(_dvmd_tls.o)
                              /mnt/n7fs/nxt/gcc-arm-none-eabi-4_9-2015q3//lib/gcc/arm-none-eabi/4.9.3//libgcc.a(_udivsi3.o) (__aeabi_idiv0)
/mnt/n7fs/nxt/gcc-arm-none-eabi-4_9-2015q3//lib/gcc/arm-none-eabi/4.9.3//libgcc.a(_arm_addsubdf3.o)
                              build/obj/tools.c.o (__aeabi_dsub)
/mnt/n7fs/nxt/gcc-arm-none-eabi-4_9-2015q3//lib/gcc/arm-none-eabi/4.9.3//libgcc.a(_arm_muldivdf3.o)
                              build/obj/nxtSegway.c.o (__aeabi_dmul)
/mnt/n7fs/nxt/gcc-arm-none-eabi-4_9-2015q3//lib/gcc/arm-none-eabi/4.9.3//libgcc.a(_arm_fixdfsi.o)
                              build/obj/nxtSegway.c.o (__aeabi_d2iz)
/mnt/n7fs/nxt/gcc-arm-none-eabi-4_9-2015q3//lib/gcc/arm-none-eabi/4.9.3//libgcc.a(_arm_truncdfsf2.o)
                              build/obj/tools.c.o (__aeabi_d2f)
/mnt/n7fs/nxt/gcc-arm-none-eabi-4_9-2015q3//lib/gcc/arm-none-eabi/4.9.3//libgcc.a(_arm_addsubsf3.o)
                              build/obj/nxtSegway.c.o (__aeabi_fsub)
/mnt/n7fs/nxt/gcc-arm-none-eabi-4_9-2015q3//lib/gcc/arm-none-eabi/4.9.3//libgcc.a(_arm_muldivsf3.o)
                              build/obj/nxtSegway.c.o (__aeabi_fmul)
/mnt/n7fs/nxt/gcc-arm-none-eabi-4_9-2015q3//lib/gcc/arm-none-eabi/4.9.3//libgcc.a(_arm_cmpsf2.o)
                              build/obj/tools.c.o (__aeabi_fcmplt)
/mnt/n7fs/nxt/gcc-arm-none-eabi-4_9-2015q3//lib/gcc/arm-none-eabi/4.9.3//libgcc.a(_arm_fixsfsi.o)
                              build/obj/tools.c.o (__aeabi_f2iz)
/mnt/n7fs/nxt/gcc-arm-none-eabi-4_9-2015q3//lib/gcc/arm-none-eabi/4.9.3//libgcc.a(_aeabi_ldivmod.o)
                              build/obj/sound.c.o (__aeabi_ldivmod)
/mnt/n7fs/nxt/gcc-arm-none-eabi-4_9-2015q3//lib/gcc/arm-none-eabi/4.9.3//libgcc.a(bpabi.o)
                              /mnt/n7fs/nxt/gcc-arm-none-eabi-4_9-2015q3//lib/gcc/arm-none-eabi/4.9.3//libgcc.a(_aeabi_ldivmod.o) (__gnu_ldivmod_helper)
/mnt/n7fs/nxt/gcc-arm-none-eabi-4_9-2015q3//lib/gcc/arm-none-eabi/4.9.3//libgcc.a(_divdi3.o)
                              /mnt/n7fs/nxt/gcc-arm-none-eabi-4_9-2015q3//lib/gcc/arm-none-eabi/4.9.3//libgcc.a(bpabi.o) (__divdi3)
/mnt/n7fs/nxt/gcc-arm-none-eabi-4_9-2015q3//lib/gcc/arm-none-eabi/4.9.3//libgcc.a(_udivdi3.o)
                              /mnt/n7fs/nxt/gcc-arm-none-eabi-4_9-2015q3//lib/gcc/arm-none-eabi/4.9.3//libgcc.a(bpabi.o) (__udivdi3)
/mnt/n7fs/nxt/gcc-arm-none-eabi-4_9-2015q3//lib/gcc/arm-none-eabi/4.9.3//libgcc.a(_clzdi2.o)
                              /mnt/n7fs/nxt/gcc-arm-none-eabi-4_9-2015q3//lib/gcc/arm-none-eabi/4.9.3//libgcc.a(_divdi3.o) (__clzdi2)
/mnt/n7fs/nxt/gcc-arm-none-eabi-4_9-2015q3//lib/gcc/arm-none-eabi/4.9.3//libgcc.a(_clzsi2.o)
                              /mnt/n7fs/nxt/gcc-arm-none-eabi-4_9-2015q3//lib/gcc/arm-none-eabi/4.9.3//libgcc.a(_clzdi2.o) (__clzsi2)
/mnt/n7fs/nxt/gcc-arm-none-eabi-4_9-2015q3//arm-none-eabi/lib/libc.a(lib_a-memcpy.o)
                              build/obj/ecrobot_usb.c.o (memcpy)
/mnt/n7fs/nxt/gcc-arm-none-eabi-4_9-2015q3//arm-none-eabi/lib/libc.a(lib_a-memset.o)
                              build/obj/ecrobot_usb.c.o (memset)
/mnt/n7fs/nxt/gcc-arm-none-eabi-4_9-2015q3//arm-none-eabi/lib/libc.a(lib_a-strcmp.o)
                              build/obj/ecrobot_usb.c.o (strcmp)
/mnt/n7fs/nxt/gcc-arm-none-eabi-4_9-2015q3//arm-none-eabi/lib/libc.a(lib_a-strcpy.o)
                              build/obj/ecrobot_usb.c.o (strcpy)
/mnt/n7fs/nxt/gcc-arm-none-eabi-4_9-2015q3//arm-none-eabi/lib/libc.a(lib_a-strlen.o)
                              build/obj/ecrobot_base.c.o (strlen)
/mnt/n7fs/nxt/gcc-arm-none-eabi-4_9-2015q3//arm-none-eabi/lib/libc.a(lib_a-strncpy.o)
                              build/obj/ecrobot_bluetooth.c.o (strncpy)

Allocating common symbols
Common symbol       size              file

x                   0x10              build/obj/nxtSegway.c.o
avg_cnt             0x4               build/obj/nxtSegway.c.o
setpoint            0x4               build/obj/nxtSegway.c.o
display_x           0x4               build/obj/display.c.o
gyro_offset_sum     0x4               build/obj/nxtSegway.c.o
in_buf              0x100             build/obj/bt.c.o
gyro_offset         0x4               build/obj/nxtSegway.c.o
y                   0x8               build/obj/nxtSegway.c.o
display_y           0x4               build/obj/display.c.o
brake               0x4               build/obj/nxtSegway.c.o
bt_frame            0x80              build/obj/bt.c.o
u                   0x4               build/obj/nxtSegway.c.o
[...]
Memory Configuration

Name             Origin             Length             Attributes
header_ram       0x001ffff0         0x00000010
vector_ram       0x00200000         0x00000040
ram              0x00200040         0x0000ffc0
*default*        0x00000000         0xffffffff

Linker script and memory map

LOAD build/obj/nxtSegway.c.o
LOAD build/obj/tools.c.o
LOAD build/obj/tpl_dispatch_table.c.o
LOAD build/obj/tpl_invoque.S.o
LOAD build/obj/tpl_os_alarm_kernel.c.o
LOAD build/obj/tpl_os_event_kernel.c.o
LOAD build/obj/tpl_os_it_kernel.c.o
LOAD build/obj/tpl_os_rez_kernel.c.o
LOAD build/obj/tpl_os_task_kernel.c.o
LOAD build/obj/tpl_os_timeobj_kernel.c.o
LOAD build/obj/tpl_os_kernel.c.o
LOAD build/obj/tpl_os_action.c.o
LOAD build/obj/tpl_os_error.c.o
LOAD build/obj/tpl_os.c.o
LOAD build/obj/tpl_machine_arm_generic.c.o
LOAD build/obj/tpl_irq.S.o
LOAD build/obj/tpl_system_call.S.o
LOAD build/obj/tpl_stacks.S.o
LOAD build/obj/tpl_vector_table.s.o
LOAD build/obj/nxt_tpl_sleep.S.o
LOAD build/obj/nxt_tpl_stubs.c.o
LOAD build/obj/nxt_irq.c.o
LOAD build/obj/nxt_exception_catch.S.o
LOAD build/obj/nxt_bootstrap_stage1.S.o
LOAD build/obj/nxt_exception_catch.c.o
LOAD build/obj/nxt_binary_header.s.o
LOAD build/obj/nxt_entry_point.s.o
LOAD build/obj/interrupts.s.o
LOAD build/obj/ecrobot_usb.c.o
LOAD build/obj/ecrobot_interface.c.o
LOAD build/obj/ecrobot_device_hook.c.o
LOAD build/obj/ecrobot_bluetooth.c.o
LOAD build/obj/ecrobot_HiTechnic.c.o
LOAD build/obj/ecrobot_base.c.o
LOAD build/obj/flash_loader.c.o
LOAD build/obj/bios_display.c.o
LOAD build/obj/byte_fifo.c.o
LOAD build/obj/aic.c.o
LOAD build/obj/nxt_avr.c.o
LOAD build/obj/i2c.c.o
LOAD build/obj/systick.c.o
LOAD build/obj/nxt_motors.c.o
LOAD build/obj/bt.c.o
LOAD build/obj/display.c.o
LOAD build/obj/sensors.c.o
LOAD build/obj/twi.c.o
LOAD build/obj/nxt_lcd.c.o
LOAD build/obj/nxt_spi.c.o
LOAD build/obj/flashprog.c.o
LOAD build/obj/sound.c.o
LOAD build/obj/buttons.c.o
LOAD build/obj/tpl_app_config.c.o
LOAD /mnt/n7fs/nxt/gcc-arm-none-eabi-4_9-2015q3//lib/gcc/arm-none-eabi/4.9.3//libgcc.a
LOAD /mnt/n7fs/nxt/gcc-arm-none-eabi-4_9-2015q3//arm-none-eabi/lib/libc.a
                0x00200000                RAM_BASE = 0x200000
                0x00010000                RAM_SIZE = 0x10000

.header         0x001ffff0       0x10
 *nxt_binary_header.s.o(*.text *.text.*)
 .text          0x001ffff0       0x10 build/obj/nxt_binary_header.s.o
                0x00200000                . = ALIGN (0x10)

.vectors        0x00200000       0x40
 *tpl_vector_table.s.o(*.vectbl *.text.*)
 .vectbl        0x00200000       0x3c build/obj/tpl_vector_table.s.o
                0x00200000                Vec_reset
                0x00200040                . = ALIGN (0x10)
 *fill*         0x0020003c        0x4 
                0x00200000                __vectors_ram_start__ = ADDR (.vectors)
                0x00200040                __vectors_ram_end__ = (ADDR (.vectors) + SIZEOF (.vectors))
                0x00200000                __vectors_load_start__ = LOADADDR (.vectors)
                0x00200040                __vectors_load_end__ = (LOADADDR (.vectors) + SIZEOF (.vectors))

.entry          0x00200040       0x40
 *nxt_entry_point.s.o(*.text *.text.*)
 .text          0x00200040       0x38 build/obj/nxt_entry_point.s.o
                0x00200040                NXT_Entry_Point
                0x00200080                . = ALIGN (0x10)
 *fill*         0x00200078        0x8 
                0x00200080                . = ALIGN (0x4)

ostext          0x00200080     0x1b38
 *(.osCode)
 .osCode        0x00200080      0x3a4 build/obj/tpl_os_alarm_kernel.c.o
                0x00200080                tpl_raise_alarm
                0x00200090                tpl_get_alarm_base_service
                0x00200108                tpl_get_alarm_service
                0x00200198                tpl_set_rel_alarm_service
                0x002002b4                tpl_set_abs_alarm_service
                0x002003b0                tpl_cancel_alarm_service
 .osCode        0x00200424      0x198 build/obj/tpl_os_event_kernel.c.o
                0x00200424                tpl_set_event_service
                0x002004a8                tpl_clear_event_service
                0x002004e4                tpl_get_event_service
                0x00200568                tpl_wait_event_service
 .osCode        0x002005bc      0x304 build/obj/tpl_os_it_kernel.c.o
                0x00200618                tpl_get_interrupt_lock_status
                0x00200650                tpl_reset_interrupt_lock_status
                0x00200674                tpl_suspend_all_interrupts_service
                0x002006a4                tpl_resume_all_interrupts_service
                0x002006e4                tpl_disable_all_interrupts_service
                0x0020071c                tpl_enable_all_interrupts_service
                0x00200744                tpl_suspend_os_interrupts_service
                0x00200774                tpl_resume_os_interrupts_service
                0x002007b4                tpl_terminate_isr2_service
                0x00200810                tpl_null_it
                0x00200814                tpl_central_interrupt_handler
                0x002008b4                tpl_central_interrupt_handler_2
 .osCode        0x002008c0      0x1c4 build/obj/tpl_os_rez_kernel.c.o
                0x002008c0                tpl_release_all_resources
                0x00200908                tpl_get_resource_service
                0x002009d0                tpl_release_resource_service
 .osCode        0x00200a84      0x280 build/obj/tpl_os_task_kernel.c.o
                0x00200a84                tpl_activate_task_service
                0x00200ae8                tpl_terminate_task_service
                0x00200b44                tpl_chain_task_service
                0x00200c00                tpl_schedule_service
                0x00200c60                tpl_get_task_id_service
                0x00200ca0                tpl_get_task_state_service
 .osCode        0x00200d04      0x258 build/obj/tpl_os_timeobj_kernel.c.o
                0x00200d04                tpl_enable_counters
                0x00200d18                tpl_insert_time_obj
                0x00200de0                tpl_remove_time_obj
                0x00200e30                tpl_counter_tick
 .osCode        0x00200f5c      0x644 build/obj/tpl_os_kernel.c.o
                0x00200ff4                tpl_put_preempted_proc
                0x00201074                tpl_put_new_proc
                0x002010fc                tpl_current_os_state
                0x00201138                tpl_get_internal_resource
                0x00201184                tpl_release_internal_resource
                0x002011c4                tpl_activate_task
                0x0020121c                tpl_set_event
                0x00201224                tpl_init_proc
                0x0020125c                tpl_schedule_from_running
                0x002012f8                tpl_schedule_from_dying
                0x00201384                tpl_schedule_from_waiting
                0x00201400                tpl_start_scheduling
                0x00201460                tpl_init_os
                0x002014d4                tpl_get_active_application_mode_service
                0x002014f0                tpl_start_os_service
                0x00201520                tpl_shutdown_os_service
                0x00201530                tpl_call_terminate_task_service
                0x00201568                tpl_call_terminate_isr2_service
 .osCode        0x002015a0       0x4c build/obj/tpl_os_action.c.o
                0x002015a0                tpl_action_callback
                0x002015bc                tpl_action_activate_task
                0x002015d0                tpl_action_setevent
 .osCode        0x002015ec       0xa0 build/obj/tpl_machine_arm_generic.c.o
                0x002015ec                tpl_init_machine_generic
                0x00201600                tpl_get_task_lock
                0x00201604                tpl_release_task_lock
                0x00201608                tpl_enable_interrupts
                0x00201618                tpl_disable_interrupts
                0x00201634                tpl_init_context
                0x00201684                tpl_check_stack_footprint
 .osCode        0x0020168c       0xd4 build/obj/tpl_irq.S.o
                0x0020168c                tpl_primary_irq_handler
 .osCode        0x00201760      0x11c build/obj/tpl_system_call.S.o
                0x00201760                tpl_primary_syscall_handler
 .osCode        0x0020187c        0x4 build/obj/nxt_tpl_sleep.S.o
                0x0020187c                tpl_sleep
 .osCode        0x00201880       0x80 build/obj/nxt_tpl_stubs.c.o
                0x00201880                tpl_init_machine
                0x002018bc                tpl_shutdown
 .osCode        0x00201900       0x58 build/obj/nxt_irq.c.o
                0x00201900                tpl_arm_subarch_irq_handler
                0x00201954                tpl_arm_subarch_fiq_handler
 .osCode        0x00201958       0xf0 build/obj/nxt_exception_catch.S.o
                0x00201958                primary_undefined_instruction_handler
                0x00201990                primary_prefetch_abort_handler
                0x002019c8                primary_data_abort_handler
                0x00201a00                primary_unused_handler
                0x00201a38                tpl_primary_fiq_handler
 .osCode        0x00201a48       0x50 build/obj/nxt_bootstrap_stage1.S.o
                0x00201a48                tpl_arm_bootstrap_entry
 .osCode        0x00201a98      0x120 build/obj/tpl_app_config.c.o
                0x00201a98                tpl_interrupt_source_2
                0x00201aa8                tpl_interrupt_source_5
                0x00201ab8                tpl_interrupt_source_7
                0x00201ac8                tpl_interrupt_source_9
                0x00201ad8                tpl_interrupt_source_10
                0x00201ae8                tpl_interrupt_source_12
                0x00201af8                tpl_interrupt_source_15
                0x00201b0c                tpl_interrupt_source_16
                0x00201b20                tpl_interrupt_source_17
                0x00201b34                tpl_interrupt_source_18
                0x00201b48                tpl_interrupt_source_30
                0x00201b58                tpl_tick_it_timer1
                0x00201ba4                tpl_interrupt_source_1
 *(.appCommonCode)
                0x00201bb8                . = ALIGN (0x4)

osconst         0x00201bb8      0x2ec
 *(.osConst)
 .osConst       0x00201bb8       0x70 build/obj/tpl_dispatch_table.c.o
                0x00201bb8                tpl_dispatch_table
 .osConst       0x00201c28       0x1a build/obj/tpl_os_kernel.c.o
                0x00201c28                idle_task_static
                0x00201c40                INVALID_TASK
                0x00201c41                INVALID_PROC
 *fill*         0x00201c42        0x2 
 .osConst       0x00201c44      0x260 build/obj/tpl_app_config.c.o
                0x00201c44                tpl_ready_list
                0x00201c64                tpl_alarm_table
                0x00201c70                alarm_pendule_static
                0x00201c7c                alarm_pendule_action
                0x00201c84                alarm_obstacle_static
                0x00201c90                alarm_obstacle_action
                0x00201c98                alarm_affichage_static
                0x00201ca4                alarm_affichage_action
                0x00201cac                tpl_isr_stat_table
                0x00201cbc                tpl_dyn_proc_table
                0x00201cdc                tpl_stat_proc_table
                0x00201cfc                tpl_it_vector
                0x00201df4                isr_button_stop_isr_stat_desc
                0x00201e0c                isr_button_start_isr_stat_desc
                0x00201e24                isr_button_right_isr_stat_desc
                0x00201e3c                isr_button_left_isr_stat_desc
                0x00201e54                pendule_task_stat_desc
                0x00201e6c                obstacle_task_stat_desc
                0x00201e84                affichage_task_stat_desc
                0x00201e9c                tpl_resource_table
                0x00201ea4                . = ALIGN (0x4)

osvars          0x00201ea4     0x1ff0
 *(.osVar)
 .osVar         0x00201ea4       0x14 build/obj/tpl_os_it_kernel.c.o
                0x00201ea4                tpl_user_task_lock
                0x00201ea8                tpl_cpt_user_task_lock_OS
                0x00201eac                tpl_cpt_user_task_lock_All
                0x00201eb0                tpl_cpt_os_task_lock
                0x00201eb4                tpl_locking_depth
 .osVar         0x00201eb8        0x8 build/obj/tpl_os_rez_kernel.c.o
                0x00201eb8                res_sched_rez_desc
 .osVar         0x00201ec0       0x28 build/obj/tpl_os_kernel.c.o
                0x00201ec0                tpl_h_prio
                0x00201ec4                tpl_kern
                0x00201edd                INTERNAL_RES_SCHEDULER
                0x00201ee0                idle_task
 .osVar         0x00201ee8      0x110 build/obj/tpl_machine_arm_generic.c.o
                0x00201ee8                nested_kernel_entrance_counter
                0x00201eec                idle_task_context
                0x00201f30                idle_stack
 .osVar         0x00201ff8      0x29c build/obj/tpl_app_config.c.o
                0x00201ff8                SystemCounter_counter_desc
                0x00202015                tpl_fifo_rw
                0x0020201d                tpl_priority_3_fifo
                0x00202029                tpl_priority_2_fifo
                0x0020202c                tpl_priority_1_fifo
                0x0020202d                tpl_priority_0_fifo
                0x00202030                alarm_pendule_alarm_desc
                0x00202048                alarm_obstacle_alarm_desc
                0x00202060                alarm_affichage_alarm_desc
                0x00202078                isr_button_stop_isr_desc
                0x00202080                isr_button_stop_int_context
                0x002020c4                isr_button_start_isr_desc
                0x002020cc                isr_button_start_int_context
                0x00202110                isr_button_right_isr_desc
                0x00202118                isr_button_right_int_context
                0x0020215c                isr_button_left_isr_desc
                0x00202164                isr_button_left_int_context
                0x002021a8                pendule_task_desc
                0x002021b0                pendule_int_context
                0x002021f4                obstacle_task_desc
                0x002021fc                obstacle_int_context
                0x00202240                affichage_task_desc
                0x00202248                affichage_int_context
                0x0020228c                cmd_rez_desc
 *(.stacks)
 .stacks        0x00202294     0x1c00 build/obj/tpl_stacks.S.o
                0x00202294                irq_stack_top
                0x00202694                fiq_stack_top
                0x00202694                irq_stack_bottom
                0x00202a94                fiq_stack_bottom
                0x00202a94                svc_stack_top
                0x00203294                svc_stack_bottom
                0x00203294                abt_stack_top
                0x00203694                abt_stack_bottom
                0x00203694                und_stack_top
                0x00203a94                und_stack_bottom
                0x00203a94                usr_stack_top
                0x00203e94                usr_stack_bottom

apptext         0x00203ea0      0x19c
                0x00203ea0                __SEG_START_APP_CODE_CONST_RGN = .
 *(.osApiConst)
 .osApiConst    0x00203ea0       0x2f build/obj/tpl_app_config.c.o
                0x00203ea0                proc_name_table
                0x00203ebc                OSMINCYCLE
                0x00203ec0                OSMAXALLOWEDVALUE
                0x00203ec4                OSTICKSPERBASE
                0x00203ec8                alarm_pendule
                0x00203ec9                alarm_obstacle
                0x00203eca                alarm_affichage
                0x00203ecb                pendule
                0x00203ecc                obstacle
                0x00203ecd                affichage
                0x00203ece                cmd
 *(.osApiCode)
 *fill*         0x00203ecf        0x1 
 .osApiCode     0x00203ed0      0x150 build/obj/tpl_invoque.S.o
                0x00203ed0                ActivateTask
                0x00203edc                TerminateTask
                0x00203ee8                ChainTask
                0x00203ef4                Schedule
                0x00203f00                GetTaskID
                0x00203f0c                GetTaskState
                0x00203f18                EnableAllInterrupts
                0x00203f24                DisableAllInterrupts
                0x00203f30                ResumeAllInterrupts
                0x00203f3c                SuspendAllInterrupts
                0x00203f48                ResumeOSInterrupts
                0x00203f54                SuspendOSInterrupts
                0x00203f60                GetResource
                0x00203f6c                ReleaseResource
                0x00203f78                SetEvent
                0x00203f84                ClearEvent
                0x00203f90                GetEvent
                0x00203f9c                WaitEvent
                0x00203fa8                GetAlarmBase
                0x00203fb4                GetAlarm
                0x00203fc0                SetRelAlarm
                0x00203fcc                SetAbsAlarm
                0x00203fd8                CancelAlarm
                0x00203fe4                GetActiveApplicationMode
                0x00203ff0                tpl_start_os
                0x00203ffc                ShutdownOS
                0x00204008                CallTerminateTask
                0x00204014                CallTerminateISR2
 .osApiCode     0x00204020       0x1c build/obj/tpl_os.c.o
                0x00204020                StartOS
 *(.Task_affichageCode)
 *(.Task_obstacleCode)
 *(.Task_penduleCode)
 *(.ISR_isr_button_leftCode)
 *(.ISR_isr_button_rightCode)
 *(.ISR_isr_button_startCode)
 *(.ISR_isr_button_stopCode)

appconst        0x00204040        0x0

procconst       0x00204040        0x0
 *(.Task_affichage_SEC_CONST_32BIT)
 *(.Task_affichage_SEC_CALIB_32BIT)
 *(.Task_affichage_SEC_CARTO_32BIT)
 *(.Task_affichage_SEC_CONFIG_DATA_32BIT)
 *(.Task_affichage_SEC_CONST_16BIT)
 *(.Task_affichage_SEC_CALIB_16BIT)
 *(.Task_affichage_SEC_CARTO_16BIT)
 *(.Task_affichage_SEC_CONFIG_DATA_16BIT)
 *(.Task_affichage_SEC_CONST_8BIT)
 *(.Task_affichage_SEC_CALIB_8BIT)
 *(.Task_affichage_SEC_CARTO_8BIT)
 *(.Task_affichage_SEC_CONFIG_DATA_8BIT)
 *(.Task_affichage_SEC_CONST_BOOLEAN)
 *(.Task_affichage_SEC_CALIB_BOOLEAN)
 *(.Task_affichage_SEC_CARTO_BOOLEAN)
 *(.Task_affichage_SEC_CONFIG_DATA_BOOLEAN)
 *(.Task_affichage_SEC_CONST_UNSPECIFIED)
 *(.Task_affichage_SEC_CALIB_UNSPECIFIED)
 *(.Task_affichage_SEC_CARTO_UNSPECIFIED)
 *(.Task_affichage_SEC_CONFIG_DATA_UNSPECIFIED)
 *(.Task_obstacle_SEC_CONST_32BIT)
 *(.Task_obstacle_SEC_CALIB_32BIT)
 *(.Task_obstacle_SEC_CARTO_32BIT)
 *(.Task_obstacle_SEC_CONFIG_DATA_32BIT)
 *(.Task_obstacle_SEC_CONST_16BIT)
 *(.Task_obstacle_SEC_CALIB_16BIT)
 *(.Task_obstacle_SEC_CARTO_16BIT)
 *(.Task_obstacle_SEC_CONFIG_DATA_16BIT)
 *(.Task_obstacle_SEC_CONST_8BIT)
 *(.Task_obstacle_SEC_CALIB_8BIT)
 *(.Task_obstacle_SEC_CARTO_8BIT)
 *(.Task_obstacle_SEC_CONFIG_DATA_8BIT)
 *(.Task_obstacle_SEC_CONST_BOOLEAN)
 *(.Task_obstacle_SEC_CALIB_BOOLEAN)
 *(.Task_obstacle_SEC_CARTO_BOOLEAN)
 *(.Task_obstacle_SEC_CONFIG_DATA_BOOLEAN)
 *(.Task_obstacle_SEC_CONST_UNSPECIFIED)
 *(.Task_obstacle_SEC_CALIB_UNSPECIFIED)
 *(.Task_obstacle_SEC_CARTO_UNSPECIFIED)
 *(.Task_obstacle_SEC_CONFIG_DATA_UNSPECIFIED)
 *(.Task_pendule_SEC_CONST_32BIT)
 *(.Task_pendule_SEC_CALIB_32BIT)
 *(.Task_pendule_SEC_CARTO_32BIT)
 *(.Task_pendule_SEC_CONFIG_DATA_32BIT)
 *(.Task_pendule_SEC_CONST_16BIT)
 *(.Task_pendule_SEC_CALIB_16BIT)
 *(.Task_pendule_SEC_CARTO_16BIT)
 *(.Task_pendule_SEC_CONFIG_DATA_16BIT)
 *(.Task_pendule_SEC_CONST_8BIT)
 *(.Task_pendule_SEC_CALIB_8BIT)
 *(.Task_pendule_SEC_CARTO_8BIT)
 *(.Task_pendule_SEC_CONFIG_DATA_8BIT)
 *(.Task_pendule_SEC_CONST_BOOLEAN)
 *(.Task_pendule_SEC_CALIB_BOOLEAN)
 *(.Task_pendule_SEC_CARTO_BOOLEAN)
 *(.Task_pendule_SEC_CONFIG_DATA_BOOLEAN)
 *(.Task_pendule_SEC_CONST_UNSPECIFIED)
 *(.Task_pendule_SEC_CALIB_UNSPECIFIED)
 *(.Task_pendule_SEC_CARTO_UNSPECIFIED)
 *(.Task_pendule_SEC_CONFIG_DATA_UNSPECIFIED)
 *(.ISR_isr_button_left_SEC_CONST_32BIT)
 *(.ISR_isr_button_left_SEC_CALIB_32BIT)
 *(.ISR_isr_button_left_SEC_CARTO_32BIT)
 *(.ISR_isr_button_left_SEC_CONFIG_DATA_32BIT)
 *(.ISR_isr_button_left_SEC_CONST_16BIT)
 *(.ISR_isr_button_left_SEC_CALIB_16BIT)
 *(.ISR_isr_button_left_SEC_CARTO_16BIT)
 *(.ISR_isr_button_left_SEC_CONFIG_DATA_16BIT)
 *(.ISR_isr_button_left_SEC_CONST_8BIT)
 *(.ISR_isr_button_left_SEC_CALIB_8BIT)
 *(.ISR_isr_button_left_SEC_CARTO_8BIT)
 *(.ISR_isr_button_left_SEC_CONFIG_DATA_8BIT)
 *(.ISR_isr_button_left_SEC_CONST_BOOLEAN)
 *(.ISR_isr_button_left_SEC_CALIB_BOOLEAN)
 *(.ISR_isr_button_left_SEC_CARTO_BOOLEAN)
 *(.ISR_isr_button_left_SEC_CONFIG_DATA_BOOLEAN)
 *(.ISR_isr_button_left_SEC_CONST_UNSPECIFIED)
 *(.ISR_isr_button_left_SEC_CALIB_UNSPECIFIED)
 *(.ISR_isr_button_left_SEC_CARTO_UNSPECIFIED)
 *(.ISR_isr_button_left_SEC_CONFIG_DATA_UNSPECIFIED)
 *(.ISR_isr_button_right_SEC_CONST_32BIT)
 *(.ISR_isr_button_right_SEC_CALIB_32BIT)
 *(.ISR_isr_button_right_SEC_CARTO_32BIT)
 *(.ISR_isr_button_right_SEC_CONFIG_DATA_32BIT)
 *(.ISR_isr_button_right_SEC_CONST_16BIT)
 *(.ISR_isr_button_right_SEC_CALIB_16BIT)
 *(.ISR_isr_button_right_SEC_CARTO_16BIT)
 *(.ISR_isr_button_right_SEC_CONFIG_DATA_16BIT)
 *(.ISR_isr_button_right_SEC_CONST_8BIT)
 *(.ISR_isr_button_right_SEC_CALIB_8BIT)
 *(.ISR_isr_button_right_SEC_CARTO_8BIT)
 *(.ISR_isr_button_right_SEC_CONFIG_DATA_8BIT)
 *(.ISR_isr_button_right_SEC_CONST_BOOLEAN)
 *(.ISR_isr_button_right_SEC_CALIB_BOOLEAN)
 *(.ISR_isr_button_right_SEC_CARTO_BOOLEAN)
 *(.ISR_isr_button_right_SEC_CONFIG_DATA_BOOLEAN)
 *(.ISR_isr_button_right_SEC_CONST_UNSPECIFIED)
 *(.ISR_isr_button_right_SEC_CALIB_UNSPECIFIED)
 *(.ISR_isr_button_right_SEC_CARTO_UNSPECIFIED)
 *(.ISR_isr_button_right_SEC_CONFIG_DATA_UNSPECIFIED)
 *(.ISR_isr_button_start_SEC_CONST_32BIT)
 *(.ISR_isr_button_start_SEC_CALIB_32BIT)
 *(.ISR_isr_button_start_SEC_CARTO_32BIT)
 *(.ISR_isr_button_start_SEC_CONFIG_DATA_32BIT)
 *(.ISR_isr_button_start_SEC_CONST_16BIT)
 *(.ISR_isr_button_start_SEC_CALIB_16BIT)
 *(.ISR_isr_button_start_SEC_CARTO_16BIT)
 *(.ISR_isr_button_start_SEC_CONFIG_DATA_16BIT)
 *(.ISR_isr_button_start_SEC_CONST_8BIT)
 *(.ISR_isr_button_start_SEC_CALIB_8BIT)
 *(.ISR_isr_button_start_SEC_CARTO_8BIT)
 *(.ISR_isr_button_start_SEC_CONFIG_DATA_8BIT)
 *(.ISR_isr_button_start_SEC_CONST_BOOLEAN)
 *(.ISR_isr_button_start_SEC_CALIB_BOOLEAN)
 *(.ISR_isr_button_start_SEC_CARTO_BOOLEAN)
 *(.ISR_isr_button_start_SEC_CONFIG_DATA_BOOLEAN)
 *(.ISR_isr_button_start_SEC_CONST_UNSPECIFIED)
 *(.ISR_isr_button_start_SEC_CALIB_UNSPECIFIED)
 *(.ISR_isr_button_start_SEC_CARTO_UNSPECIFIED)
 *(.ISR_isr_button_start_SEC_CONFIG_DATA_UNSPECIFIED)
 *(.ISR_isr_button_stop_SEC_CONST_32BIT)
 *(.ISR_isr_button_stop_SEC_CALIB_32BIT)
 *(.ISR_isr_button_stop_SEC_CARTO_32BIT)
 *(.ISR_isr_button_stop_SEC_CONFIG_DATA_32BIT)
 *(.ISR_isr_button_stop_SEC_CONST_16BIT)
 *(.ISR_isr_button_stop_SEC_CALIB_16BIT)
 *(.ISR_isr_button_stop_SEC_CARTO_16BIT)
 *(.ISR_isr_button_stop_SEC_CONFIG_DATA_16BIT)
 *(.ISR_isr_button_stop_SEC_CONST_8BIT)
 *(.ISR_isr_button_stop_SEC_CALIB_8BIT)
 *(.ISR_isr_button_stop_SEC_CARTO_8BIT)
 *(.ISR_isr_button_stop_SEC_CONFIG_DATA_8BIT)
 *(.ISR_isr_button_stop_SEC_CONST_BOOLEAN)
 *(.ISR_isr_button_stop_SEC_CALIB_BOOLEAN)
 *(.ISR_isr_button_stop_SEC_CARTO_BOOLEAN)
 *(.ISR_isr_button_stop_SEC_CONFIG_DATA_BOOLEAN)
 *(.ISR_isr_button_stop_SEC_CONST_UNSPECIFIED)
 *(.ISR_isr_button_stop_SEC_CALIB_UNSPECIFIED)
 *(.ISR_isr_button_stop_SEC_CARTO_UNSPECIFIED)
 *(.ISR_isr_button_stop_SEC_CONFIG_DATA_UNSPECIFIED)
                0x00204040                . = ALIGN (0x10)
                0x0020403f                __SEG_STOP_APP_CODE_CONST_RGN = (. - 0x1)

procvars        0x0020403c        0x0
                0x0020403c                __SEG_START_Task_affichage_VAR_RGN = .
 *(.Task_affichage_SEC_VAR_NOINIT_32BIT)
 *(.Task_affichage_SEC_VAR_POWER_ON_INIT_32BIT)
 *(.Task_affichage_SEC_VAR_FAST_32BIT)
 *(.Task_affichage_SEC_VAR_32BIT)
 *(.Task_affichage_SEC_VAR_NOINIT_16BIT)
 *(.Task_affichage_SEC_VAR_POWER_ON_INIT_16BIT)
 *(.Task_affichage_SEC_VAR_FAST_16BIT)
 *(.Task_affichage_SEC_VAR_16BIT)
 *(.Task_affichage_SEC_VAR_NOINIT_8BIT)
 *(.Task_affichage_SEC_VAR_POWER_ON_INIT_8BIT)
 *(.Task_affichage_SEC_VAR_FAST_8BIT)
 *(.Task_affichage_SEC_VAR_8BIT)
 *(.Task_affichage_SEC_VAR_NOINIT_BOOLEAN)
 *(.Task_affichage_SEC_VAR_POWER_ON_INIT_BOOLEAN)
 *(.Task_affichage_SEC_VAR_FAST_BOOLEAN)
 *(.Task_affichage_SEC_VAR_BOOLEAN)
 *(.Task_affichage_SEC_VAR_NOINIT_UNSPECIFIED)
 *(.Task_affichage_SEC_VAR_POWER_ON_INIT_UNSPECIFIED)
 *(.Task_affichage_SEC_VAR_FAST_UNSPECIFIED)
 *(.Task_affichage_SEC_VAR_UNSPECIFIED)
                0x0020403f                __SEG_END_Task_affichage_VAR_RGN = (ALIGN (0x10) - 0x1)
                0x0020403c                __SEG_START_Task_obstacle_VAR_RGN = .
 *(.Task_obstacle_SEC_VAR_NOINIT_32BIT)
 *(.Task_obstacle_SEC_VAR_POWER_ON_INIT_32BIT)
 *(.Task_obstacle_SEC_VAR_FAST_32BIT)
 *(.Task_obstacle_SEC_VAR_32BIT)
 *(.Task_obstacle_SEC_VAR_NOINIT_16BIT)
 *(.Task_obstacle_SEC_VAR_POWER_ON_INIT_16BIT)
 *(.Task_obstacle_SEC_VAR_FAST_16BIT)
 *(.Task_obstacle_SEC_VAR_16BIT)
 *(.Task_obstacle_SEC_VAR_NOINIT_8BIT)
 *(.Task_obstacle_SEC_VAR_POWER_ON_INIT_8BIT)
 *(.Task_obstacle_SEC_VAR_FAST_8BIT)
 *(.Task_obstacle_SEC_VAR_8BIT)
 *(.Task_obstacle_SEC_VAR_NOINIT_BOOLEAN)
 *(.Task_obstacle_SEC_VAR_POWER_ON_INIT_BOOLEAN)
 *(.Task_obstacle_SEC_VAR_FAST_BOOLEAN)
 *(.Task_obstacle_SEC_VAR_BOOLEAN)
 *(.Task_obstacle_SEC_VAR_NOINIT_UNSPECIFIED)
 *(.Task_obstacle_SEC_VAR_POWER_ON_INIT_UNSPECIFIED)
 *(.Task_obstacle_SEC_VAR_FAST_UNSPECIFIED)
 *(.Task_obstacle_SEC_VAR_UNSPECIFIED)
                0x0020403f                __SEG_END_Task_obstacle_VAR_RGN = (ALIGN (0x10) - 0x1)
                0x0020403c                __SEG_START_Task_pendule_VAR_RGN = .
 *(.Task_pendule_SEC_VAR_NOINIT_32BIT)
 *(.Task_pendule_SEC_VAR_POWER_ON_INIT_32BIT)
 *(.Task_pendule_SEC_VAR_FAST_32BIT)
 *(.Task_pendule_SEC_VAR_32BIT)
 *(.Task_pendule_SEC_VAR_NOINIT_16BIT)
 *(.Task_pendule_SEC_VAR_POWER_ON_INIT_16BIT)
 *(.Task_pendule_SEC_VAR_FAST_16BIT)
 *(.Task_pendule_SEC_VAR_16BIT)
 *(.Task_pendule_SEC_VAR_NOINIT_8BIT)
 *(.Task_pendule_SEC_VAR_POWER_ON_INIT_8BIT)
 *(.Task_pendule_SEC_VAR_FAST_8BIT)
 *(.Task_pendule_SEC_VAR_8BIT)
 *(.Task_pendule_SEC_VAR_NOINIT_BOOLEAN)
 *(.Task_pendule_SEC_VAR_POWER_ON_INIT_BOOLEAN)
 *(.Task_pendule_SEC_VAR_FAST_BOOLEAN)
 *(.Task_pendule_SEC_VAR_BOOLEAN)
 *(.Task_pendule_SEC_VAR_NOINIT_UNSPECIFIED)
 *(.Task_pendule_SEC_VAR_POWER_ON_INIT_UNSPECIFIED)
 *(.Task_pendule_SEC_VAR_FAST_UNSPECIFIED)
 *(.Task_pendule_SEC_VAR_UNSPECIFIED)
                0x0020403f                __SEG_END_Task_pendule_VAR_RGN = (ALIGN (0x10) - 0x1)
                0x0020403c                __SEG_START_ISR_isr_button_left_VAR_RGN = .
 *(.ISR_isr_button_left_SEC_VAR_NOINIT_32BIT)
 *(.ISR_isr_button_left_SEC_VAR_POWER_ON_INIT_32BIT)
 *(.ISR_isr_button_left_SEC_VAR_FAST_32BIT)
 *(.ISR_isr_button_left_SEC_VAR_32BIT)
 *(.ISR_isr_button_left_SEC_VAR_NOINIT_16BIT)
 *(.ISR_isr_button_left_SEC_VAR_POWER_ON_INIT_16BIT)
 *(.ISR_isr_button_left_SEC_VAR_FAST_16BIT)
 *(.ISR_isr_button_left_SEC_VAR_16BIT)
 *(.ISR_isr_button_left_SEC_VAR_NOINIT_8BIT)
 *(.ISR_isr_button_left_SEC_VAR_POWER_ON_INIT_8BIT)
 *(.ISR_isr_button_left_SEC_VAR_FAST_8BIT)
 *(.ISR_isr_button_left_SEC_VAR_8BIT)
 *(.ISR_isr_button_left_SEC_VAR_NOINIT_BOOLEAN)
 *(.ISR_isr_button_left_SEC_VAR_POWER_ON_INIT_BOOLEAN)
 *(.ISR_isr_button_left_SEC_VAR_FAST_BOOLEAN)
 *(.ISR_isr_button_left_SEC_VAR_BOOLEAN)
 *(.ISR_isr_button_left_SEC_VAR_NOINIT_UNSPECIFIED)
 *(.ISR_isr_button_left_SEC_VAR_POWER_ON_INIT_UNSPECIFIED)
 *(.ISR_isr_button_left_SEC_VAR_FAST_UNSPECIFIED)
 *(.ISR_isr_button_left_SEC_VAR_UNSPECIFIED)
                0x0020403f                __SEG_END_ISR_isr_button_left_VAR_RGN = (ALIGN (0x10) - 0x1)
                0x0020403c                __SEG_START_ISR_isr_button_right_VAR_RGN = .
 *(.ISR_isr_button_right_SEC_VAR_NOINIT_32BIT)
 *(.ISR_isr_button_right_SEC_VAR_POWER_ON_INIT_32BIT)
 *(.ISR_isr_button_right_SEC_VAR_FAST_32BIT)
 *(.ISR_isr_button_right_SEC_VAR_32BIT)
 *(.ISR_isr_button_right_SEC_VAR_NOINIT_16BIT)
 *(.ISR_isr_button_right_SEC_VAR_POWER_ON_INIT_16BIT)
 *(.ISR_isr_button_right_SEC_VAR_FAST_16BIT)
 *(.ISR_isr_button_right_SEC_VAR_16BIT)
 *(.ISR_isr_button_right_SEC_VAR_NOINIT_8BIT)
 *(.ISR_isr_button_right_SEC_VAR_POWER_ON_INIT_8BIT)
 *(.ISR_isr_button_right_SEC_VAR_FAST_8BIT)
 *(.ISR_isr_button_right_SEC_VAR_8BIT)
 *(.ISR_isr_button_right_SEC_VAR_NOINIT_BOOLEAN)
 *(.ISR_isr_button_right_SEC_VAR_POWER_ON_INIT_BOOLEAN)
 *(.ISR_isr_button_right_SEC_VAR_FAST_BOOLEAN)
 *(.ISR_isr_button_right_SEC_VAR_BOOLEAN)
 *(.ISR_isr_button_right_SEC_VAR_NOINIT_UNSPECIFIED)
 *(.ISR_isr_button_right_SEC_VAR_POWER_ON_INIT_UNSPECIFIED)
 *(.ISR_isr_button_right_SEC_VAR_FAST_UNSPECIFIED)
 *(.ISR_isr_button_right_SEC_VAR_UNSPECIFIED)
                0x0020403f                __SEG_END_ISR_isr_button_right_VAR_RGN = (ALIGN (0x10) - 0x1)
                0x0020403c                __SEG_START_ISR_isr_button_start_VAR_RGN = .
 *(.ISR_isr_button_start_SEC_VAR_NOINIT_32BIT)
 *(.ISR_isr_button_start_SEC_VAR_POWER_ON_INIT_32BIT)
 *(.ISR_isr_button_start_SEC_VAR_FAST_32BIT)
 *(.ISR_isr_button_start_SEC_VAR_32BIT)
 *(.ISR_isr_button_start_SEC_VAR_NOINIT_16BIT)
 *(.ISR_isr_button_start_SEC_VAR_POWER_ON_INIT_16BIT)
 *(.ISR_isr_button_start_SEC_VAR_FAST_16BIT)
 *(.ISR_isr_button_start_SEC_VAR_16BIT)
 *(.ISR_isr_button_start_SEC_VAR_NOINIT_8BIT)
 *(.ISR_isr_button_start_SEC_VAR_POWER_ON_INIT_8BIT)
 *(.ISR_isr_button_start_SEC_VAR_FAST_8BIT)
 *(.ISR_isr_button_start_SEC_VAR_8BIT)
 *(.ISR_isr_button_start_SEC_VAR_NOINIT_BOOLEAN)
 *(.ISR_isr_button_start_SEC_VAR_POWER_ON_INIT_BOOLEAN)
 *(.ISR_isr_button_start_SEC_VAR_FAST_BOOLEAN)
 *(.ISR_isr_button_start_SEC_VAR_BOOLEAN)
 *(.ISR_isr_button_start_SEC_VAR_NOINIT_UNSPECIFIED)
 *(.ISR_isr_button_start_SEC_VAR_POWER_ON_INIT_UNSPECIFIED)
 *(.ISR_isr_button_start_SEC_VAR_FAST_UNSPECIFIED)
 *(.ISR_isr_button_start_SEC_VAR_UNSPECIFIED)
                0x0020403f                __SEG_END_ISR_isr_button_start_VAR_RGN = (ALIGN (0x10) - 0x1)
                0x0020403c                __SEG_START_ISR_isr_button_stop_VAR_RGN = .
 *(.ISR_isr_button_stop_SEC_VAR_NOINIT_32BIT)
 *(.ISR_isr_button_stop_SEC_VAR_POWER_ON_INIT_32BIT)
 *(.ISR_isr_button_stop_SEC_VAR_FAST_32BIT)
 *(.ISR_isr_button_stop_SEC_VAR_32BIT)
 *(.ISR_isr_button_stop_SEC_VAR_NOINIT_16BIT)
 *(.ISR_isr_button_stop_SEC_VAR_POWER_ON_INIT_16BIT)
 *(.ISR_isr_button_stop_SEC_VAR_FAST_16BIT)
 *(.ISR_isr_button_stop_SEC_VAR_16BIT)
 *(.ISR_isr_button_stop_SEC_VAR_NOINIT_8BIT)
 *(.ISR_isr_button_stop_SEC_VAR_POWER_ON_INIT_8BIT)
 *(.ISR_isr_button_stop_SEC_VAR_FAST_8BIT)
 *(.ISR_isr_button_stop_SEC_VAR_8BIT)
 *(.ISR_isr_button_stop_SEC_VAR_NOINIT_BOOLEAN)
 *(.ISR_isr_button_stop_SEC_VAR_POWER_ON_INIT_BOOLEAN)
 *(.ISR_isr_button_stop_SEC_VAR_FAST_BOOLEAN)
 *(.ISR_isr_button_stop_SEC_VAR_BOOLEAN)
 *(.ISR_isr_button_stop_SEC_VAR_NOINIT_UNSPECIFIED)
 *(.ISR_isr_button_stop_SEC_VAR_POWER_ON_INIT_UNSPECIFIED)
 *(.ISR_isr_button_stop_SEC_VAR_FAST_UNSPECIFIED)
 *(.ISR_isr_button_stop_SEC_VAR_UNSPECIFIED)
                0x0020403f                __SEG_END_ISR_isr_button_stop_VAR_RGN = (ALIGN (0x10) - 0x1)

procstack       0x0020403c      0xdd0
                0x0020403c                __SEG_START_Task_affichage_STACK_RGN = .
 *(.Task_affichageStack)
 .Task_affichageStack
                0x0020403c      0x200 build/obj/tpl_app_config.c.o
                0x0020403c                affichage_stack_zone
                0x0020423f                __SEG_END_Task_affichage_STACK_RGN = (ALIGN (0x10) - 0x1)
                0x0020423c                __SEG_START_Task_obstacle_STACK_RGN = .
 *(.Task_obstacleStack)
 .Task_obstacleStack
                0x0020423c      0x200 build/obj/tpl_app_config.c.o
                0x0020423c                obstacle_stack_zone
                0x0020443f                __SEG_END_Task_obstacle_STACK_RGN = (ALIGN (0x10) - 0x1)
                0x0020443c                __SEG_START_Task_pendule_STACK_RGN = .
 *(.Task_penduleStack)
 .Task_penduleStack
                0x0020443c      0x200 build/obj/tpl_app_config.c.o
                0x0020443c                pendule_stack_zone
                0x0020463f                __SEG_END_Task_pendule_STACK_RGN = (ALIGN (0x10) - 0x1)
                0x0020463c                __SEG_START_ISR_isr_button_left_STACK_RGN = .
 *(.ISR_isr_button_leftStack)
 .ISR_isr_button_leftStack
                0x0020463c      0x1f4 build/obj/tpl_app_config.c.o
                0x0020463c                isr_button_left_stack_zone
                0x0020482f                __SEG_END_ISR_isr_button_left_STACK_RGN = (ALIGN (0x10) - 0x1)
                0x00204830                __SEG_START_ISR_isr_button_right_STACK_RGN = .
 *(.ISR_isr_button_rightStack)
 .ISR_isr_button_rightStack
                0x00204830      0x1f4 build/obj/tpl_app_config.c.o
                0x00204830                isr_button_right_stack_zone
                0x00204a2f                __SEG_END_ISR_isr_button_right_STACK_RGN = (ALIGN (0x10) - 0x1)
                0x00204a24                __SEG_START_ISR_isr_button_start_STACK_RGN = .
 *(.ISR_isr_button_startStack)
 .ISR_isr_button_startStack
                0x00204a24      0x1f4 build/obj/tpl_app_config.c.o
                0x00204a24                isr_button_start_stack_zone
                0x00204c1f                __SEG_END_ISR_isr_button_start_STACK_RGN = (ALIGN (0x10) - 0x1)
                0x00204c18                __SEG_START_ISR_isr_button_stop_STACK_RGN = .
 *(.ISR_isr_button_stopStack)
 .ISR_isr_button_stopStack
                0x00204c18      0x1f4 build/obj/tpl_app_config.c.o
                0x00204c18                isr_button_stop_stack_zone
                0x00204e0f                __SEG_END_ISR_isr_button_stop_STACK_RGN = (ALIGN (0x10) - 0x1)

appvars         0x00204e0c        0x0
                0x00204e0c                . = ALIGN (0x4)

text_garbage    0x00204e0c     0x4554
 *(.text*)
 .text.startup.main
                0x00204e0c       0x18 build/obj/nxtSegway.c.o
                0x00204e0c                main
 .text.estimateur
                0x00204e24       0x5c build/obj/nxtSegway.c.o
                0x00204e24                estimateur
 .text.controleur
                0x00204e80       0x5c build/obj/nxtSegway.c.o
                0x00204e80                controleur
 .text.pendule_function
                0x00204edc      0x1f0 build/obj/nxtSegway.c.o
                0x00204edc                pendule_function
 .text.affichage_function
                0x002050cc      0x138 build/obj/nxtSegway.c.o
                0x002050cc                affichage_function
 .text.obstacle_function
                0x00205204       0x60 build/obj/nxtSegway.c.o
                0x00205204                obstacle_function
 .text.isr_button_start_function
                0x00205264       0x18 build/obj/nxtSegway.c.o
                0x00205264                isr_button_start_function
 .text.isr_button_stop_function
                0x0020527c       0x14 build/obj/nxtSegway.c.o
                0x0020527c                isr_button_stop_function
 .text.isr_button_left_function
                0x00205290       0x18 build/obj/nxtSegway.c.o
                0x00205290                isr_button_left_function
 .text.isr_button_right_function
                0x002052a8       0x18 build/obj/nxtSegway.c.o
                0x002052a8                isr_button_right_function
 .text.init_time
                0x002052c0       0x10 build/obj/tools.c.o
                0x002052c0                init_time
 .text.delta_t  0x002052d0       0x38 build/obj/tools.c.o
                0x002052d0                delta_t
 .text.getGyro  0x00205308       0x3c build/obj/tools.c.o
                0x00205308                getGyro
 .text.getMotorAngle
                0x00205344       0x68 build/obj/tools.c.o
                0x00205344                getMotorAngle
 .text.calculatePWM
                0x002053ac       0x94 build/obj/tools.c.o
                0x002053ac                calculatePWM
 .text.getMotorDiff
                0x00205440       0x60 build/obj/tools.c.o
                0x00205440                getMotorDiff
 .text.syncMotor
                0x002054a0       0xb4 build/obj/tools.c.o
                0x002054a0                syncMotor
 .text.nxt_motors_set_command
                0x00205554       0xcc build/obj/tools.c.o
                0x00205554                nxt_motors_set_command
 .text.disp     0x00205620       0x3c build/obj/tools.c.o
                0x00205620                disp
 .text.exception_catch_display
                0x0020565c       0xe0 build/obj/nxt_exception_catch.c.o
                0x0020565c                exception_catch_display
 .text          0x0020573c       0x68 build/obj/interrupts.s.o
                0x0020573c                interrupts_get_and_disable
                0x00205760                interrupts_enable
                0x00205770                fiq_get_and_disable
                0x00205794                fiq_enable
 .text.getDistance
                0x002057a4       0x28 build/obj/ecrobot_interface.c.o
 .text.ecrobot_set_motor_rev
                0x002057cc       0x10 build/obj/ecrobot_interface.c.o
                0x002057cc                ecrobot_set_motor_rev
 .text.ecrobot_init_i2c
                0x002057dc       0x30 build/obj/ecrobot_interface.c.o
                0x002057dc                ecrobot_init_i2c
 .text.ecrobot_init_sonar_sensor
                0x0020580c        0x8 build/obj/ecrobot_interface.c.o
                0x0020580c                ecrobot_init_sonar_sensor
 .text.ecrobot_get_sonar_sensor
                0x00205814       0x60 build/obj/ecrobot_interface.c.o
                0x00205814                ecrobot_get_sonar_sensor
 .text.ecrobot_get_battery_voltage
                0x00205874       0x10 build/obj/ecrobot_interface.c.o
                0x00205874                ecrobot_get_battery_voltage
 .text.ecrobot_get_systick_ms
                0x00205884       0x10 build/obj/ecrobot_interface.c.o
                0x00205884                ecrobot_get_systick_ms
 .text.ecrobot_get_button_state
                0x00205894       0x10 build/obj/ecrobot_interface.c.o
                0x00205894                ecrobot_get_button_state
 .text.ecrobot_poll_nxtstate
                0x002058a4       0x8c build/obj/ecrobot_interface.c.o
                0x002058a4                ecrobot_poll_nxtstate
 .text.ecrobot_status_monitor
                0x00205930      0x19c build/obj/ecrobot_interface.c.o
                0x00205930                ecrobot_status_monitor
 .text.ecrobot_sound_tone
                0x00205acc       0x14 build/obj/ecrobot_interface.c.o
                0x00205acc                ecrobot_sound_tone
 .text.send_bt_command
                0x00205ae0       0x68 build/obj/ecrobot_bluetooth.c.o
 .text.ecrobot_get_bt_status
                0x00205b48       0x10 build/obj/ecrobot_bluetooth.c.o
                0x00205b48                ecrobot_get_bt_status
 .text.ecrobot_term_bt_connection
                0x00205b58       0x68 build/obj/ecrobot_bluetooth.c.o
                0x00205b58                ecrobot_term_bt_connection
 .text.ecrobot_get_gyro_sensor
                0x00205bc0       0x18 build/obj/ecrobot_HiTechnic.c.o
                0x00205bc0                ecrobot_get_gyro_sensor
 .text.nxt_device_init
                0x00205bd8       0x38 build/obj/flash_loader.c.o
                0x00205bd8                nxt_device_init
 .text.aic_initialise
                0x00205c10       0x74 build/obj/aic.c.o
                0x00205c10                aic_initialise
 .text.aic_set_vector
                0x00205c84       0x3c build/obj/aic.c.o
                0x00205c84                aic_set_vector
 .text.aic_mask_on
                0x00205cc0       0x2c build/obj/aic.c.o
                0x00205cc0                aic_mask_on
 .text.aic_mask_off
                0x00205cec       0x2c build/obj/aic.c.o
                0x00205cec                aic_mask_off
 .text.aic_clear
                0x00205d18       0x2c build/obj/aic.c.o
                0x00205d18                aic_clear
 .text.nxt_avr_power_down
                0x00205d44       0x1c build/obj/nxt_avr.c.o
                0x00205d44                nxt_avr_power_down
 .text.nxt_avr_link_init
                0x00205d60       0x2c build/obj/nxt_avr.c.o
                0x00205d60                nxt_avr_link_init
 .text.nxt_avr_init
                0x00205d8c       0x9c build/obj/nxt_avr.c.o
                0x00205d8c                nxt_avr_init
 .text.nxt_avr_1kHz_update
                0x00205e28      0x2a0 build/obj/nxt_avr.c.o
                0x00205e28                nxt_avr_1kHz_update
 .text.buttons_get
                0x002060c8       0x10 build/obj/nxt_avr.c.o
                0x002060c8                buttons_get
 .text.battery_voltage
                0x002060d8       0x34 build/obj/nxt_avr.c.o
                0x002060d8                battery_voltage
 .text.sensor_adc
                0x0020610c       0x28 build/obj/nxt_avr.c.o
                0x0020610c                sensor_adc
 .text.nxt_avr_set_motor
                0x00206134       0x34 build/obj/nxt_avr.c.o
                0x00206134                nxt_avr_set_motor
 .text.nxt_avr_set_input_power
                0x00206168       0x4c build/obj/nxt_avr.c.o
                0x00206168                nxt_avr_set_input_power
 .text.i2c_timer_isr_C_function
                0x002061b4      0x3f8 build/obj/i2c.c.o
                0x002061b4                i2c_timer_isr_C_function
 .text.i2c_disable
                0x002065ac       0x34 build/obj/i2c.c.o
                0x002065ac                i2c_disable
 .text.i2c_enable
                0x002065e0       0x58 build/obj/i2c.c.o
                0x002065e0                i2c_enable
 .text.i2c_init
                0x00206638       0xcc build/obj/i2c.c.o
                0x00206638                i2c_init
 .text.i2c_busy
                0x00206704       0x34 build/obj/i2c.c.o
                0x00206704                i2c_busy
 .text.i2c_start_transaction
                0x00206738      0x188 build/obj/i2c.c.o
                0x00206738                i2c_start_transaction
 .text.systick_low_priority_C_function
                0x002068c0       0x20 build/obj/systick.c.o
                0x002068c0                systick_low_priority_C_function
 .text.systick_isr_C_function
                0x002068e0       0x28 build/obj/systick.c.o
                0x002068e0                systick_isr_C_function
 .text.systick_get_ms
                0x00206908       0x10 build/obj/systick.c.o
                0x00206908                systick_get_ms
 .text.systick_wait_ms
                0x00206918       0x30 build/obj/systick.c.o
                0x00206918                systick_wait_ms
 .text.systick_wait_ns
                0x00206948       0x30 build/obj/systick.c.o
                0x00206948                systick_wait_ns
 .text.systick_init
                0x00206978       0x70 build/obj/systick.c.o
                0x00206978                systick_init
 .text.nxt_motor_get_count
                0x002069e8       0x18 build/obj/nxt_motors.c.o
                0x002069e8                nxt_motor_get_count
 .text.nxt_motor_set_count
                0x00206a00       0x14 build/obj/nxt_motors.c.o
                0x00206a00                nxt_motor_set_count
 .text.nxt_motor_set_speed
                0x00206a14       0x40 build/obj/nxt_motors.c.o
                0x00206a14                nxt_motor_set_speed
 .text.nxt_motor_1kHz_process
                0x00206a54       0x34 build/obj/nxt_motors.c.o
                0x00206a54                nxt_motor_1kHz_process
 .text.nxt_motor_quad_decode
                0x00206a88       0x70 build/obj/nxt_motors.c.o
                0x00206a88                nxt_motor_quad_decode
 .text.nxt_motor_isr_C_function
                0x00206af8       0x9c build/obj/nxt_motors.c.o
                0x00206af8                nxt_motor_isr_C_function
 .text.nxt_motor_init
                0x00206b94       0x74 build/obj/nxt_motors.c.o
                0x00206b94                nxt_motor_init
 .text.bt_isr_C_function
                0x00206c08      0x110 build/obj/bt.c.o
                0x00206c08                bt_isr_C_function
 .text.bt_init  0x00206d18      0x150 build/obj/bt.c.o
                0x00206d18                bt_init
 .text.bt_send  0x00206e68       0x60 build/obj/bt.c.o
                0x00206e68                bt_send
 .text.bt_clear_arm7_cmd
                0x00206ec8       0x10 build/obj/bt.c.o
                0x00206ec8                bt_clear_arm7_cmd
 .text.display_update
                0x00206ed8       0x20 build/obj/display.c.o
                0x00206ed8                display_update
 .text.display_force_update
                0x00206ef8       0x10 build/obj/display.c.o
                0x00206ef8                display_force_update
 .text.display_clear
                0x00206f08       0x30 build/obj/display.c.o
                0x00206f08                display_clear
 .text.display_goto_xy
                0x00206f38       0x1c build/obj/display.c.o
                0x00206f38                display_goto_xy
 .text.display_char
                0x00206f54       0x70 build/obj/display.c.o
                0x00206f54                display_char
 .text.display_string
                0x00206fc4       0x68 build/obj/display.c.o
                0x00206fc4                display_string
 .text.display_unsigned_worker
                0x0020702c       0xb0 build/obj/display.c.o
 .text.display_hex
                0x002070dc       0x70 build/obj/display.c.o
                0x002070dc                display_hex
 .text.display_unsigned
                0x0020714c        0x8 build/obj/display.c.o
                0x0020714c                display_unsigned
 .text.display_int
                0x00207154       0x14 build/obj/display.c.o
                0x00207154                display_int
 .text.display_init
                0x00207168       0x4c build/obj/display.c.o
                0x00207168                display_init
 .text.unset_digi0
                0x002071b4       0x60 build/obj/sensors.c.o
                0x002071b4                unset_digi0
 .text.unset_digi1
                0x00207214       0x60 build/obj/sensors.c.o
                0x00207214                unset_digi1
 .text.init_sensors
                0x00207274       0x6c build/obj/sensors.c.o
                0x00207274                init_sensors
 .text.twi_status
                0x002072e0       0x2c build/obj/twi.c.o
                0x002072e0                twi_status
 .text.twi_isr_C_function
                0x0020730c      0x120 build/obj/twi.c.o
                0x0020730c                twi_isr_C_function
 .text.twi_reset
                0x0020742c       0xc0 build/obj/twi.c.o
                0x0020742c                twi_reset
 .text.twi_init
                0x002074ec       0x64 build/obj/twi.c.o
                0x002074ec                twi_init
 .text.twi_start_read
                0x00207550       0x70 build/obj/twi.c.o
                0x00207550                twi_start_read
 .text.twi_start_write
                0x002075c0       0x70 build/obj/twi.c.o
                0x002075c0                twi_start_write
 .text.nxt_lcd_command
                0x00207630       0x24 build/obj/nxt_lcd.c.o
                0x00207630                nxt_lcd_command
 .text.nxt_lcd_set_col
                0x00207654       0x24 build/obj/nxt_lcd.c.o
                0x00207654                nxt_lcd_set_col
 .text.nxt_lcd_set_page_address
                0x00207678        0xc build/obj/nxt_lcd.c.o
                0x00207678                nxt_lcd_set_page_address
 .text.nxt_lcd_set_pot
                0x00207684       0x1c build/obj/nxt_lcd.c.o
                0x00207684                nxt_lcd_set_pot
 .text.nxt_lcd_reset
                0x002076a0        0x8 build/obj/nxt_lcd.c.o
                0x002076a0                nxt_lcd_reset
 .text.nxt_lcd_force_update
                0x002076a8       0x50 build/obj/nxt_lcd.c.o
                0x002076a8                nxt_lcd_force_update
 .text.nxt_lcd_update
                0x002076f8       0x10 build/obj/nxt_lcd.c.o
                0x002076f8                nxt_lcd_update
 .text.nxt_lcd_power_up
                0x00207708       0x5c build/obj/nxt_lcd.c.o
                0x00207708                nxt_lcd_power_up
 .text.nxt_lcd_power_down
                0x00207764        0x4 build/obj/nxt_lcd.c.o
                0x00207764                nxt_lcd_power_down
 .text.nxt_lcd_init
                0x00207768       0x1c build/obj/nxt_lcd.c.o
                0x00207768                nxt_lcd_init
 .text.spi_set_mode
                0x00207784       0x40 build/obj/nxt_spi.c.o
 .text.spi_isr_C_function
                0x002077c4       0x94 build/obj/nxt_spi.c.o
                0x002077c4                spi_isr_C_function
 .text.nxt_spi_init
                0x00207858      0x148 build/obj/nxt_spi.c.o
                0x00207858                nxt_spi_init
 .text.nxt_spi_write
                0x002079a0       0x58 build/obj/nxt_spi.c.o
                0x002079a0                nxt_spi_write
 .text.nxt_spi_set_display
                0x002079f8       0x18 build/obj/nxt_spi.c.o
                0x002079f8                nxt_spi_set_display
 .text.nxt_spi_refresh
                0x00207a10       0x30 build/obj/nxt_spi.c.o
                0x00207a10                nxt_spi_refresh
 .text.set_vol  0x00207a40       0xd8 build/obj/sound.c.o
 .text.sound_interrupt_enable
                0x00207b18       0x24 build/obj/sound.c.o
                0x00207b18                sound_interrupt_enable
 .text.sound_interrupt_disable
                0x00207b3c       0x20 build/obj/sound.c.o
                0x00207b3c                sound_interrupt_disable
 .text.sound_freq_vol
                0x00207b5c      0x1dc build/obj/sound.c.o
                0x00207b5c                sound_freq_vol
 .text.InitButtons
                0x00207d38       0x40 build/obj/buttons.c.o
                0x00207d38                InitButtons
 .text.check_buttons_status_function
                0x00207d78       0x70 build/obj/buttons.c.o
                0x00207d78                check_buttons_status_function
 .text          0x00207de8      0x114 /mnt/n7fs/nxt/gcc-arm-none-eabi-4_9-2015q3//lib/gcc/arm-none-eabi/4.9.3//libgcc.a(_udivsi3.o)
                0x00207de8                __udivsi3
                0x00207de8                __aeabi_uidiv
                0x00207edc                __aeabi_uidivmod
 .text          0x00207efc      0x148 /mnt/n7fs/nxt/gcc-arm-none-eabi-4_9-2015q3//lib/gcc/arm-none-eabi/4.9.3//libgcc.a(_divsi3.o)
                0x00207efc                __aeabi_idiv
                0x00207efc                __divsi3
                0x00208024                __aeabi_idivmod
 .text          0x00208044        0x4 /mnt/n7fs/nxt/gcc-arm-none-eabi-4_9-2015q3//lib/gcc/arm-none-eabi/4.9.3//libgcc.a(_dvmd_tls.o)
                0x00208044                __aeabi_ldiv0
                0x00208044                __aeabi_idiv0
 .text          0x00208048      0x41c /mnt/n7fs/nxt/gcc-arm-none-eabi-4_9-2015q3//lib/gcc/arm-none-eabi/4.9.3//libgcc.a(_arm_addsubdf3.o)
                0x00208048                __aeabi_drsub
                0x00208050                __aeabi_dsub
                0x00208050                __subdf3
                0x00208054                __adddf3
                0x00208054                __aeabi_dadd
                0x00208364                __aeabi_ui2d
                0x00208364                __floatunsidf
                0x00208388                __floatsidf
                0x00208388                __aeabi_i2d
                0x002083b0                __extendsfdf2
                0x002083b0                __aeabi_f2d
                0x002083f0                __aeabi_ul2d
                0x002083f0                __floatundidf
                0x00208404                __floatdidf
                0x00208404                __aeabi_l2d
 .text          0x00208464      0x49c /mnt/n7fs/nxt/gcc-arm-none-eabi-4_9-2015q3//lib/gcc/arm-none-eabi/4.9.3//libgcc.a(_arm_muldivdf3.o)
                0x00208464                __aeabi_dmul
                0x00208464                __muldf3
                0x002086f4                __aeabi_ddiv
                0x002086f4                __divdf3
 .text          0x00208900       0x5c /mnt/n7fs/nxt/gcc-arm-none-eabi-4_9-2015q3//lib/gcc/arm-none-eabi/4.9.3//libgcc.a(_arm_fixdfsi.o)
                0x00208900                __fixdfsi
                0x00208900                __aeabi_d2iz
 .text          0x0020895c       0xa0 /mnt/n7fs/nxt/gcc-arm-none-eabi-4_9-2015q3//lib/gcc/arm-none-eabi/4.9.3//libgcc.a(_arm_truncdfsf2.o)
                0x0020895c                __aeabi_d2f
                0x0020895c                __truncdfsf2
 .text          0x002089fc      0x2ac /mnt/n7fs/nxt/gcc-arm-none-eabi-4_9-2015q3//lib/gcc/arm-none-eabi/4.9.3//libgcc.a(_arm_addsubsf3.o)
                0x002089fc                __aeabi_frsub
                0x00208a04                __subsf3
                0x00208a04                __aeabi_fsub
                0x00208a08                __aeabi_fadd
                0x00208a08                __addsf3
                0x00208bc4                __aeabi_ui2f
                0x00208bc4                __floatunsisf
                0x00208bcc                __aeabi_i2f
                0x00208bcc                __floatsisf
                0x00208bec                __floatundisf
                0x00208bec                __aeabi_ul2f
                0x00208bfc                __floatdisf
                0x00208bfc                __aeabi_l2f
 .text          0x00208ca8      0x2f8 /mnt/n7fs/nxt/gcc-arm-none-eabi-4_9-2015q3//lib/gcc/arm-none-eabi/4.9.3//libgcc.a(_arm_muldivsf3.o)
                0x00208ca8                __mulsf3
                0x00208ca8                __aeabi_fmul
                0x00208e40                __divsf3
                0x00208e40                __aeabi_fdiv
 .text          0x00208fa0      0x114 /mnt/n7fs/nxt/gcc-arm-none-eabi-4_9-2015q3//lib/gcc/arm-none-eabi/4.9.3//libgcc.a(_arm_cmpsf2.o)
                0x00208fa0                __gtsf2
                0x00208fa0                __gesf2
                0x00208fa8                __lesf2
                0x00208fa8                __ltsf2
                0x00208fb0                __nesf2
                0x00208fb0                __eqsf2
                0x00208fb0                __cmpsf2
                0x00209014                __aeabi_cfrcmple
                0x00209024                __aeabi_cfcmple
                0x00209024                __aeabi_cfcmpeq
                0x0020903c                __aeabi_fcmpeq
                0x00209054                __aeabi_fcmplt
                0x0020906c                __aeabi_fcmple
                0x00209084                __aeabi_fcmpge
                0x0020909c                __aeabi_fcmpgt
 .text          0x002090b4       0x5c /mnt/n7fs/nxt/gcc-arm-none-eabi-4_9-2015q3//lib/gcc/arm-none-eabi/4.9.3//libgcc.a(_arm_fixsfsi.o)
                0x002090b4                __fixsfsi
                0x002090b4                __aeabi_f2iz
 .text.memcpy   0x00209110       0xf0 /mnt/n7fs/nxt/gcc-arm-none-eabi-4_9-2015q3//arm-none-eabi/lib/libc.a(lib_a-memcpy.o)
                0x00209110                memcpy
 .text.memset   0x00209200       0xf4 /mnt/n7fs/nxt/gcc-arm-none-eabi-4_9-2015q3//arm-none-eabi/lib/libc.a(lib_a-memset.o)
                0x00209200                memset
 .text.strlen   0x002092f4       0x60 /mnt/n7fs/nxt/gcc-arm-none-eabi-4_9-2015q3//arm-none-eabi/lib/libc.a(lib_a-strlen.o)
                0x002092f4                strlen
                0x00209360                . = ALIGN (0x10)
 *fill*         0x00209354        0xc 
                0x00200080                __ramtext_ram_start__ = ADDR (ostext)
                0x00209360                __ramtext_ram_end__ = (ADDR (text_garbage) + SIZEOF (text_garbage))
                0x00200080                __ramtext_load_start__ = LOADADDR (ostext)
                0x00209354                __ramtext_load_end__ = ((((((((((__ramtext_load_start__ + SIZEOF (ostext)) + SIZEOF (osconst)) + SIZEOF (osvars)) + SIZEOF (apptext)) + SIZEOF (appconst)) + SIZEOF (procconst)) + SIZEOF (procvars)) + SIZEOF (procstack)) + SIZEOF (appvars)) + SIZEOF (text_garbage))

.data           0x00209360      0x530
 *(*.data *.data.*)
 .data.K        0x00209360       0x10 build/obj/nxtSegway.c.o
                0x00209360                K
 .bss.data.5463
                0x00209370        0x4 build/obj/ecrobot_interface.c.o
 .data.distance_state
                0x00209374       0x10 build/obj/ecrobot_interface.c.o
 .data.deviceStatus
                0x00209384        0x1 build/obj/ecrobot_interface.c.o
 .data.bt_status
                0x00209385        0x1 build/obj/ecrobot_bluetooth.c.o
 *fill*         0x00209386        0x2 
 .data.display_auto_update
                0x00209388        0x4 build/obj/display.c.o
                0x00209388                display_auto_update
 .bss.data      0x0020938c        0x4 build/obj/nxt_spi.c.o
                0x0020938c                data
 .data.mode     0x00209390        0x1 build/obj/nxt_spi.c.o
                0x00209390                mode
 *fill*         0x00209391        0x3 
 .data.isr_button_right_isr_helper
                0x00209394        0xc build/obj/tpl_app_config.c.o
                0x00209394                isr_button_right_isr_helper
 .data.isr_button_start_isr_helper
                0x002093a0        0xc build/obj/tpl_app_config.c.o
                0x002093a0                isr_button_start_isr_helper
 .data.isr_button_left_isr_helper
                0x002093ac        0xc build/obj/tpl_app_config.c.o
                0x002093ac                isr_button_left_isr_helper
 .data.isr_button_stop_isr_helper
                0x002093b8        0xc build/obj/tpl_app_config.c.o
                0x002093b8                isr_button_stop_isr_helper
 *(.rodata)
 .rodata        0x002093c4       0x20 build/obj/sensors.c.o
 *(.rodata*)
 .rodata.str1.1
                0x002093e4       0x68 build/obj/nxtSegway.c.o
 .rodata.str1.1
                0x0020944c       0x54 build/obj/nxt_exception_catch.c.o
 .rodata.str1.1
                0x002094a0       0x6d build/obj/ecrobot_interface.c.o
 .rodata.avr_brainwash_string
                0x0020950d       0x30 build/obj/nxt_avr.c.o
                0x0020950d                avr_brainwash_string
 *fill*         0x0020953d        0x3 
 .rodata.i2c_pin
                0x00209540       0x20 build/obj/i2c.c.o
 .rodata.str1.1
                0x00209560       0x67 build/obj/display.c.o
 .rodata.font   0x002095c7      0x280 build/obj/display.c.o
 .rodata.sine   0x00209847       0x10 build/obj/sound.c.o
                0x00209847                sine
 .rodata.logvol
                0x00209857        0xc build/obj/sound.c.o
                0x00209857                logvol
 .rodata.str1.1
                0x00209863       0x2b build/obj/tpl_app_config.c.o
                                 0x5d (size before relaxing)
                0x00209890                . = ALIGN (0x10)
 *fill*         0x0020988e        0x2 

.igot.plt       0x00209890        0x0
 .igot.plt      0x00000000        0x0 build/obj/nxtSegway.c.o

.bss            0x00209890      0x915
 *(.bss)
 *(.bss*)
 .bss.ue        0x00209890        0x4 build/obj/nxtSegway.c.o
                0x00209890                ue
 .bss.xe        0x00209894       0x10 build/obj/nxtSegway.c.o
                0x00209894                xe
 .bss.nxtSegway_mode
                0x002098a4        0x1 build/obj/nxtSegway.c.o
                0x002098a4                nxtSegway_mode
 *fill*         0x002098a5        0x3 
 .bss.previous_time
                0x002098a8        0x4 build/obj/tools.c.o
                0x002098a8                previous_time
 .bss.tpl_it_nesting.5301
                0x002098ac        0x4 build/obj/tpl_os_it_kernel.c.o
 .bss.tpl_counters_enabled
                0x002098b0        0x1 build/obj/tpl_os_timeobj_kernel.c.o
 *fill*         0x002098b1        0x3 
 .bss.saved_psr
                0x002098b4        0x4 build/obj/nxt_exception_catch.c.o
                0x002098b4                saved_psr
 .bss.exception_catch_id
                0x002098b8        0x4 build/obj/nxt_exception_catch.c.o
                0x002098b8                exception_catch_id
 .bss.exception_catch_pc
                0x002098bc        0x4 build/obj/nxt_exception_catch.c.o
                0x002098bc                exception_catch_pc
 .bss.ecrobot_inputs
                0x002098c0        0x8 build/obj/ecrobot_interface.c.o
 .bss.buttons_states
                0x002098c8       0x14 build/obj/ecrobot_interface.c.o
 .bss.buttons_i
                0x002098dc        0x4 build/obj/ecrobot_interface.c.o
 .bss.handle    0x002098e0        0x1 build/obj/ecrobot_bluetooth.c.o
 .bss.sendBuf   0x002098e1       0xfe build/obj/ecrobot_bluetooth.c.o
 *fill*         0x002099df        0x1 
 .bss.update_count
                0x002099e0        0x4 build/obj/nxt_avr.c.o
 .bss.debounce_state
                0x002099e4        0x2 build/obj/nxt_avr.c.o
 .bss.button_state
                0x002099e6        0x2 build/obj/nxt_avr.c.o
 .bss.from_buf  0x002099e8        0x4 build/obj/nxt_avr.c.o
 .bss.io_from_avr
                0x002099ec        0x4 build/obj/nxt_avr.c.o
 .bss.data_from_avr
                0x002099f0       0x1a build/obj/nxt_avr.c.o
 .bss.debounce_cnt
                0x00209a0a        0x2 build/obj/nxt_avr.c.o
 .bss.nxt_avr_stats
                0x00209a0c       0x14 build/obj/nxt_avr.c.o
 .bss.link_state
                0x00209a20        0x4 build/obj/nxt_avr.c.o
 .bss.io_to_avr
                0x00209a24        0x8 build/obj/nxt_avr.c.o
 .bss.prev_buttons
                0x00209a2c        0x2 build/obj/nxt_avr.c.o
 .bss.data_to_avr
                0x00209a2e        0x9 build/obj/nxt_avr.c.o
 *fill*         0x00209a37        0x1 
 .bss.i2c_port  0x00209a38      0x170 build/obj/i2c.c.o
 .bss.i2c_int_count
                0x00209ba8        0x4 build/obj/i2c.c.o
 .bss.systick_ms
                0x00209bac        0x4 build/obj/systick.c.o
 .bss.motor     0x00209bb0       0x30 build/obj/nxt_motors.c.o
 .bss.nxt_motor_initialised
                0x00209be0        0x4 build/obj/nxt_motors.c.o
 .bss.interrupts_this_period
                0x00209be4        0x4 build/obj/nxt_motors.c.o
 .bss.bt_state  0x00209be8        0x1 build/obj/bt.c.o
                0x00209be8                bt_state
 .bss.out_buf_ptr
                0x00209be9        0x1 build/obj/bt.c.o
 .bss.out_buf   0x00209bea      0x200 build/obj/bt.c.o
 *fill*         0x00209dea        0x2 
 .bss.buf_ptr   0x00209dec        0x4 build/obj/bt.c.o
 .bss.bt_frame_received
                0x00209df0        0x1 build/obj/bt.c.o
                0x00209df0                bt_frame_received
 *fill*         0x00209df1        0x1 
 .bss.bt_length
                0x00209df2        0x2 build/obj/bt.c.o
                0x00209df2                bt_length
 .bss.in_buf_in_ptr
                0x00209df4        0x1 build/obj/bt.c.o
 *fill*         0x00209df5        0x3 
 .bss.in_buf_idx
                0x00209df8        0x4 build/obj/bt.c.o
 .bss.display_array
                0x00209dfc      0x388 build/obj/display.c.o
 .bss.display_tick
                0x0020a184        0x4 build/obj/display.c.o
                0x0020a184                display_tick
 .bss.twi_state
                0x0020a188        0x1 build/obj/twi.c.o
 *fill*         0x0020a189        0x3 
 .bss.twi_ptr   0x0020a18c        0x4 build/obj/twi.c.o
 .bss.twi_pending
                0x0020a190        0x4 build/obj/twi.c.o
 .bss.twi_mask  0x0020a194        0x4 build/obj/twi.c.o
 .bss.display   0x0020a198        0x4 build/obj/nxt_lcd.c.o
 .bss.dirty     0x0020a19c        0x1 build/obj/nxt_spi.c.o
                0x0020a19c                dirty
 .bss.page      0x0020a19d        0x1 build/obj/nxt_spi.c.o
                0x0020a19d                page
 *fill*         0x0020a19e        0x2 
 .bss.display   0x0020a1a0        0x4 build/obj/nxt_spi.c.o
                0x0020a1a0                display
 .bss.sound_mode
                0x0020a1a4        0x1 build/obj/sound.c.o
                0x0020a1a4                sound_mode
                0x0020a1b0                . = ALIGN (0x10)

garbage         0x0020a1a8      0x4d4
 *(COMMON)
 COMMON         0x0020a1a8       0x30 build/obj/nxtSegway.c.o
                0x0020a1a8                x
                0x0020a1b8                avg_cnt
                0x0020a1bc                setpoint
                0x0020a1c0                gyro_offset_sum
                0x0020a1c4                gyro_offset
                0x0020a1c8                y
                0x0020a1d0                brake
                0x0020a1d4                u
 COMMON         0x0020a1d8      0x180 build/obj/bt.c.o
                0x0020a1d8                in_buf
                0x0020a2d8                bt_frame
 COMMON         0x0020a358        0x8 build/obj/display.c.o
                0x0020a358                display_x
                0x0020a35c                display_y
 COMMON         0x0020a360      0x31c build/obj/sound.c.o
                0x0020a360                sample
                0x00209360                __data_ram_start__ = ADDR (.data)
                0x0020a67c                __data_ram_end__ = (ADDR (garbage) + SIZEOF (garbage))
                0x00209360                __data_load_start__ = LOADADDR (.data)
                0x0020a679                __data_load_end__ = (((__data_load_start__ + SIZEOF (.data)) + SIZEOF (.bss)) + SIZEOF (garbage))

.comment        0x0020a67c       0x70
 *(.glue_7*)
 .glue_7        0x00000000        0x0 linker stubs
 .glue_7t       0x00000000        0x0 linker stubs
 *(.comment)
 .comment       0x0020a67c       0x70 build/obj/nxtSegway.c.o
                                 0x71 (size before relaxing)
 .comment       0x00000000       0x71 build/obj/tools.c.o
 .comment       0x00000000       0x71 build/obj/tpl_dispatch_table.c.o
 .comment       0x00000000       0x71 build/obj/tpl_os_alarm_kernel.c.o
 .comment       0x00000000       0x71 build/obj/tpl_os_event_kernel.c.o
 .comment       0x00000000       0x71 build/obj/tpl_os_it_kernel.c.o
 .comment       0x00000000       0x71 build/obj/tpl_os_rez_kernel.c.o
 .comment       0x00000000       0x71 build/obj/tpl_os_task_kernel.c.o
 .comment       0x00000000       0x71 build/obj/tpl_os_timeobj_kernel.c.o
 .comment       0x00000000       0x71 build/obj/tpl_os_kernel.c.o
 .comment       0x00000000       0x71 build/obj/tpl_os_action.c.o
 .comment       0x00000000       0x71 build/obj/tpl_os.c.o
 .comment       0x00000000       0x71 build/obj/tpl_machine_arm_generic.c.o
 .comment       0x00000000       0x71 build/obj/nxt_tpl_stubs.c.o
 .comment       0x00000000       0x71 build/obj/nxt_irq.c.o
 .comment       0x00000000       0x71 build/obj/nxt_exception_catch.c.o
 .comment       0x00000000       0x71 build/obj/ecrobot_interface.c.o
 .comment       0x00000000       0x71 build/obj/ecrobot_bluetooth.c.o
 .comment       0x00000000       0x71 build/obj/ecrobot_HiTechnic.c.o
 .comment       0x00000000       0x71 build/obj/flash_loader.c.o
 .comment       0x00000000       0x71 build/obj/aic.c.o
 .comment       0x00000000       0x71 build/obj/nxt_avr.c.o
 .comment       0x00000000       0x71 build/obj/i2c.c.o
 .comment       0x00000000       0x71 build/obj/systick.c.o
 .comment       0x00000000       0x71 build/obj/nxt_motors.c.o
 .comment       0x00000000       0x71 build/obj/bt.c.o
 .comment       0x00000000       0x71 build/obj/display.c.o
 .comment       0x00000000       0x71 build/obj/sensors.c.o
 .comment       0x00000000       0x71 build/obj/twi.c.o
 .comment       0x00000000       0x71 build/obj/nxt_lcd.c.o
 .comment       0x00000000       0x71 build/obj/nxt_spi.c.o
 .comment       0x00000000       0x71 build/obj/sound.c.o
 .comment       0x00000000       0x71 build/obj/buttons.c.o
 .comment       0x00000000       0x71 build/obj/tpl_app_config.c.o
OUTPUT(nxtSegway_exe elf32-littlearm)

.ARM.attributes
                0x00000000       0x2e
 .ARM.attributes
                0x00000000       0x30 build/obj/nxtSegway.c.o
 .ARM.attributes
                0x00000030       0x30 build/obj/tools.c.o
 .ARM.attributes
                0x00000060       0x30 build/obj/tpl_dispatch_table.c.o
 .ARM.attributes
                0x00000090       0x20 build/obj/tpl_invoque.S.o
 .ARM.attributes
                0x000000b0       0x30 build/obj/tpl_os_alarm_kernel.c.o
 .ARM.attributes
                0x000000e0       0x30 build/obj/tpl_os_event_kernel.c.o
 .ARM.attributes
                0x00000110       0x30 build/obj/tpl_os_it_kernel.c.o
 .ARM.attributes
                0x00000140       0x30 build/obj/tpl_os_rez_kernel.c.o
 .ARM.attributes
                0x00000170       0x30 build/obj/tpl_os_task_kernel.c.o
 .ARM.attributes
                0x000001a0       0x30 build/obj/tpl_os_timeobj_kernel.c.o
 .ARM.attributes
                0x000001d0       0x30 build/obj/tpl_os_kernel.c.o
 .ARM.attributes
                0x00000200       0x30 build/obj/tpl_os_action.c.o
 .ARM.attributes
                0x00000230       0x30 build/obj/tpl_os.c.o
 .ARM.attributes
                0x00000260       0x30 build/obj/tpl_machine_arm_generic.c.o
 .ARM.attributes
                0x00000290       0x20 build/obj/tpl_irq.S.o
 .ARM.attributes
                0x000002b0       0x20 build/obj/tpl_system_call.S.o
 .ARM.attributes
                0x000002d0       0x20 build/obj/tpl_stacks.S.o
 .ARM.attributes
                0x000002f0       0x20 build/obj/tpl_vector_table.s.o
 .ARM.attributes
                0x00000310       0x20 build/obj/nxt_tpl_sleep.S.o
 .ARM.attributes
                0x00000330       0x30 build/obj/nxt_tpl_stubs.c.o
 .ARM.attributes
                0x00000360       0x30 build/obj/nxt_irq.c.o
 .ARM.attributes
                0x00000390       0x20 build/obj/nxt_exception_catch.S.o
 .ARM.attributes
                0x000003b0       0x20 build/obj/nxt_bootstrap_stage1.S.o
 .ARM.attributes
                0x000003d0       0x30 build/obj/nxt_exception_catch.c.o
 .ARM.attributes
                0x00000400       0x20 build/obj/nxt_binary_header.s.o
 .ARM.attributes
                0x00000420       0x20 build/obj/nxt_entry_point.s.o
 .ARM.attributes
                0x00000440       0x20 build/obj/interrupts.s.o
 .ARM.attributes
                0x00000460       0x30 build/obj/ecrobot_interface.c.o
 .ARM.attributes
                0x00000490       0x30 build/obj/ecrobot_bluetooth.c.o
 .ARM.attributes
                0x000004c0       0x30 build/obj/ecrobot_HiTechnic.c.o
 .ARM.attributes
                0x000004f0       0x30 build/obj/flash_loader.c.o
 .ARM.attributes
                0x00000520       0x30 build/obj/aic.c.o
 .ARM.attributes
                0x00000550       0x30 build/obj/nxt_avr.c.o
 .ARM.attributes
                0x00000580       0x30 build/obj/i2c.c.o
 .ARM.attributes
                0x000005b0       0x30 build/obj/systick.c.o
 .ARM.attributes
                0x000005e0       0x30 build/obj/nxt_motors.c.o
 .ARM.attributes
                0x00000610       0x30 build/obj/bt.c.o
 .ARM.attributes
                0x00000640       0x30 build/obj/display.c.o
 .ARM.attributes
                0x00000670       0x30 build/obj/sensors.c.o
 .ARM.attributes
                0x000006a0       0x30 build/obj/twi.c.o
 .ARM.attributes
                0x000006d0       0x30 build/obj/nxt_lcd.c.o
 .ARM.attributes
                0x00000700       0x30 build/obj/nxt_spi.c.o
 .ARM.attributes
                0x00000730       0x30 build/obj/sound.c.o
 .ARM.attributes
                0x00000760       0x30 build/obj/buttons.c.o
 .ARM.attributes
                0x00000790       0x30 build/obj/tpl_app_config.c.o
 .ARM.attributes
                0x000007c0       0x18 /mnt/n7fs/nxt/gcc-arm-none-eabi-4_9-2015q3//lib/gcc/arm-none-eabi/4.9.3//libgcc.a(_udivsi3.o)
 .ARM.attributes
                0x000007d8       0x18 /mnt/n7fs/nxt/gcc-arm-none-eabi-4_9-2015q3//lib/gcc/arm-none-eabi/4.9.3//libgcc.a(_divsi3.o)
 .ARM.attributes
                0x000007f0       0x18 /mnt/n7fs/nxt/gcc-arm-none-eabi-4_9-2015q3//lib/gcc/arm-none-eabi/4.9.3//libgcc.a(_dvmd_tls.o)
 .ARM.attributes
                0x00000808       0x18 /mnt/n7fs/nxt/gcc-arm-none-eabi-4_9-2015q3//lib/gcc/arm-none-eabi/4.9.3//libgcc.a(_arm_addsubdf3.o)
 .ARM.attributes
                0x00000820       0x18 /mnt/n7fs/nxt/gcc-arm-none-eabi-4_9-2015q3//lib/gcc/arm-none-eabi/4.9.3//libgcc.a(_arm_muldivdf3.o)
 .ARM.attributes
                0x00000838       0x18 /mnt/n7fs/nxt/gcc-arm-none-eabi-4_9-2015q3//lib/gcc/arm-none-eabi/4.9.3//libgcc.a(_arm_fixdfsi.o)
 .ARM.attributes
                0x00000850       0x18 /mnt/n7fs/nxt/gcc-arm-none-eabi-4_9-2015q3//lib/gcc/arm-none-eabi/4.9.3//libgcc.a(_arm_truncdfsf2.o)
 .ARM.attributes
                0x00000868       0x18 /mnt/n7fs/nxt/gcc-arm-none-eabi-4_9-2015q3//lib/gcc/arm-none-eabi/4.9.3//libgcc.a(_arm_addsubsf3.o)
 .ARM.attributes
                0x00000880       0x18 /mnt/n7fs/nxt/gcc-arm-none-eabi-4_9-2015q3//lib/gcc/arm-none-eabi/4.9.3//libgcc.a(_arm_muldivsf3.o)
 .ARM.attributes
                0x00000898       0x18 /mnt/n7fs/nxt/gcc-arm-none-eabi-4_9-2015q3//lib/gcc/arm-none-eabi/4.9.3//libgcc.a(_arm_cmpsf2.o)
 .ARM.attributes
                0x000008b0       0x18 /mnt/n7fs/nxt/gcc-arm-none-eabi-4_9-2015q3//lib/gcc/arm-none-eabi/4.9.3//libgcc.a(_arm_fixsfsi.o)
 .ARM.attributes
                0x000008c8       0x30 /mnt/n7fs/nxt/gcc-arm-none-eabi-4_9-2015q3//arm-none-eabi/lib/libc.a(lib_a-memcpy.o)
 .ARM.attributes
                0x000008f8       0x30 /mnt/n7fs/nxt/gcc-arm-none-eabi-4_9-2015q3//arm-none-eabi/lib/libc.a(lib_a-memset.o)
 .ARM.attributes
                0x00000928       0x30 /mnt/n7fs/nxt/gcc-arm-none-eabi-4_9-2015q3//arm-none-eabi/lib/libc.a(lib_a-strlen.o)

.vfp11_veneer   0x0020a6ec        0x0 load address 0x00000958
 .vfp11_veneer  0x00000000        0x0 linker stubs

.v4_bx          0x0020a6ec        0x0 load address 0x00000958
 .v4_bx         0x00000000        0x0 linker stubs

.iplt           0x0020a6ec        0x0 load address 0x00000958
 .iplt          0x00000000        0x0 build/obj/nxtSegway.c.o

.rel.dyn        0x0020a6ec        0x0 load address 0x00000958
 .rel.iplt      0x00000000        0x0 build/obj/nxtSegway.c.o

.debug_info     0x00000000    0x1130b
 .debug_info    0x00000000      0xa8d build/obj/nxtSegway.c.o
 .debug_info    0x00000a8d      0x855 build/obj/tools.c.o
 .debug_info    0x000012e2      0x2bb build/obj/tpl_dispatch_table.c.o
 .debug_info    0x0000159d       0x9a build/obj/tpl_invoque.S.o
 .debug_info    0x00001637      0x803 build/obj/tpl_os_alarm_kernel.c.o
 .debug_info    0x00001e3a      0x6f3 build/obj/tpl_os_event_kernel.c.o
 .debug_info    0x0000252d      0x992 build/obj/tpl_os_it_kernel.c.o
 .debug_info    0x00002ebf      0x72c build/obj/tpl_os_rez_kernel.c.o
 .debug_info    0x000035eb      0x7eb build/obj/tpl_os_task_kernel.c.o
 .debug_info    0x00003dd6      0x639 build/obj/tpl_os_timeobj_kernel.c.o
 .debug_info    0x0000440f      0xe4b build/obj/tpl_os_kernel.c.o
 .debug_info    0x0000525a      0x4c4 build/obj/tpl_os_action.c.o
 .debug_info    0x0000571e      0x302 build/obj/tpl_os.c.o
 .debug_info    0x00005a20      0x68b build/obj/tpl_machine_arm_generic.c.o
 .debug_info    0x000060ab       0xb7 build/obj/tpl_irq.S.o
 .debug_info    0x00006162       0xbf build/obj/tpl_system_call.S.o
 .debug_info    0x00006221       0xc0 build/obj/tpl_vector_table.s.o
 .debug_info    0x000062e1       0xc1 build/obj/nxt_tpl_sleep.S.o
 .debug_info    0x000063a2      0x407 build/obj/nxt_tpl_stubs.c.o
 .debug_info    0x000067a9      0x37a build/obj/nxt_irq.c.o
 .debug_info    0x00006b23       0xc7 build/obj/nxt_exception_catch.S.o
 .debug_info    0x00006bea       0xc8 build/obj/nxt_bootstrap_stage1.S.o
 .debug_info    0x00006cb2      0x1dd build/obj/nxt_exception_catch.c.o
 .debug_info    0x00006e8f       0xc3 build/obj/nxt_entry_point.s.o
 .debug_info    0x00006f52       0xbe build/obj/interrupts.s.o
 .debug_info    0x00007010     0x202a build/obj/ecrobot_interface.c.o
 .debug_info    0x0000903a      0xdfd build/obj/ecrobot_bluetooth.c.o
 .debug_info    0x00009e37      0x988 build/obj/ecrobot_HiTechnic.c.o
 .debug_info    0x0000a7bf      0xa3f build/obj/flash_loader.c.o
 .debug_info    0x0000b1fe      0x945 build/obj/aic.c.o
 .debug_info    0x0000bb43      0x695 build/obj/nxt_avr.c.o
 .debug_info    0x0000c1d8      0x6ca build/obj/i2c.c.o
 .debug_info    0x0000c8a2      0x2ed build/obj/systick.c.o
 .debug_info    0x0000cb8f      0x3d0 build/obj/nxt_motors.c.o
 .debug_info    0x0000cf5f      0x851 build/obj/bt.c.o
 .debug_info    0x0000d7b0      0x9f3 build/obj/display.c.o
 .debug_info    0x0000e1a3      0x66c build/obj/sensors.c.o
 .debug_info    0x0000e80f      0x2f5 build/obj/twi.c.o
 .debug_info    0x0000eb04      0x807 build/obj/nxt_lcd.c.o
 .debug_info    0x0000f30b      0x2ea build/obj/nxt_spi.c.o
 .debug_info    0x0000f5f5      0x7c6 build/obj/sound.c.o
 .debug_info    0x0000fdbb      0x44b build/obj/buttons.c.o
 .debug_info    0x00010206     0x1105 build/obj/tpl_app_config.c.o

.debug_abbrev   0x00000000     0x47fe
 .debug_abbrev  0x00000000      0x25e build/obj/nxtSegway.c.o
 .debug_abbrev  0x0000025e      0x2bf build/obj/tools.c.o
 .debug_abbrev  0x0000051d       0xe8 build/obj/tpl_dispatch_table.c.o
 .debug_abbrev  0x00000605       0x14 build/obj/tpl_invoque.S.o
 .debug_abbrev  0x00000619      0x21e build/obj/tpl_os_alarm_kernel.c.o
 .debug_abbrev  0x00000837      0x198 build/obj/tpl_os_event_kernel.c.o
 .debug_abbrev  0x000009cf      0x31f build/obj/tpl_os_it_kernel.c.o
 .debug_abbrev  0x00000cee      0x1d0 build/obj/tpl_os_rez_kernel.c.o
 .debug_abbrev  0x00000ebe      0x24b build/obj/tpl_os_task_kernel.c.o
 .debug_abbrev  0x00001109      0x20c build/obj/tpl_os_timeobj_kernel.c.o
 .debug_abbrev  0x00001315      0x291 build/obj/tpl_os_kernel.c.o
 .debug_abbrev  0x000015a6      0x15e build/obj/tpl_os_action.c.o
 .debug_abbrev  0x00001704      0x143 build/obj/tpl_os.c.o
 .debug_abbrev  0x00001847      0x1c6 build/obj/tpl_machine_arm_generic.c.o
 .debug_abbrev  0x00001a0d       0x14 build/obj/tpl_irq.S.o
 .debug_abbrev  0x00001a21       0x14 build/obj/tpl_system_call.S.o
 .debug_abbrev  0x00001a35       0x14 build/obj/tpl_vector_table.s.o
 .debug_abbrev  0x00001a49       0x14 build/obj/nxt_tpl_sleep.S.o
 .debug_abbrev  0x00001a5d      0x152 build/obj/nxt_tpl_stubs.c.o
 .debug_abbrev  0x00001baf      0x155 build/obj/nxt_irq.c.o
 .debug_abbrev  0x00001d04       0x14 build/obj/nxt_exception_catch.S.o
 .debug_abbrev  0x00001d18       0x14 build/obj/nxt_bootstrap_stage1.S.o
 .debug_abbrev  0x00001d2c       0xbf build/obj/nxt_exception_catch.c.o
 .debug_abbrev  0x00001deb       0x14 build/obj/nxt_entry_point.s.o
 .debug_abbrev  0x00001dff       0x14 build/obj/interrupts.s.o
 .debug_abbrev  0x00001e13      0x405 build/obj/ecrobot_interface.c.o
 .debug_abbrev  0x00002218      0x3e8 build/obj/ecrobot_bluetooth.c.o
 .debug_abbrev  0x00002600      0x21e build/obj/ecrobot_HiTechnic.c.o
 .debug_abbrev  0x0000281e      0x268 build/obj/flash_loader.c.o
 .debug_abbrev  0x00002a86      0x11f build/obj/aic.c.o
 .debug_abbrev  0x00002ba5      0x26c build/obj/nxt_avr.c.o
 .debug_abbrev  0x00002e11      0x2a7 build/obj/i2c.c.o
 .debug_abbrev  0x000030b8      0x126 build/obj/systick.c.o
 .debug_abbrev  0x000031de      0x1b7 build/obj/nxt_motors.c.o
 .debug_abbrev  0x00003395      0x2fd build/obj/bt.c.o
 .debug_abbrev  0x00003692      0x387 build/obj/display.c.o
 .debug_abbrev  0x00003a19      0x1de build/obj/sensors.c.o
 .debug_abbrev  0x00003bf7      0x159 build/obj/twi.c.o
 .debug_abbrev  0x00003d50      0x1ba build/obj/nxt_lcd.c.o
 .debug_abbrev  0x00003f0a      0x1ab build/obj/nxt_spi.c.o
 .debug_abbrev  0x000040b5      0x359 build/obj/sound.c.o
 .debug_abbrev  0x0000440e      0x19e build/obj/buttons.c.o
 .debug_abbrev  0x000045ac      0x252 build/obj/tpl_app_config.c.o

.debug_loc      0x00000000     0x4d65
 .debug_loc     0x00000000      0x231 build/obj/nxtSegway.c.o
 .debug_loc     0x00000231      0x54a build/obj/tools.c.o
 .debug_loc     0x0000077b      0x364 build/obj/tpl_os_alarm_kernel.c.o
 .debug_loc     0x00000adf      0x126 build/obj/tpl_os_event_kernel.c.o
 .debug_loc     0x00000c05       0x89 build/obj/tpl_os_it_kernel.c.o
 .debug_loc     0x00000c8e       0xf3 build/obj/tpl_os_rez_kernel.c.o
 .debug_loc     0x00000d81      0x119 build/obj/tpl_os_task_kernel.c.o
 .debug_loc     0x00000e9a      0x197 build/obj/tpl_os_timeobj_kernel.c.o
 .debug_loc     0x00001031      0x356 build/obj/tpl_os_kernel.c.o
 .debug_loc     0x00001387       0xac build/obj/tpl_os_action.c.o
 .debug_loc     0x00001433       0x21 build/obj/tpl_os.c.o
 .debug_loc     0x00001454       0x55 build/obj/tpl_machine_arm_generic.c.o
 .debug_loc     0x000014a9       0x13 build/obj/nxt_irq.c.o
 .debug_loc     0x000014bc      0xdb9 build/obj/ecrobot_interface.c.o
 .debug_loc     0x00002275      0x58d build/obj/ecrobot_bluetooth.c.o
 .debug_loc     0x00002802      0x303 build/obj/ecrobot_HiTechnic.c.o
 .debug_loc     0x00002b05      0x203 build/obj/flash_loader.c.o
 .debug_loc     0x00002d08      0x173 build/obj/aic.c.o
 .debug_loc     0x00002e7b      0x237 build/obj/nxt_avr.c.o
 .debug_loc     0x000030b2      0x494 build/obj/i2c.c.o
 .debug_loc     0x00003546       0x60 build/obj/systick.c.o
 .debug_loc     0x000035a6      0x1d3 build/obj/nxt_motors.c.o
 .debug_loc     0x00003779      0x419 build/obj/bt.c.o
 .debug_loc     0x00003b92      0x50a build/obj/display.c.o
 .debug_loc     0x0000409c      0x168 build/obj/sensors.c.o
 .debug_loc     0x00004204      0x16b build/obj/twi.c.o
 .debug_loc     0x0000436f      0x2b2 build/obj/nxt_lcd.c.o
 .debug_loc     0x00004621       0xda build/obj/nxt_spi.c.o
 .debug_loc     0x000046fb      0x5e2 build/obj/sound.c.o
 .debug_loc     0x00004cdd       0x69 build/obj/buttons.c.o
 .debug_loc     0x00004d46       0x1f build/obj/tpl_app_config.c.o

.debug_aranges  0x00000000      0xde8
 .debug_aranges
                0x00000000       0x68 build/obj/nxtSegway.c.o
 .debug_aranges
                0x00000068       0x68 build/obj/tools.c.o
 .debug_aranges
                0x000000d0       0x18 build/obj/tpl_dispatch_table.c.o
 .debug_aranges
                0x000000e8       0x20 build/obj/tpl_invoque.S.o
 .debug_aranges
                0x00000108       0x48 build/obj/tpl_os_alarm_kernel.c.o
 .debug_aranges
                0x00000150       0x38 build/obj/tpl_os_event_kernel.c.o
 .debug_aranges
                0x00000188       0x80 build/obj/tpl_os_it_kernel.c.o
 .debug_aranges
                0x00000208       0x30 build/obj/tpl_os_rez_kernel.c.o
 .debug_aranges
                0x00000238       0x48 build/obj/tpl_os_task_kernel.c.o
 .debug_aranges
                0x00000280       0x38 build/obj/tpl_os_timeobj_kernel.c.o
 .debug_aranges
                0x000002b8       0xb0 build/obj/tpl_os_kernel.c.o
 .debug_aranges
                0x00000368       0x30 build/obj/tpl_os_action.c.o
 .debug_aranges
                0x00000398       0x20 build/obj/tpl_os.c.o
 .debug_aranges
                0x000003b8       0x50 build/obj/tpl_machine_arm_generic.c.o
 .debug_aranges
                0x00000408       0x20 build/obj/tpl_irq.S.o
 .debug_aranges
                0x00000428       0x20 build/obj/tpl_system_call.S.o
 .debug_aranges
                0x00000448       0x20 build/obj/tpl_vector_table.s.o
 .debug_aranges
                0x00000468       0x20 build/obj/nxt_tpl_sleep.S.o
 .debug_aranges
                0x00000488       0x28 build/obj/nxt_tpl_stubs.c.o
 .debug_aranges
                0x000004b0       0x28 build/obj/nxt_irq.c.o
 .debug_aranges
                0x000004d8       0x20 build/obj/nxt_exception_catch.S.o
 .debug_aranges
                0x000004f8       0x20 build/obj/nxt_bootstrap_stage1.S.o
 .debug_aranges
                0x00000518       0x20 build/obj/nxt_exception_catch.c.o
 .debug_aranges
                0x00000538       0x20 build/obj/nxt_entry_point.s.o
 .debug_aranges
                0x00000558       0x20 build/obj/interrupts.s.o
 .debug_aranges
                0x00000578      0x168 build/obj/ecrobot_interface.c.o
 .debug_aranges
                0x000006e0       0x90 build/obj/ecrobot_bluetooth.c.o
 .debug_aranges
                0x00000770       0x88 build/obj/ecrobot_HiTechnic.c.o
 .debug_aranges
                0x000007f8       0x50 build/obj/flash_loader.c.o
 .debug_aranges
                0x00000848       0x40 build/obj/aic.c.o
 .debug_aranges
                0x00000888       0x68 build/obj/nxt_avr.c.o
 .debug_aranges
                0x000008f0       0x48 build/obj/i2c.c.o
 .debug_aranges
                0x00000938       0x60 build/obj/systick.c.o
 .debug_aranges
                0x00000998       0x58 build/obj/nxt_motors.c.o
 .debug_aranges
                0x000009f0       0x88 build/obj/bt.c.o
 .debug_aranges
                0x00000a78       0x98 build/obj/display.c.o
 .debug_aranges
                0x00000b10       0x58 build/obj/sensors.c.o
 .debug_aranges
                0x00000b68       0x48 build/obj/twi.c.o
 .debug_aranges
                0x00000bb0       0xd0 build/obj/nxt_lcd.c.o
 .debug_aranges
                0x00000c80       0x48 build/obj/nxt_spi.c.o
 .debug_aranges
                0x00000cc8       0x78 build/obj/sound.c.o
 .debug_aranges
                0x00000d40       0x28 build/obj/buttons.c.o
 .debug_aranges
                0x00000d68       0x80 build/obj/tpl_app_config.c.o

.debug_ranges   0x00000000      0xd10
 .debug_ranges  0x00000000       0x70 build/obj/nxtSegway.c.o
 .debug_ranges  0x00000070       0x58 build/obj/tools.c.o
 .debug_ranges  0x000000c8       0x50 build/obj/tpl_os_alarm_kernel.c.o
 .debug_ranges  0x00000118       0x28 build/obj/tpl_os_event_kernel.c.o
 .debug_ranges  0x00000140       0x70 build/obj/tpl_os_it_kernel.c.o
 .debug_ranges  0x000001b0       0x20 build/obj/tpl_os_rez_kernel.c.o
 .debug_ranges  0x000001d0       0x38 build/obj/tpl_os_task_kernel.c.o
 .debug_ranges  0x00000208       0x28 build/obj/tpl_os_timeobj_kernel.c.o
 .debug_ranges  0x00000230       0xa0 build/obj/tpl_os_kernel.c.o
 .debug_ranges  0x000002d0       0x20 build/obj/tpl_os_action.c.o
 .debug_ranges  0x000002f0       0x10 build/obj/tpl_os.c.o
 .debug_ranges  0x00000300       0x40 build/obj/tpl_machine_arm_generic.c.o
 .debug_ranges  0x00000340       0x18 build/obj/nxt_tpl_stubs.c.o
 .debug_ranges  0x00000358       0x18 build/obj/nxt_irq.c.o
 .debug_ranges  0x00000370       0x10 build/obj/nxt_exception_catch.c.o
 .debug_ranges  0x00000380      0x1a8 build/obj/ecrobot_interface.c.o
 .debug_ranges  0x00000528       0xb0 build/obj/ecrobot_bluetooth.c.o
 .debug_ranges  0x000005d8       0x78 build/obj/ecrobot_HiTechnic.c.o
 .debug_ranges  0x00000650       0x40 build/obj/flash_loader.c.o
 .debug_ranges  0x00000690       0x30 build/obj/aic.c.o
 .debug_ranges  0x000006c0       0x70 build/obj/nxt_avr.c.o
 .debug_ranges  0x00000730       0x38 build/obj/i2c.c.o
 .debug_ranges  0x00000768       0x50 build/obj/systick.c.o
 .debug_ranges  0x000007b8       0x48 build/obj/nxt_motors.c.o
 .debug_ranges  0x00000800       0xc0 build/obj/bt.c.o
 .debug_ranges  0x000008c0      0x130 build/obj/display.c.o
 .debug_ranges  0x000009f0       0x48 build/obj/sensors.c.o
 .debug_ranges  0x00000a38       0x38 build/obj/twi.c.o
 .debug_ranges  0x00000a70       0xd8 build/obj/nxt_lcd.c.o
 .debug_ranges  0x00000b48       0x38 build/obj/nxt_spi.c.o
 .debug_ranges  0x00000b80      0x108 build/obj/sound.c.o
 .debug_ranges  0x00000c88       0x18 build/obj/buttons.c.o
 .debug_ranges  0x00000ca0       0x70 build/obj/tpl_app_config.c.o

.debug_line     0x00000000     0x698e
 .debug_line    0x00000000      0x3ee build/obj/nxtSegway.c.o
 .debug_line    0x000003ee      0x2ac build/obj/tools.c.o
 .debug_line    0x0000069a      0x18c build/obj/tpl_dispatch_table.c.o
 .debug_line    0x00000826       0x9a build/obj/tpl_invoque.S.o
 .debug_line    0x000008c0      0x322 build/obj/tpl_os_alarm_kernel.c.o
 .debug_line    0x00000be2      0x2be build/obj/tpl_os_event_kernel.c.o
 .debug_line    0x00000ea0      0x322 build/obj/tpl_os_it_kernel.c.o
 .debug_line    0x000011c2      0x2fc build/obj/tpl_os_rez_kernel.c.o
 .debug_line    0x000014be      0x2f0 build/obj/tpl_os_task_kernel.c.o
 .debug_line    0x000017ae      0x2af build/obj/tpl_os_timeobj_kernel.c.o
 .debug_line    0x00001a5d      0x487 build/obj/tpl_os_kernel.c.o
 .debug_line    0x00001ee4      0x24a build/obj/tpl_os_action.c.o
 .debug_line    0x0000212e      0x204 build/obj/tpl_os.c.o
 .debug_line    0x00002332      0x2c3 build/obj/tpl_machine_arm_generic.c.o
 .debug_line    0x000025f5       0xa0 build/obj/tpl_irq.S.o
 .debug_line    0x00002695       0xbc build/obj/tpl_system_call.S.o
 .debug_line    0x00002751       0x7c build/obj/tpl_vector_table.s.o
 .debug_line    0x000027cd       0x6e build/obj/nxt_tpl_sleep.S.o
 .debug_line    0x0000283b      0x2e5 build/obj/nxt_tpl_stubs.c.o
 .debug_line    0x00002b20      0x219 build/obj/nxt_irq.c.o
 .debug_line    0x00002d39       0x80 build/obj/nxt_exception_catch.S.o
 .debug_line    0x00002db9       0x8a build/obj/nxt_bootstrap_stage1.S.o
 .debug_line    0x00002e43       0xfd build/obj/nxt_exception_catch.c.o
 .debug_line    0x00002f40       0x7d build/obj/nxt_entry_point.s.o
 .debug_line    0x00002fbd       0x84 build/obj/interrupts.s.o
 .debug_line    0x00003041      0x750 build/obj/ecrobot_interface.c.o
 .debug_line    0x00003791      0x4f3 build/obj/ecrobot_bluetooth.c.o
 .debug_line    0x00003c84      0x345 build/obj/ecrobot_HiTechnic.c.o
 .debug_line    0x00003fc9      0x41c build/obj/flash_loader.c.o
 .debug_line    0x000043e5      0x147 build/obj/aic.c.o
 .debug_line    0x0000452c      0x274 build/obj/nxt_avr.c.o
 .debug_line    0x000047a0      0x326 build/obj/i2c.c.o
 .debug_line    0x00004ac6      0x1a6 build/obj/systick.c.o
 .debug_line    0x00004c6c      0x18e build/obj/nxt_motors.c.o
 .debug_line    0x00004dfa      0x589 build/obj/bt.c.o
 .debug_line    0x00005383      0x4ce build/obj/display.c.o
 .debug_line    0x00005851      0x252 build/obj/sensors.c.o
 .debug_line    0x00005aa3      0x18a build/obj/twi.c.o
 .debug_line    0x00005c2d      0x274 build/obj/nxt_lcd.c.o
 .debug_line    0x00005ea1      0x189 build/obj/nxt_spi.c.o
 .debug_line    0x0000602a      0x2b4 build/obj/sound.c.o
 .debug_line    0x000062de      0x2ae build/obj/buttons.c.o
 .debug_line    0x0000658c      0x402 build/obj/tpl_app_config.c.o

.debug_str      0x00000000     0x475d
 .debug_str     0x00000000      0x5b9 build/obj/nxtSegway.c.o
                                0x63a (size before relaxing)
 .debug_str     0x000005b9      0x126 build/obj/tools.c.o
                                0x535 (size before relaxing)
 .debug_str     0x000006df       0x42 build/obj/tpl_dispatch_table.c.o
                                0x33a (size before relaxing)
 .debug_str     0x00000721      0x2ec build/obj/tpl_os_alarm_kernel.c.o
                                0x646 (size before relaxing)
 .debug_str     0x00000a0d      0x27d build/obj/tpl_os_event_kernel.c.o
                                0x628 (size before relaxing)
 .debug_str     0x00000c8a      0x2d5 build/obj/tpl_os_it_kernel.c.o
                                0x85c (size before relaxing)
 .debug_str     0x00000f5f       0xec build/obj/tpl_os_rez_kernel.c.o
                                0x66f (size before relaxing)
 .debug_str     0x0000104b      0x114 build/obj/tpl_os_task_kernel.c.o
                                0x6cb (size before relaxing)
 .debug_str     0x0000115f       0xe5 build/obj/tpl_os_timeobj_kernel.c.o
                                0x530 (size before relaxing)
 .debug_str     0x00001244      0x264 build/obj/tpl_os_kernel.c.o
                                0xa93 (size before relaxing)
 .debug_str     0x000014a8      0x118 build/obj/tpl_os_action.c.o
                                0x4b7 (size before relaxing)
 .debug_str     0x000015c0       0x48 build/obj/tpl_os.c.o
                                0x36e (size before relaxing)
 .debug_str     0x00001608      0x246 build/obj/tpl_machine_arm_generic.c.o
                                0x720 (size before relaxing)
 .debug_str     0x0000184e       0xc2 build/obj/nxt_tpl_stubs.c.o
                                0x420 (size before relaxing)
 .debug_str     0x00001910       0xe4 build/obj/nxt_irq.c.o
                                0x3e8 (size before relaxing)
 .debug_str     0x000019f4       0xae build/obj/nxt_exception_catch.c.o
                                0x218 (size before relaxing)
 .debug_str     0x00001aa2      0x765 build/obj/ecrobot_interface.c.o
                                0xb8c (size before relaxing)
 .debug_str     0x00002207      0x27f build/obj/ecrobot_bluetooth.c.o
                                0x637 (size before relaxing)
 .debug_str     0x00002486      0x1be build/obj/ecrobot_HiTechnic.c.o
                                0x4bf (size before relaxing)
 .debug_str     0x00002644      0x21d build/obj/flash_loader.c.o
                                0x548 (size before relaxing)
 .debug_str     0x00002861      0x70c build/obj/aic.c.o